Archive member included to satisfy reference by file (symbol)

.\CortexM3\ARM_GCC_541\Debug\ACC_FIFO_while_empty.a(UART_1.o)
                              .\CortexM3\ARM_GCC_541\Debug\main.o (UART_1_Start)
.\CortexM3\ARM_GCC_541\Debug\ACC_FIFO_while_empty.a(I2C_Master.o)
                              .\CortexM3\ARM_GCC_541\Debug\I2C_Interface.o (I2C_Master_Start)
.\CortexM3\ARM_GCC_541\Debug\ACC_FIFO_while_empty.a(I2C_Master_INT.o)
                              .\CortexM3\ARM_GCC_541\Debug\ACC_FIFO_while_empty.a(I2C_Master.o) (I2C_Master_ISR)
.\CortexM3\ARM_GCC_541\Debug\ACC_FIFO_while_empty.a(I2C_Master_PM.o)
                              .\CortexM3\ARM_GCC_541\Debug\ACC_FIFO_while_empty.a(I2C_Master.o) (I2C_Master_backup)
.\CortexM3\ARM_GCC_541\Debug\ACC_FIFO_while_empty.a(I2C_Master_MASTER.o)
                              .\CortexM3\ARM_GCC_541\Debug\ACC_FIFO_while_empty.a(I2C_Master.o) (I2C_Master_mstrStatus)
.\CortexM3\ARM_GCC_541\Debug\ACC_FIFO_while_empty.a(UART_1_IntClock.o)
                              .\CortexM3\ARM_GCC_541\Debug\ACC_FIFO_while_empty.a(UART_1.o) (UART_1_IntClock_Start)
.\CortexM3\ARM_GCC_541\Debug\ACC_FIFO_while_empty.a(CyLib.o)
                              .\CortexM3\ARM_GCC_541\Debug\Cm3Start.o (CyHalt)
.\CortexM3\ARM_GCC_541\Debug\ACC_FIFO_while_empty.a(cyPm.o)
                              .\CortexM3\ARM_GCC_541\Debug\ACC_FIFO_while_empty.a(CyLib.o) (CyPmReadStatus)
.\CortexM3\ARM_GCC_541\Debug\ACC_FIFO_while_empty.a(CyBootAsmGnu.o)
                              .\CortexM3\ARM_GCC_541\Debug\cyfitter_cfg.o (CyDelayCycles)
.\CortexM3\ARM_GCC_541\Debug\ACC_FIFO_while_empty.a(CyFlash.o)
                              .\CortexM3\ARM_GCC_541\Debug\ACC_FIFO_while_empty.a(cyPm.o) (CyFlash_SetWaitCycles)
.\CortexM3\ARM_GCC_541\Debug\ACC_FIFO_while_empty.a(CySpc.o)
                              .\CortexM3\ARM_GCC_541\Debug\ACC_FIFO_while_empty.a(CyFlash.o) (CySpcStart)
c:/program files (x86)/cypress/psoc creator/4.4/psoc creator/import/gnu/arm/5.4.1/bin/../lib/gcc/arm-none-eabi/5.4.1/../../../../arm-none-eabi/lib/armv7-m\libg_nano.a(lib_a-errno.o)
                              .\CortexM3\ARM_GCC_541\Debug\Cm3Start.o (__errno)
c:/program files (x86)/cypress/psoc creator/4.4/psoc creator/import/gnu/arm/5.4.1/bin/../lib/gcc/arm-none-eabi/5.4.1/../../../../arm-none-eabi/lib/armv7-m\libg_nano.a(lib_a-exit.o)
                              c:/program files (x86)/cypress/psoc creator/4.4/psoc creator/import/gnu/arm/5.4.1/bin/../lib/gcc/arm-none-eabi/5.4.1/../../../../arm-none-eabi/lib/armv7-m/crt0.o (exit)
c:/program files (x86)/cypress/psoc creator/4.4/psoc creator/import/gnu/arm/5.4.1/bin/../lib/gcc/arm-none-eabi/5.4.1/../../../../arm-none-eabi/lib/armv7-m\libg_nano.a(lib_a-impure.o)
                              c:/program files (x86)/cypress/psoc creator/4.4/psoc creator/import/gnu/arm/5.4.1/bin/../lib/gcc/arm-none-eabi/5.4.1/../../../../arm-none-eabi/lib/armv7-m\libg_nano.a(lib_a-exit.o) (_global_impure_ptr)
c:/program files (x86)/cypress/psoc creator/4.4/psoc creator/import/gnu/arm/5.4.1/bin/../lib/gcc/arm-none-eabi/5.4.1/../../../../arm-none-eabi/lib/armv7-m\libg_nano.a(lib_a-init.o)
                              c:/program files (x86)/cypress/psoc creator/4.4/psoc creator/import/gnu/arm/5.4.1/bin/../lib/gcc/arm-none-eabi/5.4.1/../../../../arm-none-eabi/lib/armv7-m/crt0.o (__libc_init_array)
c:/program files (x86)/cypress/psoc creator/4.4/psoc creator/import/gnu/arm/5.4.1/bin/../lib/gcc/arm-none-eabi/5.4.1/../../../../arm-none-eabi/lib/armv7-m\libg_nano.a(lib_a-memcpy-stub.o)
                              .\CortexM3\ARM_GCC_541\Debug\cyfitter_cfg.o (memcpy)
c:/program files (x86)/cypress/psoc creator/4.4/psoc creator/import/gnu/arm/5.4.1/bin/../lib/gcc/arm-none-eabi/5.4.1/../../../../arm-none-eabi/lib/armv7-m\libg_nano.a(lib_a-memset.o)
                              c:/program files (x86)/cypress/psoc creator/4.4/psoc creator/import/gnu/arm/5.4.1/bin/../lib/gcc/arm-none-eabi/5.4.1/../../../../arm-none-eabi/lib/armv7-m/crt0.o (memset)
c:/program files (x86)/cypress/psoc creator/4.4/psoc creator/import/gnu/arm/5.4.1/bin/../lib/gcc/arm-none-eabi/5.4.1/../../../../arm-none-eabi/lib/armv7-m\libg_nano.a(lib_a-nano-vfprintf_float.o)
                              (_printf_float)
c:/program files (x86)/cypress/psoc creator/4.4/psoc creator/import/gnu/arm/5.4.1/bin/../lib/gcc/arm-none-eabi/5.4.1/../../../../arm-none-eabi/lib/armv7-m\libg_nano.a(lib_a-nano-vfprintf_i.o)
                              c:/program files (x86)/cypress/psoc creator/4.4/psoc creator/import/gnu/arm/5.4.1/bin/../lib/gcc/arm-none-eabi/5.4.1/../../../../arm-none-eabi/lib/armv7-m\libg_nano.a(lib_a-nano-vfprintf_float.o) (_printf_common)
c:/program files (x86)/cypress/psoc creator/4.4/psoc creator/import/gnu/arm/5.4.1/bin/../lib/gcc/arm-none-eabi/5.4.1/../../../../arm-none-eabi/lib/armv7-m\libg_nano.a(lib_a-sprintf.o)
                              .\CortexM3\ARM_GCC_541\Debug\main.o (sprintf)
[...]
Memory Configuration

Name             Origin             Length             Attributes
rom              0x00000000         0x00040000         xr
ram              0x1fff8000         0x00010000         xrw
*default*        0x00000000         0xffffffff

Linker script and memory map

LOAD c:/program files (x86)/cypress/psoc creator/4.4/psoc creator/import/gnu/arm/5.4.1/bin/../lib/gcc/arm-none-eabi/5.4.1/armv7-m/crti.o
LOAD c:/program files (x86)/cypress/psoc creator/4.4/psoc creator/import/gnu/arm/5.4.1/bin/../lib/gcc/arm-none-eabi/5.4.1/armv7-m/crtbegin.o
LOAD c:/program files (x86)/cypress/psoc creator/4.4/psoc creator/import/gnu/arm/5.4.1/bin/../lib/gcc/arm-none-eabi/5.4.1/../../../../arm-none-eabi/lib/armv7-m/crt0.o
START GROUP
LOAD .\CortexM3\ARM_GCC_541\Debug\main.o
LOAD .\CortexM3\ARM_GCC_541\Debug\I2C_Interface.o
LOAD .\CortexM3\ARM_GCC_541\Debug\interrupt_Routines.o
LOAD .\CortexM3\ARM_GCC_541\Debug\cyfitter_cfg.o
LOAD .\CortexM3\ARM_GCC_541\Debug\cymetadata.o
LOAD .\CortexM3\ARM_GCC_541\Debug\Cm3Start.o
LOAD .\CortexM3\ARM_GCC_541\Debug\ACC_FIFO_while_empty.a
LOAD C:\Program Files (x86)\Cypress\PSoC Creator\4.4\PSoC Creator\psoc\content\cycomponentlibrary\CyComponentLibrary.cylib\CortexM3\ARM_GCC_541\Debug\CyComponentLibrary.a
END GROUP
START GROUP
LOAD c:/program files (x86)/cypress/psoc creator/4.4/psoc creator/import/gnu/arm/5.4.1/bin/../lib/gcc/arm-none-eabi/5.4.1/armv7-m\libgcc.a
LOAD c:/program files (x86)/cypress/psoc creator/4.4/psoc creator/import/gnu/arm/5.4.1/bin/../lib/gcc/arm-none-eabi/5.4.1/../../../../arm-none-eabi/lib/armv7-m\libg_nano.a
LOAD c:/program files (x86)/cypress/psoc creator/4.4/psoc creator/import/gnu/arm/5.4.1/bin/../lib/gcc/arm-none-eabi/5.4.1/../../../../arm-none-eabi/lib/armv7-m\libc_nano.a
END GROUP
START GROUP
LOAD c:/program files (x86)/cypress/psoc creator/4.4/psoc creator/import/gnu/arm/5.4.1/bin/../lib/gcc/arm-none-eabi/5.4.1/armv7-m\libgcc.a
LOAD c:/program files (x86)/cypress/psoc creator/4.4/psoc creator/import/gnu/arm/5.4.1/bin/../lib/gcc/arm-none-eabi/5.4.1/../../../../arm-none-eabi/lib/armv7-m\libc_nano.a
END GROUP
LOAD c:/program files (x86)/cypress/psoc creator/4.4/psoc creator/import/gnu/arm/5.4.1/bin/../lib/gcc/arm-none-eabi/5.4.1/armv7-m/crtend.o
LOAD c:/program files (x86)/cypress/psoc creator/4.4/psoc creator/import/gnu/arm/5.4.1/bin/../lib/gcc/arm-none-eabi/5.4.1/armv7-m/crtn.o
START GROUP
LOAD c:/program files (x86)/cypress/psoc creator/4.4/psoc creator/import/gnu/arm/5.4.1/bin/../lib/gcc/arm-none-eabi/5.4.1/armv7-m\libgcc.a
LOAD c:/program files (x86)/cypress/psoc creator/4.4/psoc creator/import/gnu/arm/5.4.1/bin/../lib/gcc/arm-none-eabi/5.4.1/../../../../arm-none-eabi/lib/armv7-m\libc.a
LOAD c:/program files (x86)/cypress/psoc creator/4.4/psoc creator/import/gnu/arm/5.4.1/bin/../lib/gcc/arm-none-eabi/5.4.1/../../../../arm-none-eabi/lib/armv7-m\libnosys.a
END GROUP
                0x00000000                CY_APPL_ORIGIN = 0x0
                0x00000100                CY_FLASH_ROW_SIZE = 0x100
                0x00000020                CY_ECC_ROW_SIZE = 0x20
                0x00000000                CY_EE_IN_BTLDR = 0x0
                0x00000000                CY_APPL_LOADABLE = 0x0
                0x00000800                CY_EE_SIZE = 0x800
                0x00000001                CY_APPL_NUM = 0x1
                0x00000001                CY_APPL_MAX = 0x1
                0x00000040                CY_METADATA_SIZE = 0x40
                0x00000000                CY_APPL_LOADABLE = 0x0
                0x00000000                CY_CHECKSUM_EXCLUDE_SIZE = ALIGN (0x0, CY_FLASH_ROW_SIZE)
                [!provide]                PROVIDE (__cy_heap_start, _end)
                0x00000001                PROVIDE (__cy_region_num, ((__cy_regions_end - __cy_regions) / 0x10))
                0x20008000                PROVIDE (__cy_stack, (ORIGIN (ram) + LENGTH (ram)))
                [!provide]                PROVIDE (__cy_heap_end, (__cy_stack - 0x800))

.cybootloader   0x00000000        0x0
 *(.cybootloader)
                0x00000000                appl1_start = CY_APPL_ORIGIN?CY_APPL_ORIGIN:ALIGN (CY_FLASH_ROW_SIZE)
                0x0001ff00                appl2_start = (appl1_start + ALIGN ((((LENGTH (rom) - appl1_start) - (0x2 * CY_FLASH_ROW_SIZE)) / 0x2), CY_FLASH_ROW_SIZE))
                0x00000000                appl_start = (CY_APPL_NUM == 0x1)?appl1_start:appl2_start
                0x00000000                ecc_offset = ((appl_start / CY_FLASH_ROW_SIZE) * CY_ECC_ROW_SIZE)
                0x00000000                ee_offset = (CY_APPL_LOADABLE && ! (CY_EE_IN_BTLDR))?((CY_EE_SIZE / CY_APPL_MAX) * (CY_APPL_NUM - 0x1)):0x0
                0x00000800                ee_size = (CY_APPL_LOADABLE && ! (CY_EE_IN_BTLDR))?(CY_EE_SIZE / CY_APPL_MAX):CY_EE_SIZE
                [!provide]                PROVIDE (CY_ECC_OFFSET, ecc_offset)

.text           0x00000000     0x3688
 CREATE_OBJECT_SYMBOLS
                0x00000000                PROVIDE (__cy_interrupt_vector, RomVectors)
 *(.romvectors)
 .romvectors    0x00000000       0x10 .\CortexM3\ARM_GCC_541\Debug\Cm3Start.o
                0x00000000                RomVectors
                0x00000001                ASSERT ((. != __cy_interrupt_vector), No interrupt vector)
                0x00000001                ASSERT (CY_APPL_ORIGIN?(SIZEOF (.cybootloader) <= CY_APPL_ORIGIN):0x1, Wrong image location)
                0x00000010                PROVIDE (__cy_reset, Reset)
 *(.text.Reset)
 .text.Reset    0x00000010       0x18 .\CortexM3\ARM_GCC_541\Debug\Cm3Start.o
                0x00000010                Reset
                0x00000001                ASSERT ((. != __cy_reset), No reset code)
 *(.dma_init)
                0x00000001                ASSERT ((((appl_start + .) <= 0x10000) || 0x1), DMA Init must be within the first 64k of flash)
 *(.text .text.* .gnu.linkonce.t.*)
 .text          0x00000028       0x5c c:/program files (x86)/cypress/psoc creator/4.4/psoc creator/import/gnu/arm/5.4.1/bin/../lib/gcc/arm-none-eabi/5.4.1/armv7-m/crtbegin.o
 .text.main     0x00000084      0x1c4 .\CortexM3\ARM_GCC_541\Debug\main.o
                0x00000084                main
 .text.I2C_Peripheral_Start
                0x00000248        0xc .\CortexM3\ARM_GCC_541\Debug\I2C_Interface.o
                0x00000248                I2C_Peripheral_Start
 .text.I2C_Peripheral_ReadRegister
                0x00000254       0x3c .\CortexM3\ARM_GCC_541\Debug\I2C_Interface.o
                0x00000254                I2C_Peripheral_ReadRegister
 .text.I2C_Peripheral_WriteRegister
                0x00000290       0x30 .\CortexM3\ARM_GCC_541\Debug\I2C_Interface.o
                0x00000290                I2C_Peripheral_WriteRegister
 .text.CyClockStartupError
                0x000002c0        0x4 .\CortexM3\ARM_GCC_541\Debug\cyfitter_cfg.o
 .text.cfg_write_bytes32
                0x000002c4       0x34 .\CortexM3\ARM_GCC_541\Debug\cyfitter_cfg.o
 .text.AnalogSetDefault
                0x000002f8       0x28 .\CortexM3\ARM_GCC_541\Debug\cyfitter_cfg.o
 .text.CYMEMZERO
                0x00000320        0xc .\CortexM3\ARM_GCC_541\Debug\cyfitter_cfg.o
 .text.ClockSetup
                0x0000032c       0xb8 .\CortexM3\ARM_GCC_541\Debug\cyfitter_cfg.o
 .text.CYCONFIGCPY
                0x000003e4        0x8 .\CortexM3\ARM_GCC_541\Debug\cyfitter_cfg.o
 .text.cyfitter_cfg
                0x000003ec      0x110 .\CortexM3\ARM_GCC_541\Debug\cyfitter_cfg.o
                0x000003ec                cyfitter_cfg
 .text.IntDefaultHandler
                0x000004fc       0x10 .\CortexM3\ARM_GCC_541\Debug\Cm3Start.o
                0x000004fc                IntDefaultHandler
 .text._sbrk    0x0000050c       0x30 .\CortexM3\ARM_GCC_541\Debug\Cm3Start.o
                0x0000050c                _sbrk
 .text.Start_c  0x0000053c       0x4c .\CortexM3\ARM_GCC_541\Debug\Cm3Start.o
                0x0000053c                Start_c
 .text.initialize_psoc
                0x00000588       0x68 .\CortexM3\ARM_GCC_541\Debug\Cm3Start.o
                0x00000588                initialize_psoc
 .text.UART_1_Init
                0x000005f0       0x24 .\CortexM3\ARM_GCC_541\Debug\ACC_FIFO_while_empty.a(UART_1.o)
                0x000005f0                UART_1_Init
 .text.UART_1_Enable
                0x00000614       0x38 .\CortexM3\ARM_GCC_541\Debug\ACC_FIFO_while_empty.a(UART_1.o)
                0x00000614                UART_1_Enable
 .text.UART_1_Start
                0x0000064c       0x1c .\CortexM3\ARM_GCC_541\Debug\ACC_FIFO_while_empty.a(UART_1.o)
                0x0000064c                UART_1_Start
 .text.UART_1_PutChar
                0x00000668       0x18 .\CortexM3\ARM_GCC_541\Debug\ACC_FIFO_while_empty.a(UART_1.o)
                0x00000668                UART_1_PutChar
 .text.UART_1_PutString
                0x00000680       0x24 .\CortexM3\ARM_GCC_541\Debug\ACC_FIFO_while_empty.a(UART_1.o)
                0x00000680                UART_1_PutString
 .text.I2C_Master_Init
                0x000006a4       0x68 .\CortexM3\ARM_GCC_541\Debug\ACC_FIFO_while_empty.a(I2C_Master.o)
                0x000006a4                I2C_Master_Init
 .text.I2C_Master_Enable
                0x0000070c       0x24 .\CortexM3\ARM_GCC_541\Debug\ACC_FIFO_while_empty.a(I2C_Master.o)
                0x0000070c                I2C_Master_Enable
 .text.I2C_Master_Start
                0x00000730       0x28 .\CortexM3\ARM_GCC_541\Debug\ACC_FIFO_while_empty.a(I2C_Master.o)
                0x00000730                I2C_Master_Start
 .text.I2C_Master_ISR
                0x00000758      0x2d0 .\CortexM3\ARM_GCC_541\Debug\ACC_FIFO_while_empty.a(I2C_Master_INT.o)
                0x00000758                I2C_Master_ISR
 .text.I2C_Master_MasterSendStart
                0x00000a28       0x80 .\CortexM3\ARM_GCC_541\Debug\ACC_FIFO_while_empty.a(I2C_Master_MASTER.o)
                0x00000a28                I2C_Master_MasterSendStart
 .text.I2C_Master_MasterSendRestart
                0x00000aa8       0x6c .\CortexM3\ARM_GCC_541\Debug\ACC_FIFO_while_empty.a(I2C_Master_MASTER.o)
                0x00000aa8                I2C_Master_MasterSendRestart
 .text.I2C_Master_MasterSendStop
                0x00000b14       0x38 .\CortexM3\ARM_GCC_541\Debug\ACC_FIFO_while_empty.a(I2C_Master_MASTER.o)
                0x00000b14                I2C_Master_MasterSendStop
 .text.I2C_Master_MasterWriteByte
                0x00000b4c       0x58 .\CortexM3\ARM_GCC_541\Debug\ACC_FIFO_while_empty.a(I2C_Master_MASTER.o)
                0x00000b4c                I2C_Master_MasterWriteByte
 .text.I2C_Master_MasterReadByte
                0x00000ba4       0x58 .\CortexM3\ARM_GCC_541\Debug\ACC_FIFO_while_empty.a(I2C_Master_MASTER.o)
                0x00000ba4                I2C_Master_MasterReadByte
 .text.UART_1_IntClock_Start
                0x00000bfc       0x1c .\CortexM3\ARM_GCC_541\Debug\ACC_FIFO_while_empty.a(UART_1_IntClock.o)
                0x00000bfc                UART_1_IntClock_Start
 .text.CyHalt   0x00000c18        0x4 .\CortexM3\ARM_GCC_541\Debug\ACC_FIFO_while_empty.a(CyLib.o)
                0x00000c18                CyHalt
 .text.CyDelay  0x00000c1c       0x2c .\CortexM3\ARM_GCC_541\Debug\ACC_FIFO_while_empty.a(CyLib.o)
                0x00000c1c                CyDelay
 .text.CyIntSetVector
                0x00000c48       0x28 .\CortexM3\ARM_GCC_541\Debug\ACC_FIFO_while_empty.a(CyLib.o)
                0x00000c48                CyIntSetVector
 .text.CyIntSetPriority
                0x00000c70       0x30 .\CortexM3\ARM_GCC_541\Debug\ACC_FIFO_while_empty.a(CyLib.o)
                0x00000c70                CyIntSetPriority
 .text          0x00000ca0       0x20 .\CortexM3\ARM_GCC_541\Debug\ACC_FIFO_while_empty.a(CyBootAsmGnu.o)
                0x00000ca0                CyDelayCycles
                0x00000cb0                CyEnterCriticalSection
                0x00000cb8                CyExitCriticalSection
 .text.__errno  0x00000cc0        0xc c:/program files (x86)/cypress/psoc creator/4.4/psoc creator/import/gnu/arm/5.4.1/bin/../lib/gcc/arm-none-eabi/5.4.1/../../../../arm-none-eabi/lib/armv7-m\libg_nano.a(lib_a-errno.o)
                0x00000cc0                __errno
 .text.__libc_init_array
                0x00000ccc       0x4c c:/program files (x86)/cypress/psoc creator/4.4/psoc creator/import/gnu/arm/5.4.1/bin/../lib/gcc/arm-none-eabi/5.4.1/../../../../arm-none-eabi/lib/armv7-m\libg_nano.a(lib_a-init.o)
                0x00000ccc                __libc_init_array
 .text.memcpy   0x00000d18       0x16 c:/program files (x86)/cypress/psoc creator/4.4/psoc creator/import/gnu/arm/5.4.1/bin/../lib/gcc/arm-none-eabi/5.4.1/../../../../arm-none-eabi/lib/armv7-m\libg_nano.a(lib_a-memcpy-stub.o)
                0x00000d18                memcpy
 .text.memset   0x00000d2e       0x10 c:/program files (x86)/cypress/psoc creator/4.4/psoc creator/import/gnu/arm/5.4.1/bin/../lib/gcc/arm-none-eabi/5.4.1/../../../../arm-none-eabi/lib/armv7-m\libg_nano.a(lib_a-memset.o)
                0x00000d2e                memset
 .text.__cvt    0x00000d3e       0xc0 c:/program files (x86)/cypress/psoc creator/4.4/psoc creator/import/gnu/arm/5.4.1/bin/../lib/gcc/arm-none-eabi/5.4.1/../../../../arm-none-eabi/lib/armv7-m\libg_nano.a(lib_a-nano-vfprintf_float.o)
                0x00000d3e                __cvt
 .text.__exponent
                0x00000dfe       0x62 c:/program files (x86)/cypress/psoc creator/4.4/psoc creator/import/gnu/arm/5.4.1/bin/../lib/gcc/arm-none-eabi/5.4.1/../../../../arm-none-eabi/lib/armv7-m\libg_nano.a(lib_a-nano-vfprintf_float.o)
                0x00000dfe                __exponent
 .text._printf_float
                0x00000e60      0x488 c:/program files (x86)/cypress/psoc creator/4.4/psoc creator/import/gnu/arm/5.4.1/bin/../lib/gcc/arm-none-eabi/5.4.1/../../../../arm-none-eabi/lib/armv7-m\libg_nano.a(lib_a-nano-vfprintf_float.o)
                0x00000e60                _printf_float
 .text._printf_common
                0x000012e8       0xec c:/program files (x86)/cypress/psoc creator/4.4/psoc creator/import/gnu/arm/5.4.1/bin/../lib/gcc/arm-none-eabi/5.4.1/../../../../arm-none-eabi/lib/armv7-m\libg_nano.a(lib_a-nano-vfprintf_i.o)
                0x000012e8                _printf_common
 .text._printf_i
                0x000013d4      0x24c c:/program files (x86)/cypress/psoc creator/4.4/psoc creator/import/gnu/arm/5.4.1/bin/../lib/gcc/arm-none-eabi/5.4.1/../../../../arm-none-eabi/lib/armv7-m\libg_nano.a(lib_a-nano-vfprintf_i.o)
                0x000013d4                _printf_i
 .text.sprintf  0x00001620       0x48 c:/program files (x86)/cypress/psoc creator/4.4/psoc creator/import/gnu/arm/5.4.1/bin/../lib/gcc/arm-none-eabi/5.4.1/../../../../arm-none-eabi/lib/armv7-m\libg_nano.a(lib_a-sprintf.o)
                0x00001620                siprintf
                0x00001620                sprintf
 .text          0x00001668       0x10 c:/program files (x86)/cypress/psoc creator/4.4/psoc creator/import/gnu/arm/5.4.1/bin/../lib/gcc/arm-none-eabi/5.4.1/../../../../arm-none-eabi/lib/armv7-m\libg_nano.a(lib_a-strlen.o)
                0x00001668                strlen
 .text.quorem   0x00001678      0x116 c:/program files (x86)/cypress/psoc creator/4.4/psoc creator/import/gnu/arm/5.4.1/bin/../lib/gcc/arm-none-eabi/5.4.1/../../../../arm-none-eabi/lib/armv7-m\libg_nano.a(lib_a-dtoa.o)
 *fill*         0x0000178e        0x2 
 .text._dtoa_r  0x00001790      0xb30 c:/program files (x86)/cypress/psoc creator/4.4/psoc creator/import/gnu/arm/5.4.1/bin/../lib/gcc/arm-none-eabi/5.4.1/../../../../arm-none-eabi/lib/armv7-m\libg_nano.a(lib_a-dtoa.o)
                0x00001790                _dtoa_r
 .text._localeconv_r
                0x000022c0        0x8 c:/program files (x86)/cypress/psoc creator/4.4/psoc creator/import/gnu/arm/5.4.1/bin/../lib/gcc/arm-none-eabi/5.4.1/../../../../arm-none-eabi/lib/armv7-m\libg_nano.a(lib_a-locale.o)
                0x000022c0                _localeconv_r
 .text.malloc   0x000022c8       0x10 c:/program files (x86)/cypress/psoc creator/4.4/psoc creator/import/gnu/arm/5.4.1/bin/../lib/gcc/arm-none-eabi/5.4.1/../../../../arm-none-eabi/lib/armv7-m\libg_nano.a(lib_a-malloc.o)
                0x000022c8                malloc
 .text.memchr   0x000022d8       0x1c c:/program files (x86)/cypress/psoc creator/4.4/psoc creator/import/gnu/arm/5.4.1/bin/../lib/gcc/arm-none-eabi/5.4.1/../../../../arm-none-eabi/lib/armv7-m\libg_nano.a(lib_a-memchr-stub.o)
                0x000022d8                memchr
 .text._Balloc  0x000022f4       0x6a c:/program files (x86)/cypress/psoc creator/4.4/psoc creator/import/gnu/arm/5.4.1/bin/../lib/gcc/arm-none-eabi/5.4.1/../../../../arm-none-eabi/lib/armv7-m\libg_nano.a(lib_a-mprec.o)
                0x000022f4                _Balloc
 .text._Bfree   0x0000235e       0x2e c:/program files (x86)/cypress/psoc creator/4.4/psoc creator/import/gnu/arm/5.4.1/bin/../lib/gcc/arm-none-eabi/5.4.1/../../../../arm-none-eabi/lib/armv7-m\libg_nano.a(lib_a-mprec.o)
                0x0000235e                _Bfree
 .text.__multadd
                0x0000238c       0x76 c:/program files (x86)/cypress/psoc creator/4.4/psoc creator/import/gnu/arm/5.4.1/bin/../lib/gcc/arm-none-eabi/5.4.1/../../../../arm-none-eabi/lib/armv7-m\libg_nano.a(lib_a-mprec.o)
                0x0000238c                __multadd
 .text.__hi0bits
                0x00002402       0x40 c:/program files (x86)/cypress/psoc creator/4.4/psoc creator/import/gnu/arm/5.4.1/bin/../lib/gcc/arm-none-eabi/5.4.1/../../../../arm-none-eabi/lib/armv7-m\libg_nano.a(lib_a-mprec.o)
                0x00002402                __hi0bits
 .text.__lo0bits
                0x00002442       0x5a c:/program files (x86)/cypress/psoc creator/4.4/psoc creator/import/gnu/arm/5.4.1/bin/../lib/gcc/arm-none-eabi/5.4.1/../../../../arm-none-eabi/lib/armv7-m\libg_nano.a(lib_a-mprec.o)
                0x00002442                __lo0bits
 .text.__i2b    0x0000249c       0x12 c:/program files (x86)/cypress/psoc creator/4.4/psoc creator/import/gnu/arm/5.4.1/bin/../lib/gcc/arm-none-eabi/5.4.1/../../../../arm-none-eabi/lib/armv7-m\libg_nano.a(lib_a-mprec.o)
                0x0000249c                __i2b
 .text.__multiply
                0x000024ae      0x120 c:/program files (x86)/cypress/psoc creator/4.4/psoc creator/import/gnu/arm/5.4.1/bin/../lib/gcc/arm-none-eabi/5.4.1/../../../../arm-none-eabi/lib/armv7-m\libg_nano.a(lib_a-mprec.o)
                0x000024ae                __multiply
 *fill*         0x000025ce        0x2 
 .text.__pow5mult
                0x000025d0       0x9c c:/program files (x86)/cypress/psoc creator/4.4/psoc creator/import/gnu/arm/5.4.1/bin/../lib/gcc/arm-none-eabi/5.4.1/../../../../arm-none-eabi/lib/armv7-m\libg_nano.a(lib_a-mprec.o)
                0x000025d0                __pow5mult
 .text.__lshift
                0x0000266c       0xa2 c:/program files (x86)/cypress/psoc creator/4.4/psoc creator/import/gnu/arm/5.4.1/bin/../lib/gcc/arm-none-eabi/5.4.1/../../../../arm-none-eabi/lib/armv7-m\libg_nano.a(lib_a-mprec.o)
                0x0000266c                __lshift
 .text.__mcmp   0x0000270e       0x38 c:/program files (x86)/cypress/psoc creator/4.4/psoc creator/import/gnu/arm/5.4.1/bin/../lib/gcc/arm-none-eabi/5.4.1/../../../../arm-none-eabi/lib/armv7-m\libg_nano.a(lib_a-mprec.o)
                0x0000270e                __mcmp
 .text.__mdiff  0x00002746       0xbe c:/program files (x86)/cypress/psoc creator/4.4/psoc creator/import/gnu/arm/5.4.1/bin/../lib/gcc/arm-none-eabi/5.4.1/../../../../arm-none-eabi/lib/armv7-m\libg_nano.a(lib_a-mprec.o)
                0x00002746                __mdiff
 .text.__d2b    0x00002804       0x9c c:/program files (x86)/cypress/psoc creator/4.4/psoc creator/import/gnu/arm/5.4.1/bin/../lib/gcc/arm-none-eabi/5.4.1/../../../../arm-none-eabi/lib/armv7-m\libg_nano.a(lib_a-mprec.o)
                0x00002804                __d2b
 .text._calloc_r
                0x000028a0       0x1c c:/program files (x86)/cypress/psoc creator/4.4/psoc creator/import/gnu/arm/5.4.1/bin/../lib/gcc/arm-none-eabi/5.4.1/../../../../arm-none-eabi/lib/armv7-m\libg_nano.a(lib_a-nano-callocr.o)
                0x000028a0                _calloc_r
 .text._free_r  0x000028bc       0x98 c:/program files (x86)/cypress/psoc creator/4.4/psoc creator/import/gnu/arm/5.4.1/bin/../lib/gcc/arm-none-eabi/5.4.1/../../../../arm-none-eabi/lib/armv7-m\libg_nano.a(lib_a-nano-freer.o)
                0x000028bc                _free_r
 .text._malloc_r
                0x00002954       0xbc c:/program files (x86)/cypress/psoc creator/4.4/psoc creator/import/gnu/arm/5.4.1/bin/../lib/gcc/arm-none-eabi/5.4.1/../../../../arm-none-eabi/lib/armv7-m\libg_nano.a(lib_a-nano-mallocr.o)
                0x00002954                _malloc_r
 .text.__ssputs_r
                0x00002a10       0xb2 c:/program files (x86)/cypress/psoc creator/4.4/psoc creator/import/gnu/arm/5.4.1/bin/../lib/gcc/arm-none-eabi/5.4.1/../../../../arm-none-eabi/lib/armv7-m\libg_nano.a(lib_a-nano-svfprintf.o)
                0x00002a10                __ssputs_r
 *fill*         0x00002ac2        0x2 
 .text._svfprintf_r
                0x00002ac4      0x1e8 c:/program files (x86)/cypress/psoc creator/4.4/psoc creator/import/gnu/arm/5.4.1/bin/../lib/gcc/arm-none-eabi/5.4.1/../../../../arm-none-eabi/lib/armv7-m\libg_nano.a(lib_a-nano-svfprintf.o)
                0x00002ac4                _svfiprintf_r
                0x00002ac4                _svfprintf_r
 .text._sbrk_r  0x00002cac       0x20 c:/program files (x86)/cypress/psoc creator/4.4/psoc creator/import/gnu/arm/5.4.1/bin/../lib/gcc/arm-none-eabi/5.4.1/../../../../arm-none-eabi/lib/armv7-m\libg_nano.a(lib_a-sbrkr.o)
                0x00002cac                _sbrk_r
 .text.memmove  0x00002ccc       0x36 c:/program files (x86)/cypress/psoc creator/4.4/psoc creator/import/gnu/arm/5.4.1/bin/../lib/gcc/arm-none-eabi/5.4.1/../../../../arm-none-eabi/lib/armv7-m\libg_nano.a(lib_a-memmove.o)
                0x00002ccc                memmove
 .text.__malloc_lock
                0x00002d02        0x2 c:/program files (x86)/cypress/psoc creator/4.4/psoc creator/import/gnu/arm/5.4.1/bin/../lib/gcc/arm-none-eabi/5.4.1/../../../../arm-none-eabi/lib/armv7-m\libg_nano.a(lib_a-mlock.o)
                0x00002d02                __malloc_lock
 .text.__malloc_unlock
                0x00002d04        0x2 c:/program files (x86)/cypress/psoc creator/4.4/psoc creator/import/gnu/arm/5.4.1/bin/../lib/gcc/arm-none-eabi/5.4.1/../../../../arm-none-eabi/lib/armv7-m\libg_nano.a(lib_a-mlock.o)
                0x00002d04                __malloc_unlock
 .text._realloc_r
                0x00002d06       0x4c c:/program files (x86)/cypress/psoc creator/4.4/psoc creator/import/gnu/arm/5.4.1/bin/../lib/gcc/arm-none-eabi/5.4.1/../../../../arm-none-eabi/lib/armv7-m\libg_nano.a(lib_a-nano-reallocr.o)
                0x00002d06                _realloc_r
 .text._malloc_usable_size_r
                0x00002d52       0x14 c:/program files (x86)/cypress/psoc creator/4.4/psoc creator/import/gnu/arm/5.4.1/bin/../lib/gcc/arm-none-eabi/5.4.1/../../../../arm-none-eabi/lib/armv7-m\libg_nano.a(lib_a-nano-msizer.o)
                0x00002d52                _malloc_usable_size_r
 *fill*         0x00002d66        0x2 
 .text          0x00002d68      0x370 c:/program files (x86)/cypress/psoc creator/4.4/psoc creator/import/gnu/arm/5.4.1/bin/../lib/gcc/arm-none-eabi/5.4.1/armv7-m\libgcc.a(_arm_addsubdf3.o)
                0x00002d68                __aeabi_drsub
                0x00002d70                __aeabi_dsub
                0x00002d70                __subdf3
                0x00002d74                __aeabi_dadd
                0x00002d74                __adddf3
                0x00002fec                __floatunsidf
                0x00002fec                __aeabi_ui2d
                0x0000300c                __floatsidf
                0x0000300c                __aeabi_i2d
                0x00003030                __aeabi_f2d
                0x00003030                __extendsfdf2
                0x0000306c                __floatundidf
                0x0000306c                __aeabi_ul2d
                0x0000307c                __floatdidf
                0x0000307c                __aeabi_l2d
 .text          0x000030d8      0x424 c:/program files (x86)/cypress/psoc creator/4.4/psoc creator/import/gnu/arm/5.4.1/bin/../lib/gcc/arm-none-eabi/5.4.1/armv7-m\libgcc.a(_arm_muldivdf3.o)
                0x000030d8                __aeabi_dmul
                0x000030d8                __muldf3
                0x0000332c                __divdf3
                0x0000332c                __aeabi_ddiv
 .text          0x000034fc      0x110 c:/program files (x86)/cypress/psoc creator/4.4/psoc creator/import/gnu/arm/5.4.1/bin/../lib/gcc/arm-none-eabi/5.4.1/armv7-m\libgcc.a(_arm_cmpdf2.o)
                0x000034fc                __gtdf2
                0x000034fc                __gedf2
                0x00003504                __ltdf2
                0x00003504                __ledf2
                0x0000350c                __nedf2
                0x0000350c                __eqdf2
                0x0000350c                __cmpdf2
                0x00003588                __aeabi_cdrcmple
                0x00003598                __aeabi_cdcmpeq
                0x00003598                __aeabi_cdcmple
                0x000035a8                __aeabi_dcmpeq
                0x000035bc                __aeabi_dcmplt
                0x000035d0                __aeabi_dcmple
                0x000035e4                __aeabi_dcmpge
                0x000035f8                __aeabi_dcmpgt
 .text          0x0000360c       0x2c c:/program files (x86)/cypress/psoc creator/4.4/psoc creator/import/gnu/arm/5.4.1/bin/../lib/gcc/arm-none-eabi/5.4.1/armv7-m\libgcc.a(_arm_unorddf2.o)
                0x0000360c                __unorddf2
                0x0000360c                __aeabi_dcmpun
 .text          0x00003638       0x50 c:/program files (x86)/cypress/psoc creator/4.4/psoc creator/import/gnu/arm/5.4.1/bin/../lib/gcc/arm-none-eabi/5.4.1/armv7-m\libgcc.a(_arm_fixdfsi.o)
                0x00003638                __aeabi_d2iz
                0x00003638                __fixdfsi
 *(.plt)
 *(.gnu.warning)
 *(.glue_7t)
 .glue_7t       0x00003688        0x0 linker stubs
 *(.glue_7)
 .glue_7        0x00003688        0x0 linker stubs
 *(.vfp11_veneer)
 .vfp11_veneer  0x00003688        0x0 linker stubs
 *(.bootloader)
 *(.ARM.extab* .gnu.linkonce.armextab.*)
 *(.gcc_except_table)

.v4_bx          0x00003688        0x0
 .v4_bx         0x00003688        0x0 linker stubs

.iplt           0x00003688        0x0
 .iplt          0x00003688        0x0 c:/program files (x86)/cypress/psoc creator/4.4/psoc creator/import/gnu/arm/5.4.1/bin/../lib/gcc/arm-none-eabi/5.4.1/armv7-m/crtbegin.o

.eh_frame_hdr
 *(.eh_frame_hdr)

.eh_frame       0x00003688        0x4
 *(.eh_frame)
 .eh_frame      0x00003688        0x0 c:/program files (x86)/cypress/psoc creator/4.4/psoc creator/import/gnu/arm/5.4.1/bin/../lib/gcc/arm-none-eabi/5.4.1/armv7-m/crtbegin.o
 .eh_frame      0x00003688        0x4 c:/program files (x86)/cypress/psoc creator/4.4/psoc creator/import/gnu/arm/5.4.1/bin/../lib/gcc/arm-none-eabi/5.4.1/armv7-m/crtend.o
                [!provide]                PROVIDE (__exidx_start, .)

.ARM.exidx
 *(.ARM.exidx* .gnu.linkonce.armexidx.*)
                0x0000368c                __exidx_end = .

.rodata         0x00003690      0x330
 *(.rodata .rodata.* .gnu.linkonce.r.*)
 .rodata.str1.4
                0x00003690      0x148 .\CortexM3\ARM_GCC_541\Debug\main.o
                                0x146 (size before relaxing)
 .rodata        0x000037d8       0x50 .\CortexM3\ARM_GCC_541\Debug\cyfitter_cfg.o
 .rodata.str1.1
                0x00003828        0x2 c:/program files (x86)/cypress/psoc creator/4.4/psoc creator/import/gnu/arm/5.4.1/bin/../lib/gcc/arm-none-eabi/5.4.1/../../../../arm-none-eabi/lib/armv7-m\libg_nano.a(lib_a-impure.o)
 .rodata.str1.1
                0x0000382a       0x12 c:/program files (x86)/cypress/psoc creator/4.4/psoc creator/import/gnu/arm/5.4.1/bin/../lib/gcc/arm-none-eabi/5.4.1/../../../../arm-none-eabi/lib/armv7-m\libg_nano.a(lib_a-nano-vfprintf_float.o)
 .rodata.str1.1
                0x0000383c       0x22 c:/program files (x86)/cypress/psoc creator/4.4/psoc creator/import/gnu/arm/5.4.1/bin/../lib/gcc/arm-none-eabi/5.4.1/../../../../arm-none-eabi/lib/armv7-m\libg_nano.a(lib_a-nano-vfprintf_i.o)
 .rodata.str1.1
                0x0000385e        0xd c:/program files (x86)/cypress/psoc creator/4.4/psoc creator/import/gnu/arm/5.4.1/bin/../lib/gcc/arm-none-eabi/5.4.1/../../../../arm-none-eabi/lib/armv7-m\libg_nano.a(lib_a-dtoa.o)
                                  0xf (size before relaxing)
 .rodata.str1.1
                0x0000386b        0x8 c:/program files (x86)/cypress/psoc creator/4.4/psoc creator/import/gnu/arm/5.4.1/bin/../lib/gcc/arm-none-eabi/5.4.1/../../../../arm-none-eabi/lib/armv7-m\libg_nano.a(lib_a-locale.o)
                                  0xb (size before relaxing)
 *fill*         0x00003873        0x5 
 .rodata.__mprec_tens
                0x00003878       0xc8 c:/program files (x86)/cypress/psoc creator/4.4/psoc creator/import/gnu/arm/5.4.1/bin/../lib/gcc/arm-none-eabi/5.4.1/../../../../arm-none-eabi/lib/armv7-m\libg_nano.a(lib_a-mprec.o)
                0x00003878                __mprec_tens
 .rodata.p05.5408
                0x00003940        0xc c:/program files (x86)/cypress/psoc creator/4.4/psoc creator/import/gnu/arm/5.4.1/bin/../lib/gcc/arm-none-eabi/5.4.1/../../../../arm-none-eabi/lib/armv7-m\libg_nano.a(lib_a-mprec.o)
 *fill*         0x0000394c        0x4 
 .rodata.__mprec_bigtens
                0x00003950       0x28 c:/program files (x86)/cypress/psoc creator/4.4/psoc creator/import/gnu/arm/5.4.1/bin/../lib/gcc/arm-none-eabi/5.4.1/../../../../arm-none-eabi/lib/armv7-m\libg_nano.a(lib_a-mprec.o)
                0x00003950                __mprec_bigtens
 .rodata.str1.1
                0x00003978       0x11 c:/program files (x86)/cypress/psoc creator/4.4/psoc creator/import/gnu/arm/5.4.1/bin/../lib/gcc/arm-none-eabi/5.4.1/../../../../arm-none-eabi/lib/armv7-m\libg_nano.a(lib_a-nano-svfprintf.o)
                0x0000398c                . = ALIGN (0x4)
 *fill*         0x00003989        0x3 
 *(.init)
 .init          0x0000398c        0x4 c:/program files (x86)/cypress/psoc creator/4.4/psoc creator/import/gnu/arm/5.4.1/bin/../lib/gcc/arm-none-eabi/5.4.1/armv7-m/crti.o
                0x0000398c                _init
 .init          0x00003990        0x8 c:/program files (x86)/cypress/psoc creator/4.4/psoc creator/import/gnu/arm/5.4.1/bin/../lib/gcc/arm-none-eabi/5.4.1/armv7-m/crtn.o
                0x00003998                . = ALIGN (0x4)
                0x00003998                __preinit_array_start = .
 *(.preinit_array)
                0x00003998                __preinit_array_end = .
                0x00003998                . = ALIGN (0x4)
                0x00003998                __init_array_start = .
 *(SORT(.init_array.*))
 *(.init_array)
 .init_array    0x00003998        0x4 c:/program files (x86)/cypress/psoc creator/4.4/psoc creator/import/gnu/arm/5.4.1/bin/../lib/gcc/arm-none-eabi/5.4.1/armv7-m/crtbegin.o
 .init_array    0x0000399c        0x4 .\CortexM3\ARM_GCC_541\Debug\Cm3Start.o
                0x000039a0                __init_array_end = .
                0x000039a0                . = ALIGN (0x4)
 *(.fini)
 .fini          0x000039a0        0x4 c:/program files (x86)/cypress/psoc creator/4.4/psoc creator/import/gnu/arm/5.4.1/bin/../lib/gcc/arm-none-eabi/5.4.1/armv7-m/crti.o
                0x000039a0                _fini
 .fini          0x000039a4        0x8 c:/program files (x86)/cypress/psoc creator/4.4/psoc creator/import/gnu/arm/5.4.1/bin/../lib/gcc/arm-none-eabi/5.4.1/armv7-m/crtn.o
                0x000039ac                . = ALIGN (0x4)
                0x000039ac                __fini_array_start = .
 *(.fini_array)
 .fini_array    0x000039ac        0x4 c:/program files (x86)/cypress/psoc creator/4.4/psoc creator/import/gnu/arm/5.4.1/bin/../lib/gcc/arm-none-eabi/5.4.1/armv7-m/crtbegin.o
 *(SORT(.fini_array.*))
                0x000039b0                __fini_array_end = .
                0x000039b0                . = ALIGN (0x4)
 *crtbegin.o(.ctors)
 *(EXCLUDE_FILE(*crtend.o) .ctors)
 *(SORT(.ctors.*))
 *crtend.o(.ctors)
                0x000039b0                . = ALIGN (0x4)
 *crtbegin.o(.dtors)
 *(EXCLUDE_FILE(*crtend.o) .dtors)
 *(SORT(.dtors.*))
 *crtend.o(.dtors)
                0x000039b0                . = ALIGN (0x4)
                0x000039b0                __cy_regions = .
                0x000039b0        0x4 LONG 0x39c0 __cy_region_init_ram
                0x000039b4        0x4 LONG 0x1fff80c8 __cy_region_start_data
                0x000039b8        0x4 LONG 0xb8 __cy_region_init_size_ram
                0x000039bc        0x4 LONG 0x40 __cy_region_zero_size_ram
                0x000039c0                __cy_regions_end = .
                0x000039c0                . = ALIGN (0x8)
                0x000039c0                _etext = .

.cy_checksum_exclude
                0x000039c0        0x0
 *(.cy_checksum_exclude)

.ramvectors     0x1fff8000       0xc0
                0x1fff8000                __cy_region_start_ram = .
 *(.ramvectors)
 .ramvectors    0x1fff8000       0xc0 .\CortexM3\ARM_GCC_541\Debug\Cm3Start.o
                0x1fff8000                CyRamVectors

.noinit         0x1fff80c0        0x1
 *(.noinit)
 .noinit        0x1fff80c0        0x1 .\CortexM3\ARM_GCC_541\Debug\ACC_FIFO_while_empty.a(CyLib.o)
                0x1fff80c0                CyResetStatus

.data           0x1fff80c8       0xb8 load address 0x000039c0
                0x1fff80c8                __cy_region_start_data = .
 *(.jcr)
 .jcr           0x1fff80c8        0x0 c:/program files (x86)/cypress/psoc creator/4.4/psoc creator/import/gnu/arm/5.4.1/bin/../lib/gcc/arm-none-eabi/5.4.1/armv7-m/crtbegin.o
 .jcr           0x1fff80c8        0x4 c:/program files (x86)/cypress/psoc creator/4.4/psoc creator/import/gnu/arm/5.4.1/bin/../lib/gcc/arm-none-eabi/5.4.1/armv7-m/crtend.o
 *(.got.plt)
 *(.got)
 *(.shdata)
 *(.data .data.* .gnu.linkonce.d.*)
 .data          0x1fff80cc        0x4 .\CortexM3\ARM_GCC_541\Debug\Cm3Start.o
 .data          0x1fff80d0       0x10 .\CortexM3\ARM_GCC_541\Debug\ACC_FIFO_while_empty.a(CyLib.o)
                0x1fff80d0                cydelay_32k_ms
                0x1fff80d4                cydelay_freq_khz
                0x1fff80d8                cydelay_freq_mhz
                0x1fff80dc                cydelay_freq_hz
 .data.impure_data
                0x1fff80e0       0x60 c:/program files (x86)/cypress/psoc creator/4.4/psoc creator/import/gnu/arm/5.4.1/bin/../lib/gcc/arm-none-eabi/5.4.1/../../../../arm-none-eabi/lib/armv7-m\libg_nano.a(lib_a-impure.o)
 .data._impure_ptr
                0x1fff8140        0x4 c:/program files (x86)/cypress/psoc creator/4.4/psoc creator/import/gnu/arm/5.4.1/bin/../lib/gcc/arm-none-eabi/5.4.1/../../../../arm-none-eabi/lib/armv7-m\libg_nano.a(lib_a-impure.o)
                0x1fff8140                _impure_ptr
 .data.lconv    0x1fff8144       0x38 c:/program files (x86)/cypress/psoc creator/4.4/psoc creator/import/gnu/arm/5.4.1/bin/../lib/gcc/arm-none-eabi/5.4.1/../../../../arm-none-eabi/lib/armv7-m\libg_nano.a(lib_a-locale.o)
                0x1fff8180                . = ALIGN (0x8)
 *fill*         0x1fff817c        0x4 
 *(.ram)
                0x1fff8180                _edata = .

.igot.plt       0x1fff8180        0x0 load address 0x00003a78
 .igot.plt      0x1fff8180        0x0 c:/program files (x86)/cypress/psoc creator/4.4/psoc creator/import/gnu/arm/5.4.1/bin/../lib/gcc/arm-none-eabi/5.4.1/armv7-m/crtbegin.o

.bss            0x1fff8180       0x40 load address 0x00003a78
                0x1fff8180                PROVIDE (__bss_start__, .)
 *(.shbss)
 *(.bss .bss.* .gnu.linkonce.b.*)
 .bss           0x1fff8180       0x1c c:/program files (x86)/cypress/psoc creator/4.4/psoc creator/import/gnu/arm/5.4.1/bin/../lib/gcc/arm-none-eabi/5.4.1/armv7-m/crtbegin.o
 .bss           0x1fff819c        0x2 .\CortexM3\ARM_GCC_541\Debug\ACC_FIFO_while_empty.a(UART_1.o)
                0x1fff819c                UART_1_initVar
 .bss           0x1fff819e        0x1 .\CortexM3\ARM_GCC_541\Debug\ACC_FIFO_while_empty.a(I2C_Master.o)
                0x1fff819e                I2C_Master_initVar
 *fill*         0x1fff819f        0x1 
 .bss.__malloc_sbrk_start
                0x1fff81a0        0x4 c:/program files (x86)/cypress/psoc creator/4.4/psoc creator/import/gnu/arm/5.4.1/bin/../lib/gcc/arm-none-eabi/5.4.1/../../../../arm-none-eabi/lib/armv7-m\libg_nano.a(lib_a-nano-mallocr.o)
                0x1fff81a0                __malloc_sbrk_start
 .bss.__malloc_free_list
                0x1fff81a4        0x4 c:/program files (x86)/cypress/psoc creator/4.4/psoc creator/import/gnu/arm/5.4.1/bin/../lib/gcc/arm-none-eabi/5.4.1/../../../../arm-none-eabi/lib/armv7-m\libg_nano.a(lib_a-nano-mallocr.o)
                0x1fff81a4                __malloc_free_list
 *(COMMON)
 COMMON         0x1fff81a8        0x1 .\CortexM3\ARM_GCC_541\Debug\ACC_FIFO_while_empty.a(I2C_Master.o)
                0x1fff81a8                I2C_Master_state
 *fill*         0x1fff81a9        0x3 
 COMMON         0x1fff81ac        0xf .\CortexM3\ARM_GCC_541\Debug\ACC_FIFO_while_empty.a(I2C_Master_MASTER.o)
                0x1fff81ac                I2C_Master_mstrRdBufIndex
                0x1fff81ad                I2C_Master_mstrWrBufIndex
                0x1fff81ae                I2C_Master_mstrWrBufSize
                0x1fff81b0                I2C_Master_mstrWrBufPtr
                0x1fff81b4                I2C_Master_mstrRdBufPtr
                0x1fff81b8                I2C_Master_mstrControl
                0x1fff81b9                I2C_Master_mstrStatus
                0x1fff81ba                I2C_Master_mstrRdBufSize
 *fill*         0x1fff81bb        0x1 
 COMMON         0x1fff81bc        0x4 c:/program files (x86)/cypress/psoc creator/4.4/psoc creator/import/gnu/arm/5.4.1/bin/../lib/gcc/arm-none-eabi/5.4.1/../../../../arm-none-eabi/lib/armv7-m\libg_nano.a(lib_a-reent.o)
                0x1fff81bc                errno
                0x1fff81c0                . = ALIGN (0x8)
 *(.ram.b)
                0x1fff81c0                _end = .
                0x1fff81c0                __end = .
                0x1fff81c0                PROVIDE (end, .)
                0x1fff81c0                PROVIDE (__bss_end__, .)
                0x000039c0                __cy_region_init_ram = LOADADDR (.data)
                0x000000b8                __cy_region_init_size_ram = (_edata - ADDR (.data))
                0x00000040                __cy_region_zero_size_ram = (_end - _edata)

.heap           0x1fff81c0      0x200 load address 0x00003a78
                0x1fff81c0                . = _end
                0x1fff83c0                . = (. + 0x200)
 *fill*         0x1fff81c0      0x200 
                0x1fff83c0                __cy_heap_limit = .

.stack          0x20007800      0x800
                0x20007800                __cy_stack_limit = .
                0x20008000                . = (. + 0x800)
 *fill*         0x20007800      0x800 
                0x00000001                ASSERT ((__cy_stack_limit >= __cy_heap_limit), region RAM overflowed with stack)
                0x00000000                cy_checksum_exclude_size = (CY_APPL_LOADABLE == 0x1)?SIZEOF (.cy_checksum_exclude):0x0
                0x00000001                ASSERT ((cy_checksum_exclude_size <= CY_CHECKSUM_EXCLUDE_SIZE), CY_BOOT: Section .cy_checksum_exclude size exceedes specified limit.)

.cyloadermeta
 *(.cyloadermeta)

.cyloadablemeta
 *(.cyloadablemeta)

.cyconfigecc    0x80000000      0x3a0
 *(.cyconfigecc)
 .cyconfigecc   0x80000000      0x3a0 .\CortexM3\ARM_GCC_541\Debug\cymetadata.o
                0x80000000                cy_meta_configecc

.cycustnvl      0x90000000        0x4
 *(.cycustnvl)
 .cycustnvl     0x90000000        0x4 .\CortexM3\ARM_GCC_541\Debug\cymetadata.o
                0x90000000                cy_meta_custnvl

.cywolatch      0x90100000        0x4
 *(.cywolatch)
 .cywolatch     0x90100000        0x4 .\CortexM3\ARM_GCC_541\Debug\cymetadata.o
                0x90100000                cy_meta_wonvl

.cyeeprom       0x90200000        0x0
 *(.cyeeprom)
                0x00000001                ASSERT ((. <= ((0x90200000 + ee_offset) + ee_size)), .cyeeprom data will not fit in EEPROM)

.cyflashprotect
                0x90400000      0x100
 *(.cyflashprotect)
 .cyflashprotect
                0x90400000      0x100 .\CortexM3\ARM_GCC_541\Debug\cymetadata.o
                0x90400000                cy_meta_flashprotect

.cymeta         0x90500000        0xc
 *(.cymeta)
 .cymeta        0x90500000        0xc .\CortexM3\ARM_GCC_541\Debug\cymetadata.o
                0x90500000                cy_metadata

.rel.dyn        0x00003a78        0x0 load address 0x9050000c
 .rel.iplt      0x00003a78        0x0 c:/program files (x86)/cypress/psoc creator/4.4/psoc creator/import/gnu/arm/5.4.1/bin/../lib/gcc/arm-none-eabi/5.4.1/armv7-m/crtbegin.o

.stab
 *(.stab)

.stabstr
 *(.stabstr)

.debug
 *(.debug)

.line
 *(.line)

.debug_srcinfo
 *(.debug_srcinfo)

.debug_sfnames
 *(.debug_sfnames)

.debug_aranges  0x00000000      0x7f0
 *(.debug_aranges)
 .debug_aranges
                0x00000000       0x20 .\CortexM3\ARM_GCC_541\Debug\main.o
 .debug_aranges
                0x00000020       0x48 .\CortexM3\ARM_GCC_541\Debug\I2C_Interface.o
 .debug_aranges
                0x00000068       0x58 .\CortexM3\ARM_GCC_541\Debug\cyfitter_cfg.o
 .debug_aranges
                0x000000c0       0x18 .\CortexM3\ARM_GCC_541\Debug\cymetadata.o
 .debug_aranges
                0x000000d8       0x48 .\CortexM3\ARM_GCC_541\Debug\Cm3Start.o
 .debug_aranges
                0x00000120       0xf0 .\CortexM3\ARM_GCC_541\Debug\ACC_FIFO_while_empty.a(UART_1.o)
 .debug_aranges
                0x00000210       0x38 .\CortexM3\ARM_GCC_541\Debug\ACC_FIFO_while_empty.a(I2C_Master.o)
 .debug_aranges
                0x00000248       0x20 .\CortexM3\ARM_GCC_541\Debug\ACC_FIFO_while_empty.a(I2C_Master_INT.o)
 .debug_aranges
                0x00000268       0x38 .\CortexM3\ARM_GCC_541\Debug\ACC_FIFO_while_empty.a(I2C_Master_PM.o)
 .debug_aranges
                0x000002a0       0x80 .\CortexM3\ARM_GCC_541\Debug\ACC_FIFO_while_empty.a(I2C_Master_MASTER.o)
 .debug_aranges
                0x00000320       0x70 .\CortexM3\ARM_GCC_541\Debug\ACC_FIFO_while_empty.a(UART_1_IntClock.o)
 .debug_aranges
                0x00000390      0x2a0 .\CortexM3\ARM_GCC_541\Debug\ACC_FIFO_while_empty.a(CyLib.o)
 .debug_aranges
                0x00000630       0x98 .\CortexM3\ARM_GCC_541\Debug\ACC_FIFO_while_empty.a(cyPm.o)
 .debug_aranges
                0x000006c8       0x20 .\CortexM3\ARM_GCC_541\Debug\ACC_FIFO_while_empty.a(CyBootAsmGnu.o)
 .debug_aranges
                0x000006e8       0x88 .\CortexM3\ARM_GCC_541\Debug\ACC_FIFO_while_empty.a(CyFlash.o)
 .debug_aranges
                0x00000770       0x80 .\CortexM3\ARM_GCC_541\Debug\ACC_FIFO_while_empty.a(CySpc.o)

.debug_pubnames
 *(.debug_pubnames)

.debug_info     0x00000000     0x5156
 *(.debug_info .gnu.linkonce.wi.*)
 .debug_info    0x00000000      0x5d8 .\CortexM3\ARM_GCC_541\Debug\main.o
 .debug_info    0x000005d8      0x3f9 .\CortexM3\ARM_GCC_541\Debug\I2C_Interface.o
 .debug_info    0x000009d1      0x5a8 .\CortexM3\ARM_GCC_541\Debug\cyfitter_cfg.o
 .debug_info    0x00000f79      0x135 .\CortexM3\ARM_GCC_541\Debug\cymetadata.o
 .debug_info    0x000010ae      0x3bb .\CortexM3\ARM_GCC_541\Debug\Cm3Start.o
 .debug_info    0x00001469      0x60c .\CortexM3\ARM_GCC_541\Debug\ACC_FIFO_while_empty.a(UART_1.o)
 .debug_info    0x00001a75      0x2ad .\CortexM3\ARM_GCC_541\Debug\ACC_FIFO_while_empty.a(I2C_Master.o)
 .debug_info    0x00001d22      0x184 .\CortexM3\ARM_GCC_541\Debug\ACC_FIFO_while_empty.a(I2C_Master_INT.o)
 .debug_info    0x00001ea6      0x207 .\CortexM3\ARM_GCC_541\Debug\ACC_FIFO_while_empty.a(I2C_Master_PM.o)
 .debug_info    0x000020ad      0x407 .\CortexM3\ARM_GCC_541\Debug\ACC_FIFO_while_empty.a(I2C_Master_MASTER.o)
 .debug_info    0x000024b4      0x283 .\CortexM3\ARM_GCC_541\Debug\ACC_FIFO_while_empty.a(UART_1_IntClock.o)
 .debug_info    0x00002737     0x1374 .\CortexM3\ARM_GCC_541\Debug\ACC_FIFO_while_empty.a(CyLib.o)
 .debug_info    0x00003aab      0xa2a .\CortexM3\ARM_GCC_541\Debug\ACC_FIFO_while_empty.a(cyPm.o)
 .debug_info    0x000044d5       0xe4 .\CortexM3\ARM_GCC_541\Debug\ACC_FIFO_while_empty.a(CyBootAsmGnu.o)
 .debug_info    0x000045b9      0x64d .\CortexM3\ARM_GCC_541\Debug\ACC_FIFO_while_empty.a(CyFlash.o)
 .debug_info    0x00004c06      0x550 .\CortexM3\ARM_GCC_541\Debug\ACC_FIFO_while_empty.a(CySpc.o)

.debug_abbrev   0x00000000     0x1474
 *(.debug_abbrev)
 .debug_abbrev  0x00000000      0x139 .\CortexM3\ARM_GCC_541\Debug\main.o
 .debug_abbrev  0x00000139       0xea .\CortexM3\ARM_GCC_541\Debug\I2C_Interface.o
 .debug_abbrev  0x00000223      0x20d .\CortexM3\ARM_GCC_541\Debug\cyfitter_cfg.o
 .debug_abbrev  0x00000430       0x66 .\CortexM3\ARM_GCC_541\Debug\cymetadata.o
 .debug_abbrev  0x00000496      0x1e8 .\CortexM3\ARM_GCC_541\Debug\Cm3Start.o
 .debug_abbrev  0x0000067e      0x175 .\CortexM3\ARM_GCC_541\Debug\ACC_FIFO_while_empty.a(UART_1.o)
 .debug_abbrev  0x000007f3      0x10a .\CortexM3\ARM_GCC_541\Debug\ACC_FIFO_while_empty.a(I2C_Master.o)
 .debug_abbrev  0x000008fd       0xb6 .\CortexM3\ARM_GCC_541\Debug\ACC_FIFO_while_empty.a(I2C_Master_INT.o)
 .debug_abbrev  0x000009b3       0xfe .\CortexM3\ARM_GCC_541\Debug\ACC_FIFO_while_empty.a(I2C_Master_PM.o)
 .debug_abbrev  0x00000ab1      0x13c .\CortexM3\ARM_GCC_541\Debug\ACC_FIFO_while_empty.a(I2C_Master_MASTER.o)
 .debug_abbrev  0x00000bed      0x139 .\CortexM3\ARM_GCC_541\Debug\ACC_FIFO_while_empty.a(UART_1_IntClock.o)
 .debug_abbrev  0x00000d26      0x254 .\CortexM3\ARM_GCC_541\Debug\ACC_FIFO_while_empty.a(CyLib.o)
 .debug_abbrev  0x00000f7a      0x1ab .\CortexM3\ARM_GCC_541\Debug\ACC_FIFO_while_empty.a(cyPm.o)
 .debug_abbrev  0x00001125       0x14 .\CortexM3\ARM_GCC_541\Debug\ACC_FIFO_while_empty.a(CyBootAsmGnu.o)
 .debug_abbrev  0x00001139      0x1a7 .\CortexM3\ARM_GCC_541\Debug\ACC_FIFO_while_empty.a(CyFlash.o)
 .debug_abbrev  0x000012e0      0x194 .\CortexM3\ARM_GCC_541\Debug\ACC_FIFO_while_empty.a(CySpc.o)

.debug_line     0x00000000     0x2357
 *(.debug_line)
 .debug_line    0x00000000      0x27a .\CortexM3\ARM_GCC_541\Debug\main.o
 .debug_line    0x0000027a      0x1f6 .\CortexM3\ARM_GCC_541\Debug\I2C_Interface.o
 .debug_line    0x00000470        0x0 .\CortexM3\ARM_GCC_541\Debug\interrupt_Routines.o
 .debug_line    0x00000470      0x1f3 .\CortexM3\ARM_GCC_541\Debug\cyfitter_cfg.o
 .debug_line    0x00000663      0x141 .\CortexM3\ARM_GCC_541\Debug\cymetadata.o
 .debug_line    0x000007a4      0x234 .\CortexM3\ARM_GCC_541\Debug\Cm3Start.o
 .debug_line    0x000009d8      0x2c0 .\CortexM3\ARM_GCC_541\Debug\ACC_FIFO_while_empty.a(UART_1.o)
 .debug_line    0x00000c98       0xee .\CortexM3\ARM_GCC_541\Debug\ACC_FIFO_while_empty.a(I2C_Master.o)
 .debug_line    0x00000d86      0x122 .\CortexM3\ARM_GCC_541\Debug\ACC_FIFO_while_empty.a(I2C_Master_INT.o)
 .debug_line    0x00000ea8       0xc9 .\CortexM3\ARM_GCC_541\Debug\ACC_FIFO_while_empty.a(I2C_Master_PM.o)
 .debug_line    0x00000f71      0x20b .\CortexM3\ARM_GCC_541\Debug\ACC_FIFO_while_empty.a(I2C_Master_MASTER.o)
 .debug_line    0x0000117c      0x17e .\CortexM3\ARM_GCC_541\Debug\ACC_FIFO_while_empty.a(UART_1_IntClock.o)
 .debug_line    0x000012fa      0x816 .\CortexM3\ARM_GCC_541\Debug\ACC_FIFO_while_empty.a(CyLib.o)
 .debug_line    0x00001b10      0x367 .\CortexM3\ARM_GCC_541\Debug\ACC_FIFO_while_empty.a(cyPm.o)
 .debug_line    0x00001e77       0x66 .\CortexM3\ARM_GCC_541\Debug\ACC_FIFO_while_empty.a(CyBootAsmGnu.o)
 .debug_line    0x00001edd      0x21a .\CortexM3\ARM_GCC_541\Debug\ACC_FIFO_while_empty.a(CyFlash.o)
 .debug_line    0x000020f7      0x260 .\CortexM3\ARM_GCC_541\Debug\ACC_FIFO_while_empty.a(CySpc.o)

.debug_frame    0x00000000     0x1cac
 *(.debug_frame)
 .debug_frame   0x00000000       0x34 .\CortexM3\ARM_GCC_541\Debug\main.o
 .debug_frame   0x00000034       0xd4 .\CortexM3\ARM_GCC_541\Debug\I2C_Interface.o
 .debug_frame   0x00000108       0xe4 .\CortexM3\ARM_GCC_541\Debug\cyfitter_cfg.o
 .debug_frame   0x000001ec       0xb8 .\CortexM3\ARM_GCC_541\Debug\Cm3Start.o
 .debug_frame   0x000002a4      0x250 .\CortexM3\ARM_GCC_541\Debug\ACC_FIFO_while_empty.a(UART_1.o)
 .debug_frame   0x000004f4       0x94 .\CortexM3\ARM_GCC_541\Debug\ACC_FIFO_while_empty.a(I2C_Master.o)
 .debug_frame   0x00000588       0x30 .\CortexM3\ARM_GCC_541\Debug\ACC_FIFO_while_empty.a(I2C_Master_INT.o)
 .debug_frame   0x000005b8       0x74 .\CortexM3\ARM_GCC_541\Debug\ACC_FIFO_while_empty.a(I2C_Master_PM.o)
 .debug_frame   0x0000062c      0x138 .\CortexM3\ARM_GCC_541\Debug\ACC_FIFO_while_empty.a(I2C_Master_MASTER.o)
 .debug_frame   0x00000764       0xe0 .\CortexM3\ARM_GCC_541\Debug\ACC_FIFO_while_empty.a(UART_1_IntClock.o)
 .debug_frame   0x00000844      0x738 .\CortexM3\ARM_GCC_541\Debug\ACC_FIFO_while_empty.a(CyLib.o)
 .debug_frame   0x00000f7c      0x1f8 .\CortexM3\ARM_GCC_541\Debug\ACC_FIFO_while_empty.a(cyPm.o)
 .debug_frame   0x00001174      0x194 .\CortexM3\ARM_GCC_541\Debug\ACC_FIFO_while_empty.a(CyFlash.o)
 .debug_frame   0x00001308      0x180 .\CortexM3\ARM_GCC_541\Debug\ACC_FIFO_while_empty.a(CySpc.o)
 .debug_frame   0x00001488       0x20 c:/program files (x86)/cypress/psoc creator/4.4/psoc creator/import/gnu/arm/5.4.1/bin/../lib/gcc/arm-none-eabi/5.4.1/../../../../arm-none-eabi/lib/armv7-m\libg_nano.a(lib_a-errno.o)
 .debug_frame   0x000014a8       0x28 c:/program files (x86)/cypress/psoc creator/4.4/psoc creator/import/gnu/arm/5.4.1/bin/../lib/gcc/arm-none-eabi/5.4.1/../../../../arm-none-eabi/lib/armv7-m\libg_nano.a(lib_a-exit.o)
 .debug_frame   0x000014d0       0x2c c:/program files (x86)/cypress/psoc creator/4.4/psoc creator/import/gnu/arm/5.4.1/bin/../lib/gcc/arm-none-eabi/5.4.1/../../../../arm-none-eabi/lib/armv7-m\libg_nano.a(lib_a-init.o)
 .debug_frame   0x000014fc       0x28 c:/program files (x86)/cypress/psoc creator/4.4/psoc creator/import/gnu/arm/5.4.1/bin/../lib/gcc/arm-none-eabi/5.4.1/../../../../arm-none-eabi/lib/armv7-m\libg_nano.a(lib_a-memcpy-stub.o)
 .debug_frame   0x00001524       0x20 c:/program files (x86)/cypress/psoc creator/4.4/psoc creator/import/gnu/arm/5.4.1/bin/../lib/gcc/arm-none-eabi/5.4.1/../../../../arm-none-eabi/lib/armv7-m\libg_nano.a(lib_a-memset.o)
 .debug_frame   0x00001544       0x8c c:/program files (x86)/cypress/psoc creator/4.4/psoc creator/import/gnu/arm/5.4.1/bin/../lib/gcc/arm-none-eabi/5.4.1/../../../../arm-none-eabi/lib/armv7-m\libg_nano.a(lib_a-nano-vfprintf_float.o)
 .debug_frame   0x000015d0       0x60 c:/program files (x86)/cypress/psoc creator/4.4/psoc creator/import/gnu/arm/5.4.1/bin/../lib/gcc/arm-none-eabi/5.4.1/../../../../arm-none-eabi/lib/armv7-m\libg_nano.a(lib_a-nano-vfprintf_i.o)
 .debug_frame   0x00001630       0x70 c:/program files (x86)/cypress/psoc creator/4.4/psoc creator/import/gnu/arm/5.4.1/bin/../lib/gcc/arm-none-eabi/5.4.1/../../../../arm-none-eabi/lib/armv7-m\libg_nano.a(lib_a-sprintf.o)
 .debug_frame   0x000016a0       0x6c c:/program files (x86)/cypress/psoc creator/4.4/psoc creator/import/gnu/arm/5.4.1/bin/../lib/gcc/arm-none-eabi/5.4.1/../../../../arm-none-eabi/lib/armv7-m\libg_nano.a(lib_a-dtoa.o)
 .debug_frame   0x0000170c       0x98 c:/program files (x86)/cypress/psoc creator/4.4/psoc creator/import/gnu/arm/5.4.1/bin/../lib/gcc/arm-none-eabi/5.4.1/../../../../arm-none-eabi/lib/armv7-m\libg_nano.a(lib_a-locale.o)
 .debug_frame   0x000017a4       0x30 c:/program files (x86)/cypress/psoc creator/4.4/psoc creator/import/gnu/arm/5.4.1/bin/../lib/gcc/arm-none-eabi/5.4.1/../../../../arm-none-eabi/lib/armv7-m\libg_nano.a(lib_a-malloc.o)
 .debug_frame   0x000017d4       0x28 c:/program files (x86)/cypress/psoc creator/4.4/psoc creator/import/gnu/arm/5.4.1/bin/../lib/gcc/arm-none-eabi/5.4.1/../../../../arm-none-eabi/lib/armv7-m\libg_nano.a(lib_a-memchr-stub.o)
 .debug_frame   0x000017fc      0x234 c:/program files (x86)/cypress/psoc creator/4.4/psoc creator/import/gnu/arm/5.4.1/bin/../lib/gcc/arm-none-eabi/5.4.1/../../../../arm-none-eabi/lib/armv7-m\libg_nano.a(lib_a-mprec.o)
 .debug_frame   0x00001a30       0x2c c:/program files (x86)/cypress/psoc creator/4.4/psoc creator/import/gnu/arm/5.4.1/bin/../lib/gcc/arm-none-eabi/5.4.1/../../../../arm-none-eabi/lib/armv7-m\libg_nano.a(lib_a-nano-callocr.o)
 .debug_frame   0x00001a5c       0x38 c:/program files (x86)/cypress/psoc creator/4.4/psoc creator/import/gnu/arm/5.4.1/bin/../lib/gcc/arm-none-eabi/5.4.1/../../../../arm-none-eabi/lib/armv7-m\libg_nano.a(lib_a-nano-freer.o)
 .debug_frame   0x00001a94       0x2c c:/program files (x86)/cypress/psoc creator/4.4/psoc creator/import/gnu/arm/5.4.1/bin/../lib/gcc/arm-none-eabi/5.4.1/../../../../arm-none-eabi/lib/armv7-m\libg_nano.a(lib_a-nano-mallocr.o)
 .debug_frame   0x00001ac0       0x90 c:/program files (x86)/cypress/psoc creator/4.4/psoc creator/import/gnu/arm/5.4.1/bin/../lib/gcc/arm-none-eabi/5.4.1/../../../../arm-none-eabi/lib/armv7-m\libg_nano.a(lib_a-nano-svfprintf.o)
 .debug_frame   0x00001b50       0x2c c:/program files (x86)/cypress/psoc creator/4.4/psoc creator/import/gnu/arm/5.4.1/bin/../lib/gcc/arm-none-eabi/5.4.1/../../../../arm-none-eabi/lib/armv7-m\libg_nano.a(lib_a-sbrkr.o)
 .debug_frame   0x00001b7c       0x20 c:/program files (x86)/cypress/psoc creator/4.4/psoc creator/import/gnu/arm/5.4.1/bin/../lib/gcc/arm-none-eabi/5.4.1/../../../../arm-none-eabi/lib/armv7-m\libg_nano.a(lib_a-strcmp.o)
 .debug_frame   0x00001b9c       0x28 c:/program files (x86)/cypress/psoc creator/4.4/psoc creator/import/gnu/arm/5.4.1/bin/../lib/gcc/arm-none-eabi/5.4.1/../../../../arm-none-eabi/lib/armv7-m\libg_nano.a(lib_a-memmove.o)
 .debug_frame   0x00001bc4       0x30 c:/program files (x86)/cypress/psoc creator/4.4/psoc creator/import/gnu/arm/5.4.1/bin/../lib/gcc/arm-none-eabi/5.4.1/../../../../arm-none-eabi/lib/armv7-m\libg_nano.a(lib_a-mlock.o)
 .debug_frame   0x00001bf4       0x3c c:/program files (x86)/cypress/psoc creator/4.4/psoc creator/import/gnu/arm/5.4.1/bin/../lib/gcc/arm-none-eabi/5.4.1/../../../../arm-none-eabi/lib/armv7-m\libg_nano.a(lib_a-nano-reallocr.o)
 .debug_frame   0x00001c30       0x5c c:/program files (x86)/cypress/psoc creator/4.4/psoc creator/import/gnu/arm/5.4.1/bin/../lib/gcc/arm-none-eabi/5.4.1/../../../../arm-none-eabi/lib/armv7-m\libg_nano.a(lib_a-reent.o)
 .debug_frame   0x00001c8c       0x20 c:/program files (x86)/cypress/psoc creator/4.4/psoc creator/import/gnu/arm/5.4.1/bin/../lib/gcc/arm-none-eabi/5.4.1/../../../../arm-none-eabi/lib/armv7-m\libg_nano.a(lib_a-nano-msizer.o)

.debug_str      0x00000000     0x1db5
 *(.debug_str)
 .debug_str     0x00000000      0x2dd .\CortexM3\ARM_GCC_541\Debug\main.o
                                0x340 (size before relaxing)
 .debug_str     0x000002dd      0x153 .\CortexM3\ARM_GCC_541\Debug\I2C_Interface.o
                                0x3a6 (size before relaxing)
 .debug_str     0x00000430       0x15 .\CortexM3\ARM_GCC_541\Debug\interrupt_Routines.o
                                0x139 (size before relaxing)
 .debug_str     0x00000445      0x1b6 .\CortexM3\ARM_GCC_541\Debug\cyfitter_cfg.o
                                0x398 (size before relaxing)
 .debug_str     0x000005fb       0x75 .\CortexM3\ARM_GCC_541\Debug\cymetadata.o
                                0x238 (size before relaxing)
 .debug_str     0x00000670      0x144 .\CortexM3\ARM_GCC_541\Debug\Cm3Start.o
                                0x35e (size before relaxing)
 .debug_str     0x000007b4      0x2f4 .\CortexM3\ARM_GCC_541\Debug\ACC_FIFO_while_empty.a(UART_1.o)
                                0x507 (size before relaxing)
 .debug_str     0x00000aa8      0x13f .\CortexM3\ARM_GCC_541\Debug\ACC_FIFO_while_empty.a(I2C_Master.o)
                                0x389 (size before relaxing)
 .debug_str     0x00000be7       0xb7 .\CortexM3\ARM_GCC_541\Debug\ACC_FIFO_while_empty.a(I2C_Master_INT.o)
                                0x300 (size before relaxing)
 .debug_str     0x00000c9e       0x79 .\CortexM3\ARM_GCC_541\Debug\ACC_FIFO_while_empty.a(I2C_Master_PM.o)
                                0x310 (size before relaxing)
 .debug_str     0x00000d17      0x150 .\CortexM3\ARM_GCC_541\Debug\ACC_FIFO_while_empty.a(I2C_Master_MASTER.o)
                                0x499 (size before relaxing)
 .debug_str     0x00000e67      0x197 .\CortexM3\ARM_GCC_541\Debug\ACC_FIFO_while_empty.a(UART_1_IntClock.o)
                                0x3a2 (size before relaxing)
 .debug_str     0x00000ffe      0x7eb .\CortexM3\ARM_GCC_541\Debug\ACC_FIFO_while_empty.a(CyLib.o)
                                0xa9b (size before relaxing)
 .debug_str     0x000017e9      0x365 .\CortexM3\ARM_GCC_541\Debug\ACC_FIFO_while_empty.a(cyPm.o)
                                0x787 (size before relaxing)
 .debug_str     0x00001b4e      0x1bb .\CortexM3\ARM_GCC_541\Debug\ACC_FIFO_while_empty.a(CyFlash.o)
                                0x414 (size before relaxing)
 .debug_str     0x00001d09       0xac .\CortexM3\ARM_GCC_541\Debug\ACC_FIFO_while_empty.a(CySpc.o)
                                0x38c (size before relaxing)

.debug_loc      0x00000000     0x26e9
 *(.debug_loc)
 .debug_loc     0x00000000       0xfe .\CortexM3\ARM_GCC_541\Debug\main.o
 .debug_loc     0x000000fe      0x24a .\CortexM3\ARM_GCC_541\Debug\I2C_Interface.o
 .debug_loc     0x00000348      0x289 .\CortexM3\ARM_GCC_541\Debug\cyfitter_cfg.o
 .debug_loc     0x000005d1      0x144 .\CortexM3\ARM_GCC_541\Debug\Cm3Start.o
 .debug_loc     0x00000715      0x258 .\CortexM3\ARM_GCC_541\Debug\ACC_FIFO_while_empty.a(UART_1.o)
 .debug_loc     0x0000096d       0x39 .\CortexM3\ARM_GCC_541\Debug\ACC_FIFO_while_empty.a(I2C_Master.o)
 .debug_loc     0x000009a6       0x29 .\CortexM3\ARM_GCC_541\Debug\ACC_FIFO_while_empty.a(I2C_Master_INT.o)
 .debug_loc     0x000009cf       0x13 .\CortexM3\ARM_GCC_541\Debug\ACC_FIFO_while_empty.a(I2C_Master_PM.o)
 .debug_loc     0x000009e2      0x52f .\CortexM3\ARM_GCC_541\Debug\ACC_FIFO_while_empty.a(I2C_Master_MASTER.o)
 .debug_loc     0x00000f11      0x12c .\CortexM3\ARM_GCC_541\Debug\ACC_FIFO_while_empty.a(UART_1_IntClock.o)
 .debug_loc     0x0000103d      0xa11 .\CortexM3\ARM_GCC_541\Debug\ACC_FIFO_while_empty.a(CyLib.o)
 .debug_loc     0x00001a4e      0x1e4 .\CortexM3\ARM_GCC_541\Debug\ACC_FIFO_while_empty.a(cyPm.o)
 .debug_loc     0x00001c32      0x3b2 .\CortexM3\ARM_GCC_541\Debug\ACC_FIFO_while_empty.a(CyFlash.o)
 .debug_loc     0x00001fe4      0x705 .\CortexM3\ARM_GCC_541\Debug\ACC_FIFO_while_empty.a(CySpc.o)

.debug_macinfo
 *(.debug_macinfo)

.debug_ranges   0x00000000      0x6f0
 *(.debug_ranges)
 .debug_ranges  0x00000000       0x10 .\CortexM3\ARM_GCC_541\Debug\main.o
 .debug_ranges  0x00000010       0x50 .\CortexM3\ARM_GCC_541\Debug\I2C_Interface.o
 .debug_ranges  0x00000060       0x48 .\CortexM3\ARM_GCC_541\Debug\cyfitter_cfg.o
 .debug_ranges  0x000000a8       0x38 .\CortexM3\ARM_GCC_541\Debug\Cm3Start.o
 .debug_ranges  0x000000e0       0xe0 .\CortexM3\ARM_GCC_541\Debug\ACC_FIFO_while_empty.a(UART_1.o)
 .debug_ranges  0x000001c0       0x28 .\CortexM3\ARM_GCC_541\Debug\ACC_FIFO_while_empty.a(I2C_Master.o)
 .debug_ranges  0x000001e8       0x10 .\CortexM3\ARM_GCC_541\Debug\ACC_FIFO_while_empty.a(I2C_Master_INT.o)
 .debug_ranges  0x000001f8       0x28 .\CortexM3\ARM_GCC_541\Debug\ACC_FIFO_while_empty.a(I2C_Master_PM.o)
 .debug_ranges  0x00000220       0x70 .\CortexM3\ARM_GCC_541\Debug\ACC_FIFO_while_empty.a(I2C_Master_MASTER.o)
 .debug_ranges  0x00000290       0x60 .\CortexM3\ARM_GCC_541\Debug\ACC_FIFO_while_empty.a(UART_1_IntClock.o)
 .debug_ranges  0x000002f0      0x290 .\CortexM3\ARM_GCC_541\Debug\ACC_FIFO_while_empty.a(CyLib.o)
 .debug_ranges  0x00000580       0x88 .\CortexM3\ARM_GCC_541\Debug\ACC_FIFO_while_empty.a(cyPm.o)
 .debug_ranges  0x00000608       0x78 .\CortexM3\ARM_GCC_541\Debug\ACC_FIFO_while_empty.a(CyFlash.o)
 .debug_ranges  0x00000680       0x70 .\CortexM3\ARM_GCC_541\Debug\ACC_FIFO_while_empty.a(CySpc.o)

.comment        0x00000000       0x6e
 .comment       0x00000000       0x6e .\CortexM3\ARM_GCC_541\Debug\main.o
                                 0x6f (size before relaxing)
 .comment       0x0000006e       0x6f .\CortexM3\ARM_GCC_541\Debug\I2C_Interface.o
 .comment       0x0000006e       0x6f .\CortexM3\ARM_GCC_541\Debug\interrupt_Routines.o
 .comment       0x0000006e       0x6f .\CortexM3\ARM_GCC_541\Debug\cyfitter_cfg.o
 .comment       0x0000006e       0x6f .\CortexM3\ARM_GCC_541\Debug\cymetadata.o
 .comment       0x0000006e       0x6f .\CortexM3\ARM_GCC_541\Debug\Cm3Start.o
 .comment       0x0000006e       0x6f .\CortexM3\ARM_GCC_541\Debug\ACC_FIFO_while_empty.a(UART_1.o)
 .comment       0x0000006e       0x6f .\CortexM3\ARM_GCC_541\Debug\ACC_FIFO_while_empty.a(I2C_Master.o)
 .comment       0x0000006e       0x6f .\CortexM3\ARM_GCC_541\Debug\ACC_FIFO_while_empty.a(I2C_Master_INT.o)
 .comment       0x0000006e       0x6f .\CortexM3\ARM_GCC_541\Debug\ACC_FIFO_while_empty.a(I2C_Master_PM.o)
 .comment       0x0000006e       0x6f .\CortexM3\ARM_GCC_541\Debug\ACC_FIFO_while_empty.a(I2C_Master_MASTER.o)
 .comment       0x0000006e       0x6f .\CortexM3\ARM_GCC_541\Debug\ACC_FIFO_while_empty.a(UART_1_IntClock.o)
 .comment       0x0000006e       0x6f .\CortexM3\ARM_GCC_541\Debug\ACC_FIFO_while_empty.a(CyLib.o)
 .comment       0x0000006e       0x6f .\CortexM3\ARM_GCC_541\Debug\ACC_FIFO_while_empty.a(cyPm.o)
 .comment       0x0000006e       0x6f .\CortexM3\ARM_GCC_541\Debug\ACC_FIFO_while_empty.a(CyFlash.o)
 .comment       0x0000006e       0x6f .\CortexM3\ARM_GCC_541\Debug\ACC_FIFO_while_empty.a(CySpc.o)

.debug_weaknames
 *(.debug_weaknames)

.debug_funcnames
 *(.debug_funcnames)

.debug_typenames
 *(.debug_typenames)

.debug_varnames
 *(.debug_varnames)

.note.gnu.arm.ident
 *(.note.gnu.arm.ident)

.ARM.attributes
                0x00000000       0x29
 *(.ARM.attributes)
 .ARM.attributes
                0x00000000       0x1d c:/program files (x86)/cypress/psoc creator/4.4/psoc creator/import/gnu/arm/5.4.1/bin/../lib/gcc/arm-none-eabi/5.4.1/armv7-m/crti.o
 .ARM.attributes
                0x0000001d       0x2d c:/program files (x86)/cypress/psoc creator/4.4/psoc creator/import/gnu/arm/5.4.1/bin/../lib/gcc/arm-none-eabi/5.4.1/armv7-m/crtbegin.o
 .ARM.attributes
                0x0000004a       0x1b c:/program files (x86)/cypress/psoc creator/4.4/psoc creator/import/gnu/arm/5.4.1/bin/../lib/gcc/arm-none-eabi/5.4.1/../../../../arm-none-eabi/lib/armv7-m/crt0.o
 .ARM.attributes
                0x00000065       0x33 .\CortexM3\ARM_GCC_541\Debug\main.o
 .ARM.attributes
                0x00000098       0x33 .\CortexM3\ARM_GCC_541\Debug\I2C_Interface.o
 .ARM.attributes
                0x000000cb       0x33 .\CortexM3\ARM_GCC_541\Debug\interrupt_Routines.o
 .ARM.attributes
                0x000000fe       0x33 .\CortexM3\ARM_GCC_541\Debug\cyfitter_cfg.o
 .ARM.attributes
                0x00000131       0x33 .\CortexM3\ARM_GCC_541\Debug\cymetadata.o
 .ARM.attributes
                0x00000164       0x33 .\CortexM3\ARM_GCC_541\Debug\Cm3Start.o
 .ARM.attributes
                0x00000197       0x33 .\CortexM3\ARM_GCC_541\Debug\ACC_FIFO_while_empty.a(UART_1.o)
 .ARM.attributes
                0x000001ca       0x33 .\CortexM3\ARM_GCC_541\Debug\ACC_FIFO_while_empty.a(I2C_Master.o)
 .ARM.attributes
                0x000001fd       0x33 .\CortexM3\ARM_GCC_541\Debug\ACC_FIFO_while_empty.a(I2C_Master_INT.o)
 .ARM.attributes
                0x00000230       0x33 .\CortexM3\ARM_GCC_541\Debug\ACC_FIFO_while_empty.a(I2C_Master_PM.o)
 .ARM.attributes
                0x00000263       0x33 .\CortexM3\ARM_GCC_541\Debug\ACC_FIFO_while_empty.a(I2C_Master_MASTER.o)
 .ARM.attributes
                0x00000296       0x33 .\CortexM3\ARM_GCC_541\Debug\ACC_FIFO_while_empty.a(UART_1_IntClock.o)
 .ARM.attributes
                0x000002c9       0x33 .\CortexM3\ARM_GCC_541\Debug\ACC_FIFO_while_empty.a(CyLib.o)
 .ARM.attributes
                0x000002fc       0x33 .\CortexM3\ARM_GCC_541\Debug\ACC_FIFO_while_empty.a(cyPm.o)
 .ARM.attributes
                0x0000032f       0x21 .\CortexM3\ARM_GCC_541\Debug\ACC_FIFO_while_empty.a(CyBootAsmGnu.o)
 .ARM.attributes
                0x00000350       0x33 .\CortexM3\ARM_GCC_541\Debug\ACC_FIFO_while_empty.a(CyFlash.o)
 .ARM.attributes
                0x00000383       0x33 .\CortexM3\ARM_GCC_541\Debug\ACC_FIFO_while_empty.a(CySpc.o)
 .ARM.attributes
                0x000003b6       0x2d c:/program files (x86)/cypress/psoc creator/4.4/psoc creator/import/gnu/arm/5.4.1/bin/../lib/gcc/arm-none-eabi/5.4.1/../../../../arm-none-eabi/lib/armv7-m\libg_nano.a(lib_a-errno.o)
 .ARM.attributes
                0x000003e3       0x2d c:/program files (x86)/cypress/psoc creator/4.4/psoc creator/import/gnu/arm/5.4.1/bin/../lib/gcc/arm-none-eabi/5.4.1/../../../../arm-none-eabi/lib/armv7-m\libg_nano.a(lib_a-exit.o)
 .ARM.attributes
                0x00000410       0x2d c:/program files (x86)/cypress/psoc creator/4.4/psoc creator/import/gnu/arm/5.4.1/bin/../lib/gcc/arm-none-eabi/5.4.1/../../../../arm-none-eabi/lib/armv7-m\libg_nano.a(lib_a-impure.o)
 .ARM.attributes
                0x0000043d       0x2d c:/program files (x86)/cypress/psoc creator/4.4/psoc creator/import/gnu/arm/5.4.1/bin/../lib/gcc/arm-none-eabi/5.4.1/../../../../arm-none-eabi/lib/armv7-m\libg_nano.a(lib_a-init.o)
 .ARM.attributes
                0x0000046a       0x2d c:/program files (x86)/cypress/psoc creator/4.4/psoc creator/import/gnu/arm/5.4.1/bin/../lib/gcc/arm-none-eabi/5.4.1/../../../../arm-none-eabi/lib/armv7-m\libg_nano.a(lib_a-memcpy-stub.o)
 .ARM.attributes
                0x00000497       0x2d c:/program files (x86)/cypress/psoc creator/4.4/psoc creator/import/gnu/arm/5.4.1/bin/../lib/gcc/arm-none-eabi/5.4.1/../../../../arm-none-eabi/lib/armv7-m\libg_nano.a(lib_a-memset.o)
 .ARM.attributes
                0x000004c4       0x2d c:/program files (x86)/cypress/psoc creator/4.4/psoc creator/import/gnu/arm/5.4.1/bin/../lib/gcc/arm-none-eabi/5.4.1/../../../../arm-none-eabi/lib/armv7-m\libg_nano.a(lib_a-nano-vfprintf_float.o)
 .ARM.attributes
                0x000004f1       0x2d c:/program files (x86)/cypress/psoc creator/4.4/psoc creator/import/gnu/arm/5.4.1/bin/../lib/gcc/arm-none-eabi/5.4.1/../../../../arm-none-eabi/lib/armv7-m\libg_nano.a(lib_a-nano-vfprintf_i.o)
 .ARM.attributes
                0x0000051e       0x2d c:/program files (x86)/cypress/psoc creator/4.4/psoc creator/import/gnu/arm/5.4.1/bin/../lib/gcc/arm-none-eabi/5.4.1/../../../../arm-none-eabi/lib/armv7-m\libg_nano.a(lib_a-sprintf.o)
 .ARM.attributes
                0x0000054b       0x17 c:/program files (x86)/cypress/psoc creator/4.4/psoc creator/import/gnu/arm/5.4.1/bin/../lib/gcc/arm-none-eabi/5.4.1/../../../../arm-none-eabi/lib/armv7-m\libg_nano.a(lib_a-strlen.o)
 .ARM.attributes
                0x00000562       0x2d c:/program files (x86)/cypress/psoc creator/4.4/psoc creator/import/gnu/arm/5.4.1/bin/../lib/gcc/arm-none-eabi/5.4.1/../../../../arm-none-eabi/lib/armv7-m\libg_nano.a(lib_a-dtoa.o)
 .ARM.attributes
                0x0000058f       0x2d c:/program files (x86)/cypress/psoc creator/4.4/psoc creator/import/gnu/arm/5.4.1/bin/../lib/gcc/arm-none-eabi/5.4.1/../../../../arm-none-eabi/lib/armv7-m\libg_nano.a(lib_a-locale.o)
 .ARM.attributes
                0x000005bc       0x2d c:/program files (x86)/cypress/psoc creator/4.4/psoc creator/import/gnu/arm/5.4.1/bin/../lib/gcc/arm-none-eabi/5.4.1/../../../../arm-none-eabi/lib/armv7-m\libg_nano.a(lib_a-malloc.o)
 .ARM.attributes
                0x000005e9       0x2d c:/program files (x86)/cypress/psoc creator/4.4/psoc creator/import/gnu/arm/5.4.1/bin/../lib/gcc/arm-none-eabi/5.4.1/../../../../arm-none-eabi/lib/armv7-m\libg_nano.a(lib_a-memchr-stub.o)
 .ARM.attributes
                0x00000616       0x2d c:/program files (x86)/cypress/psoc creator/4.4/psoc creator/import/gnu/arm/5.4.1/bin/../lib/gcc/arm-none-eabi/5.4.1/../../../../arm-none-eabi/lib/armv7-m\libg_nano.a(lib_a-mprec.o)
 .ARM.attributes
                0x00000643       0x2d c:/program files (x86)/cypress/psoc creator/4.4/psoc creator/import/gnu/arm/5.4.1/bin/../lib/gcc/arm-none-eabi/5.4.1/../../../../arm-none-eabi/lib/armv7-m\libg_nano.a(lib_a-nano-callocr.o)
 .ARM.attributes
                0x00000670       0x2d c:/program files (x86)/cypress/psoc creator/4.4/psoc creator/import/gnu/arm/5.4.1/bin/../lib/gcc/arm-none-eabi/5.4.1/../../../../arm-none-eabi/lib/armv7-m\libg_nano.a(lib_a-nano-freer.o)
 .ARM.attributes
                0x0000069d       0x2d c:/program files (x86)/cypress/psoc creator/4.4/psoc creator/import/gnu/arm/5.4.1/bin/../lib/gcc/arm-none-eabi/5.4.1/../../../../arm-none-eabi/lib/armv7-m\libg_nano.a(lib_a-nano-mallocr.o)
 .ARM.attributes
                0x000006ca       0x2d c:/program files (x86)/cypress/psoc creator/4.4/psoc creator/import/gnu/arm/5.4.1/bin/../lib/gcc/arm-none-eabi/5.4.1/../../../../arm-none-eabi/lib/armv7-m\libg_nano.a(lib_a-nano-svfprintf.o)
 .ARM.attributes
                0x000006f7       0x2d c:/program files (x86)/cypress/psoc creator/4.4/psoc creator/import/gnu/arm/5.4.1/bin/../lib/gcc/arm-none-eabi/5.4.1/../../../../arm-none-eabi/lib/armv7-m\libg_nano.a(lib_a-sbrkr.o)
 .ARM.attributes
                0x00000724       0x1b c:/program files (x86)/cypress/psoc creator/4.4/psoc creator/import/gnu/arm/5.4.1/bin/../lib/gcc/arm-none-eabi/5.4.1/../../../../arm-none-eabi/lib/armv7-m\libg_nano.a(lib_a-strcmp.o)
 .ARM.attributes
                0x0000073f       0x2d c:/program files (x86)/cypress/psoc creator/4.4/psoc creator/import/gnu/arm/5.4.1/bin/../lib/gcc/arm-none-eabi/5.4.1/../../../../arm-none-eabi/lib/armv7-m\libg_nano.a(lib_a-memmove.o)
 .ARM.attributes
                0x0000076c       0x2d c:/program files (x86)/cypress/psoc creator/4.4/psoc creator/import/gnu/arm/5.4.1/bin/../lib/gcc/arm-none-eabi/5.4.1/../../../../arm-none-eabi/lib/armv7-m\libg_nano.a(lib_a-mlock.o)
 .ARM.attributes
                0x00000799       0x2d c:/program files (x86)/cypress/psoc creator/4.4/psoc creator/import/gnu/arm/5.4.1/bin/../lib/gcc/arm-none-eabi/5.4.1/../../../../arm-none-eabi/lib/armv7-m\libg_nano.a(lib_a-nano-reallocr.o)
 .ARM.attributes
                0x000007c6       0x2d c:/program files (x86)/cypress/psoc creator/4.4/psoc creator/import/gnu/arm/5.4.1/bin/../lib/gcc/arm-none-eabi/5.4.1/../../../../arm-none-eabi/lib/armv7-m\libg_nano.a(lib_a-reent.o)
 .ARM.attributes
                0x000007f3       0x2d c:/program files (x86)/cypress/psoc creator/4.4/psoc creator/import/gnu/arm/5.4.1/bin/../lib/gcc/arm-none-eabi/5.4.1/../../../../arm-none-eabi/lib/armv7-m\libg_nano.a(lib_a-nano-msizer.o)
 .ARM.attributes
                0x00000820       0x1d c:/program files (x86)/cypress/psoc creator/4.4/psoc creator/import/gnu/arm/5.4.1/bin/../lib/gcc/arm-none-eabi/5.4.1/armv7-m\libgcc.a(_arm_addsubdf3.o)
 .ARM.attributes
                0x0000083d       0x1d c:/program files (x86)/cypress/psoc creator/4.4/psoc creator/import/gnu/arm/5.4.1/bin/../lib/gcc/arm-none-eabi/5.4.1/armv7-m\libgcc.a(_arm_muldivdf3.o)
 .ARM.attributes
                0x0000085a       0x1d c:/program files (x86)/cypress/psoc creator/4.4/psoc creator/import/gnu/arm/5.4.1/bin/../lib/gcc/arm-none-eabi/5.4.1/armv7-m\libgcc.a(_arm_cmpdf2.o)
 .ARM.attributes
                0x00000877       0x1d c:/program files (x86)/cypress/psoc creator/4.4/psoc creator/import/gnu/arm/5.4.1/bin/../lib/gcc/arm-none-eabi/5.4.1/armv7-m\libgcc.a(_arm_unorddf2.o)
 .ARM.attributes
                0x00000894       0x1d c:/program files (x86)/cypress/psoc creator/4.4/psoc creator/import/gnu/arm/5.4.1/bin/../lib/gcc/arm-none-eabi/5.4.1/armv7-m\libgcc.a(_arm_fixdfsi.o)
 .ARM.attributes
                0x000008b1       0x2d c:/program files (x86)/cypress/psoc creator/4.4/psoc creator/import/gnu/arm/5.4.1/bin/../lib/gcc/arm-none-eabi/5.4.1/armv7-m/crtend.o
 .ARM.attributes
                0x000008de       0x1d c:/program files (x86)/cypress/psoc creator/4.4/psoc creator/import/gnu/arm/5.4.1/bin/../lib/gcc/arm-none-eabi/5.4.1/armv7-m/crtn.o

/DISCARD/
 *(.note.GNU-stack)
OUTPUT(C:\Users\Martina\Documents\Ing.Biomedica Magistrale\2 ANNO\Lab biosensori\PROGETTO\Repository_progetto\LTEBS-PROJECT-RR\RR\ACC_FIFO_while_empty.cydsn\CortexM3\ARM_GCC_541\Debug\ACC_FIFO_while_empty.elf elf32-littlearm)
