Archive member included to satisfy reference by file (symbol)

.\CortexM3\ARM_GCC_541\Debug\ACC_FIFO_for96.a(UART_1.o)
                              .\CortexM3\ARM_GCC_541\Debug\main.o (UART_1_Start)
.\CortexM3\ARM_GCC_541\Debug\ACC_FIFO_for96.a(I2C_Master.o)
                              .\CortexM3\ARM_GCC_541\Debug\I2C_Interface.o (I2C_Master_Start)
.\CortexM3\ARM_GCC_541\Debug\ACC_FIFO_for96.a(I2C_Master_INT.o)
                              .\CortexM3\ARM_GCC_541\Debug\ACC_FIFO_for96.a(I2C_Master.o) (I2C_Master_ISR)
.\CortexM3\ARM_GCC_541\Debug\ACC_FIFO_for96.a(I2C_Master_PM.o)
                              .\CortexM3\ARM_GCC_541\Debug\ACC_FIFO_for96.a(I2C_Master.o) (I2C_Master_backup)
.\CortexM3\ARM_GCC_541\Debug\ACC_FIFO_for96.a(I2C_Master_MASTER.o)
                              .\CortexM3\ARM_GCC_541\Debug\ACC_FIFO_for96.a(I2C_Master.o) (I2C_Master_mstrStatus)
.\CortexM3\ARM_GCC_541\Debug\ACC_FIFO_for96.a(UART_1_IntClock.o)
                              .\CortexM3\ARM_GCC_541\Debug\ACC_FIFO_for96.a(UART_1.o) (UART_1_IntClock_Start)
.\CortexM3\ARM_GCC_541\Debug\ACC_FIFO_for96.a(CyLib.o)
                              .\CortexM3\ARM_GCC_541\Debug\Cm3Start.o (CyHalt)
.\CortexM3\ARM_GCC_541\Debug\ACC_FIFO_for96.a(cyPm.o)
                              .\CortexM3\ARM_GCC_541\Debug\ACC_FIFO_for96.a(CyLib.o) (CyPmReadStatus)
.\CortexM3\ARM_GCC_541\Debug\ACC_FIFO_for96.a(CyBootAsmGnu.o)
                              .\CortexM3\ARM_GCC_541\Debug\cyfitter_cfg.o (CyDelayCycles)
.\CortexM3\ARM_GCC_541\Debug\ACC_FIFO_for96.a(CyFlash.o)
                              .\CortexM3\ARM_GCC_541\Debug\ACC_FIFO_for96.a(cyPm.o) (CyFlash_SetWaitCycles)
.\CortexM3\ARM_GCC_541\Debug\ACC_FIFO_for96.a(CySpc.o)
                              .\CortexM3\ARM_GCC_541\Debug\ACC_FIFO_for96.a(CyFlash.o) (CySpcStart)
c:/program files (x86)/cypress/psoc creator/4.4/psoc creator/import/gnu/arm/5.4.1/bin/../lib/gcc/arm-none-eabi/5.4.1/armv7-m\libgcc.a(_arm_addsubdf3.o)
                              .\CortexM3\ARM_GCC_541\Debug\main.o (__aeabi_i2d)
c:/program files (x86)/cypress/psoc creator/4.4/psoc creator/import/gnu/arm/5.4.1/bin/../lib/gcc/arm-none-eabi/5.4.1/armv7-m\libgcc.a(_arm_muldivdf3.o)
                              .\CortexM3\ARM_GCC_541\Debug\main.o (__aeabi_dmul)
c:/program files (x86)/cypress/psoc creator/4.4/psoc creator/import/gnu/arm/5.4.1/bin/../lib/gcc/arm-none-eabi/5.4.1/armv7-m\libgcc.a(_arm_truncdfsf2.o)
                              .\CortexM3\ARM_GCC_541\Debug\main.o (__aeabi_d2f)
c:/program files (x86)/cypress/psoc creator/4.4/psoc creator/import/gnu/arm/5.4.1/bin/../lib/gcc/arm-none-eabi/5.4.1/../../../../arm-none-eabi/lib/armv7-m\libg_nano.a(lib_a-errno.o)
                              .\CortexM3\ARM_GCC_541\Debug\Cm3Start.o (__errno)
c:/program files (x86)/cypress/psoc creator/4.4/psoc creator/import/gnu/arm/5.4.1/bin/../lib/gcc/arm-none-eabi/5.4.1/../../../../arm-none-eabi/lib/armv7-m\libg_nano.a(lib_a-exit.o)
                              c:/program files (x86)/cypress/psoc creator/4.4/psoc creator/import/gnu/arm/5.4.1/bin/../lib/gcc/arm-none-eabi/5.4.1/../../../../arm-none-eabi/lib/armv7-m/crt0.o (exit)
c:/program files (x86)/cypress/psoc creator/4.4/psoc creator/import/gnu/arm/5.4.1/bin/../lib/gcc/arm-none-eabi/5.4.1/../../../../arm-none-eabi/lib/armv7-m\libg_nano.a(lib_a-impure.o)
                              c:/program files (x86)/cypress/psoc creator/4.4/psoc creator/import/gnu/arm/5.4.1/bin/../lib/gcc/arm-none-eabi/5.4.1/../../../../arm-none-eabi/lib/armv7-m\libg_nano.a(lib_a-exit.o) (_global_impure_ptr)
c:/program files (x86)/cypress/psoc creator/4.4/psoc creator/import/gnu/arm/5.4.1/bin/../lib/gcc/arm-none-eabi/5.4.1/../../../../arm-none-eabi/lib/armv7-m\libg_nano.a(lib_a-init.o)
                              c:/program files (x86)/cypress/psoc creator/4.4/psoc creator/import/gnu/arm/5.4.1/bin/../lib/gcc/arm-none-eabi/5.4.1/../../../../arm-none-eabi/lib/armv7-m/crt0.o (__libc_init_array)
c:/program files (x86)/cypress/psoc creator/4.4/psoc creator/import/gnu/arm/5.4.1/bin/../lib/gcc/arm-none-eabi/5.4.1/../../../../arm-none-eabi/lib/armv7-m\libg_nano.a(lib_a-memcpy-stub.o)
                              .\CortexM3\ARM_GCC_541\Debug\cyfitter_cfg.o (memcpy)
c:/program files (x86)/cypress/psoc creator/4.4/psoc creator/import/gnu/arm/5.4.1/bin/../lib/gcc/arm-none-eabi/5.4.1/../../../../arm-none-eabi/lib/armv7-m\libg_nano.a(lib_a-memset.o)
                              c:/program files (x86)/cypress/psoc creator/4.4/psoc creator/import/gnu/arm/5.4.1/bin/../lib/gcc/arm-none-eabi/5.4.1/../../../../arm-none-eabi/lib/armv7-m/crt0.o (memset)
c:/program files (x86)/cypress/psoc creator/4.4/psoc creator/import/gnu/arm/5.4.1/bin/../lib/gcc/arm-none-eabi/5.4.1/../../../../arm-none-eabi/lib/armv7-m\libg_nano.a(lib_a-nano-vfprintf_float.o)
                              (_printf_float)
[...]
Memory Configuration

Name             Origin             Length             Attributes
rom              0x00000000         0x00040000         xr
ram              0x1fff8000         0x00010000         xrw
*default*        0x00000000         0xffffffff

Linker script and memory map

LOAD c:/program files (x86)/cypress/psoc creator/4.4/psoc creator/import/gnu/arm/5.4.1/bin/../lib/gcc/arm-none-eabi/5.4.1/armv7-m/crti.o
LOAD c:/program files (x86)/cypress/psoc creator/4.4/psoc creator/import/gnu/arm/5.4.1/bin/../lib/gcc/arm-none-eabi/5.4.1/armv7-m/crtbegin.o
LOAD c:/program files (x86)/cypress/psoc creator/4.4/psoc creator/import/gnu/arm/5.4.1/bin/../lib/gcc/arm-none-eabi/5.4.1/../../../../arm-none-eabi/lib/armv7-m/crt0.o
START GROUP
LOAD .\CortexM3\ARM_GCC_541\Debug\main.o
LOAD .\CortexM3\ARM_GCC_541\Debug\I2C_Interface.o
LOAD .\CortexM3\ARM_GCC_541\Debug\interrupt_Routines.o
LOAD .\CortexM3\ARM_GCC_541\Debug\cyfitter_cfg.o
LOAD .\CortexM3\ARM_GCC_541\Debug\cymetadata.o
LOAD .\CortexM3\ARM_GCC_541\Debug\Cm3Start.o
LOAD .\CortexM3\ARM_GCC_541\Debug\ACC_FIFO_for96.a
LOAD C:\Program Files (x86)\Cypress\PSoC Creator\4.4\PSoC Creator\psoc\content\cycomponentlibrary\CyComponentLibrary.cylib\CortexM3\ARM_GCC_541\Debug\CyComponentLibrary.a
END GROUP
START GROUP
LOAD c:/program files (x86)/cypress/psoc creator/4.4/psoc creator/import/gnu/arm/5.4.1/bin/../lib/gcc/arm-none-eabi/5.4.1/armv7-m\libgcc.a
LOAD c:/program files (x86)/cypress/psoc creator/4.4/psoc creator/import/gnu/arm/5.4.1/bin/../lib/gcc/arm-none-eabi/5.4.1/../../../../arm-none-eabi/lib/armv7-m\libg_nano.a
LOAD c:/program files (x86)/cypress/psoc creator/4.4/psoc creator/import/gnu/arm/5.4.1/bin/../lib/gcc/arm-none-eabi/5.4.1/../../../../arm-none-eabi/lib/armv7-m\libc_nano.a
END GROUP
START GROUP
LOAD c:/program files (x86)/cypress/psoc creator/4.4/psoc creator/import/gnu/arm/5.4.1/bin/../lib/gcc/arm-none-eabi/5.4.1/armv7-m\libgcc.a
LOAD c:/program files (x86)/cypress/psoc creator/4.4/psoc creator/import/gnu/arm/5.4.1/bin/../lib/gcc/arm-none-eabi/5.4.1/../../../../arm-none-eabi/lib/armv7-m\libc_nano.a
END GROUP
LOAD c:/program files (x86)/cypress/psoc creator/4.4/psoc creator/import/gnu/arm/5.4.1/bin/../lib/gcc/arm-none-eabi/5.4.1/armv7-m/crtend.o
LOAD c:/program files (x86)/cypress/psoc creator/4.4/psoc creator/import/gnu/arm/5.4.1/bin/../lib/gcc/arm-none-eabi/5.4.1/armv7-m/crtn.o
START GROUP
LOAD c:/program files (x86)/cypress/psoc creator/4.4/psoc creator/import/gnu/arm/5.4.1/bin/../lib/gcc/arm-none-eabi/5.4.1/armv7-m\libgcc.a
LOAD c:/program files (x86)/cypress/psoc creator/4.4/psoc creator/import/gnu/arm/5.4.1/bin/../lib/gcc/arm-none-eabi/5.4.1/../../../../arm-none-eabi/lib/armv7-m\libc.a
LOAD c:/program files (x86)/cypress/psoc creator/4.4/psoc creator/import/gnu/arm/5.4.1/bin/../lib/gcc/arm-none-eabi/5.4.1/../../../../arm-none-eabi/lib/armv7-m\libnosys.a
END GROUP
                0x00000000                CY_APPL_ORIGIN = 0x0
                0x00000100                CY_FLASH_ROW_SIZE = 0x100
                0x00000020                CY_ECC_ROW_SIZE = 0x20
                0x00000000                CY_EE_IN_BTLDR = 0x0
                0x00000000                CY_APPL_LOADABLE = 0x0
                0x00000800                CY_EE_SIZE = 0x800
                0x00000001                CY_APPL_NUM = 0x1
                0x00000001                CY_APPL_MAX = 0x1
                0x00000040                CY_METADATA_SIZE = 0x40
                0x00000000                CY_APPL_LOADABLE = 0x0
                0x00000000                CY_CHECKSUM_EXCLUDE_SIZE = ALIGN (0x0, CY_FLASH_ROW_SIZE)
                [!provide]                PROVIDE (__cy_heap_start, _end)
                0x00000001                PROVIDE (__cy_region_num, ((__cy_regions_end - __cy_regions) / 0x10))
                0x20008000                PROVIDE (__cy_stack, (ORIGIN (ram) + LENGTH (ram)))
                [!provide]                PROVIDE (__cy_heap_end, (__cy_stack - 0x800))

.cybootloader   0x00000000        0x0
 *(.cybootloader)
                0x00000000                appl1_start = CY_APPL_ORIGIN?CY_APPL_ORIGIN:ALIGN (CY_FLASH_ROW_SIZE)
                0x0001ff00                appl2_start = (appl1_start + ALIGN ((((LENGTH (rom) - appl1_start) - (0x2 * CY_FLASH_ROW_SIZE)) / 0x2), CY_FLASH_ROW_SIZE))
                0x00000000                appl_start = (CY_APPL_NUM == 0x1)?appl1_start:appl2_start
                0x00000000                ecc_offset = ((appl_start / CY_FLASH_ROW_SIZE) * CY_ECC_ROW_SIZE)
                0x00000000                ee_offset = (CY_APPL_LOADABLE && ! (CY_EE_IN_BTLDR))?((CY_EE_SIZE / CY_APPL_MAX) * (CY_APPL_NUM - 0x1)):0x0
                0x00000800                ee_size = (CY_APPL_LOADABLE && ! (CY_EE_IN_BTLDR))?(CY_EE_SIZE / CY_APPL_MAX):CY_EE_SIZE
                [!provide]                PROVIDE (CY_ECC_OFFSET, ecc_offset)

.text           0x00000000     0x37cc
 CREATE_OBJECT_SYMBOLS
                0x00000000                PROVIDE (__cy_interrupt_vector, RomVectors)
 *(.romvectors)
 .romvectors    0x00000000       0x10 .\CortexM3\ARM_GCC_541\Debug\Cm3Start.o
                0x00000000                RomVectors
                0x00000001                ASSERT ((. != __cy_interrupt_vector), No interrupt vector)
                0x00000001                ASSERT (CY_APPL_ORIGIN?(SIZEOF (.cybootloader) <= CY_APPL_ORIGIN):0x1, Wrong image location)
                0x00000010                PROVIDE (__cy_reset, Reset)
 *(.text.Reset)
 .text.Reset    0x00000010       0x18 .\CortexM3\ARM_GCC_541\Debug\Cm3Start.o
                0x00000010                Reset
                0x00000001                ASSERT ((. != __cy_reset), No reset code)
 *(.dma_init)
                0x00000001                ASSERT ((((appl_start + .) <= 0x10000) || 0x1), DMA Init must be within the first 64k of flash)
 *(.text .text.* .gnu.linkonce.t.*)
 .text          0x00000028       0x5c c:/program files (x86)/cypress/psoc creator/4.4/psoc creator/import/gnu/arm/5.4.1/bin/../lib/gcc/arm-none-eabi/5.4.1/armv7-m/crtbegin.o
 .text.main     0x00000084      0x260 .\CortexM3\ARM_GCC_541\Debug\main.o
                0x00000084                main
 .text.I2C_Peripheral_Start
                0x000002e4        0xc .\CortexM3\ARM_GCC_541\Debug\I2C_Interface.o
                0x000002e4                I2C_Peripheral_Start
 .text.I2C_Peripheral_ReadRegister
                0x000002f0       0x3c .\CortexM3\ARM_GCC_541\Debug\I2C_Interface.o
                0x000002f0                I2C_Peripheral_ReadRegister
 .text.I2C_Peripheral_WriteRegister
                0x0000032c       0x30 .\CortexM3\ARM_GCC_541\Debug\I2C_Interface.o
                0x0000032c                I2C_Peripheral_WriteRegister
 .text.CyClockStartupError
                0x0000035c        0x4 .\CortexM3\ARM_GCC_541\Debug\cyfitter_cfg.o
 .text.cfg_write_bytes32
                0x00000360       0x34 .\CortexM3\ARM_GCC_541\Debug\cyfitter_cfg.o
 .text.AnalogSetDefault
                0x00000394       0x28 .\CortexM3\ARM_GCC_541\Debug\cyfitter_cfg.o
 .text.CYMEMZERO
                0x000003bc        0xc .\CortexM3\ARM_GCC_541\Debug\cyfitter_cfg.o
 .text.ClockSetup
                0x000003c8       0xb8 .\CortexM3\ARM_GCC_541\Debug\cyfitter_cfg.o
 .text.CYCONFIGCPY
                0x00000480        0x8 .\CortexM3\ARM_GCC_541\Debug\cyfitter_cfg.o
 .text.cyfitter_cfg
                0x00000488      0x110 .\CortexM3\ARM_GCC_541\Debug\cyfitter_cfg.o
                0x00000488                cyfitter_cfg
 .text.IntDefaultHandler
                0x00000598       0x10 .\CortexM3\ARM_GCC_541\Debug\Cm3Start.o
                0x00000598                IntDefaultHandler
 .text._sbrk    0x000005a8       0x30 .\CortexM3\ARM_GCC_541\Debug\Cm3Start.o
                0x000005a8                _sbrk
 .text.Start_c  0x000005d8       0x4c .\CortexM3\ARM_GCC_541\Debug\Cm3Start.o
                0x000005d8                Start_c
 .text.initialize_psoc
                0x00000624       0x68 .\CortexM3\ARM_GCC_541\Debug\Cm3Start.o
                0x00000624                initialize_psoc
 .text.UART_1_Init
                0x0000068c       0x24 .\CortexM3\ARM_GCC_541\Debug\ACC_FIFO_for96.a(UART_1.o)
                0x0000068c                UART_1_Init
 .text.UART_1_Enable
                0x000006b0       0x38 .\CortexM3\ARM_GCC_541\Debug\ACC_FIFO_for96.a(UART_1.o)
                0x000006b0                UART_1_Enable
 .text.UART_1_Start
                0x000006e8       0x1c .\CortexM3\ARM_GCC_541\Debug\ACC_FIFO_for96.a(UART_1.o)
                0x000006e8                UART_1_Start
 .text.UART_1_PutChar
                0x00000704       0x18 .\CortexM3\ARM_GCC_541\Debug\ACC_FIFO_for96.a(UART_1.o)
                0x00000704                UART_1_PutChar
 .text.UART_1_PutString
                0x0000071c       0x24 .\CortexM3\ARM_GCC_541\Debug\ACC_FIFO_for96.a(UART_1.o)
                0x0000071c                UART_1_PutString
 .text.I2C_Master_Init
                0x00000740       0x68 .\CortexM3\ARM_GCC_541\Debug\ACC_FIFO_for96.a(I2C_Master.o)
                0x00000740                I2C_Master_Init
 .text.I2C_Master_Enable
                0x000007a8       0x24 .\CortexM3\ARM_GCC_541\Debug\ACC_FIFO_for96.a(I2C_Master.o)
                0x000007a8                I2C_Master_Enable
 .text.I2C_Master_Start
                0x000007cc       0x28 .\CortexM3\ARM_GCC_541\Debug\ACC_FIFO_for96.a(I2C_Master.o)
                0x000007cc                I2C_Master_Start
 .text.I2C_Master_ISR
                0x000007f4      0x2d0 .\CortexM3\ARM_GCC_541\Debug\ACC_FIFO_for96.a(I2C_Master_INT.o)
                0x000007f4                I2C_Master_ISR
 .text.I2C_Master_MasterSendStart
                0x00000ac4       0x80 .\CortexM3\ARM_GCC_541\Debug\ACC_FIFO_for96.a(I2C_Master_MASTER.o)
                0x00000ac4                I2C_Master_MasterSendStart
 .text.I2C_Master_MasterSendRestart
                0x00000b44       0x6c .\CortexM3\ARM_GCC_541\Debug\ACC_FIFO_for96.a(I2C_Master_MASTER.o)
                0x00000b44                I2C_Master_MasterSendRestart
 .text.I2C_Master_MasterSendStop
                0x00000bb0       0x38 .\CortexM3\ARM_GCC_541\Debug\ACC_FIFO_for96.a(I2C_Master_MASTER.o)
                0x00000bb0                I2C_Master_MasterSendStop
 .text.I2C_Master_MasterWriteByte
                0x00000be8       0x58 .\CortexM3\ARM_GCC_541\Debug\ACC_FIFO_for96.a(I2C_Master_MASTER.o)
                0x00000be8                I2C_Master_MasterWriteByte
 .text.I2C_Master_MasterReadByte
                0x00000c40       0x58 .\CortexM3\ARM_GCC_541\Debug\ACC_FIFO_for96.a(I2C_Master_MASTER.o)
                0x00000c40                I2C_Master_MasterReadByte
 .text.UART_1_IntClock_Start
                0x00000c98       0x1c .\CortexM3\ARM_GCC_541\Debug\ACC_FIFO_for96.a(UART_1_IntClock.o)
                0x00000c98                UART_1_IntClock_Start
 .text.CyHalt   0x00000cb4        0x4 .\CortexM3\ARM_GCC_541\Debug\ACC_FIFO_for96.a(CyLib.o)
                0x00000cb4                CyHalt
 .text.CyDelay  0x00000cb8       0x2c .\CortexM3\ARM_GCC_541\Debug\ACC_FIFO_for96.a(CyLib.o)
                0x00000cb8                CyDelay
 .text.CyIntSetVector
                0x00000ce4       0x28 .\CortexM3\ARM_GCC_541\Debug\ACC_FIFO_for96.a(CyLib.o)
                0x00000ce4                CyIntSetVector
 .text.CyIntSetPriority
                0x00000d0c       0x30 .\CortexM3\ARM_GCC_541\Debug\ACC_FIFO_for96.a(CyLib.o)
                0x00000d0c                CyIntSetPriority
 *fill*         0x00000d3c        0x4 
 .text          0x00000d40       0x20 .\CortexM3\ARM_GCC_541\Debug\ACC_FIFO_for96.a(CyBootAsmGnu.o)
                0x00000d40                CyDelayCycles
                0x00000d50                CyEnterCriticalSection
                0x00000d58                CyExitCriticalSection
 .text          0x00000d60      0x370 c:/program files (x86)/cypress/psoc creator/4.4/psoc creator/import/gnu/arm/5.4.1/bin/../lib/gcc/arm-none-eabi/5.4.1/armv7-m\libgcc.a(_arm_addsubdf3.o)
                0x00000d60                __aeabi_drsub
                0x00000d68                __aeabi_dsub
                0x00000d68                __subdf3
                0x00000d6c                __aeabi_dadd
                0x00000d6c                __adddf3
                0x00000fe4                __floatunsidf
                0x00000fe4                __aeabi_ui2d
                0x00001004                __floatsidf
                0x00001004                __aeabi_i2d
                0x00001028                __aeabi_f2d
                0x00001028                __extendsfdf2
                0x00001064                __floatundidf
                0x00001064                __aeabi_ul2d
                0x00001074                __floatdidf
                0x00001074                __aeabi_l2d
 .text          0x000010d0      0x424 c:/program files (x86)/cypress/psoc creator/4.4/psoc creator/import/gnu/arm/5.4.1/bin/../lib/gcc/arm-none-eabi/5.4.1/armv7-m\libgcc.a(_arm_muldivdf3.o)
                0x000010d0                __aeabi_dmul
                0x000010d0                __muldf3
                0x00001324                __divdf3
                0x00001324                __aeabi_ddiv
 .text          0x000014f4       0xa0 c:/program files (x86)/cypress/psoc creator/4.4/psoc creator/import/gnu/arm/5.4.1/bin/../lib/gcc/arm-none-eabi/5.4.1/armv7-m\libgcc.a(_arm_truncdfsf2.o)
                0x000014f4                __truncdfsf2
                0x000014f4                __aeabi_d2f
 .text.__errno  0x00001594        0xc c:/program files (x86)/cypress/psoc creator/4.4/psoc creator/import/gnu/arm/5.4.1/bin/../lib/gcc/arm-none-eabi/5.4.1/../../../../arm-none-eabi/lib/armv7-m\libg_nano.a(lib_a-errno.o)
                0x00001594                __errno
 .text.__libc_init_array
                0x000015a0       0x4c c:/program files (x86)/cypress/psoc creator/4.4/psoc creator/import/gnu/arm/5.4.1/bin/../lib/gcc/arm-none-eabi/5.4.1/../../../../arm-none-eabi/lib/armv7-m\libg_nano.a(lib_a-init.o)
                0x000015a0                __libc_init_array
 .text.memcpy   0x000015ec       0x16 c:/program files (x86)/cypress/psoc creator/4.4/psoc creator/import/gnu/arm/5.4.1/bin/../lib/gcc/arm-none-eabi/5.4.1/../../../../arm-none-eabi/lib/armv7-m\libg_nano.a(lib_a-memcpy-stub.o)
                0x000015ec                memcpy
 .text.memset   0x00001602       0x10 c:/program files (x86)/cypress/psoc creator/4.4/psoc creator/import/gnu/arm/5.4.1/bin/../lib/gcc/arm-none-eabi/5.4.1/../../../../arm-none-eabi/lib/armv7-m\libg_nano.a(lib_a-memset.o)
                0x00001602                memset
 .text.__cvt    0x00001612       0xc0 c:/program files (x86)/cypress/psoc creator/4.4/psoc creator/import/gnu/arm/5.4.1/bin/../lib/gcc/arm-none-eabi/5.4.1/../../../../arm-none-eabi/lib/armv7-m\libg_nano.a(lib_a-nano-vfprintf_float.o)
                0x00001612                __cvt
 .text.__exponent
                0x000016d2       0x62 c:/program files (x86)/cypress/psoc creator/4.4/psoc creator/import/gnu/arm/5.4.1/bin/../lib/gcc/arm-none-eabi/5.4.1/../../../../arm-none-eabi/lib/armv7-m\libg_nano.a(lib_a-nano-vfprintf_float.o)
                0x000016d2                __exponent
 .text._printf_float
                0x00001734      0x488 c:/program files (x86)/cypress/psoc creator/4.4/psoc creator/import/gnu/arm/5.4.1/bin/../lib/gcc/arm-none-eabi/5.4.1/../../../../arm-none-eabi/lib/armv7-m\libg_nano.a(lib_a-nano-vfprintf_float.o)
                0x00001734                _printf_float
 .text._printf_common
                0x00001bbc       0xec c:/program files (x86)/cypress/psoc creator/4.4/psoc creator/import/gnu/arm/5.4.1/bin/../lib/gcc/arm-none-eabi/5.4.1/../../../../arm-none-eabi/lib/armv7-m\libg_nano.a(lib_a-nano-vfprintf_i.o)
                0x00001bbc                _printf_common
 .text._printf_i
                0x00001ca8      0x24c c:/program files (x86)/cypress/psoc creator/4.4/psoc creator/import/gnu/arm/5.4.1/bin/../lib/gcc/arm-none-eabi/5.4.1/../../../../arm-none-eabi/lib/armv7-m\libg_nano.a(lib_a-nano-vfprintf_i.o)
                0x00001ca8                _printf_i
 .text.sprintf  0x00001ef4       0x48 c:/program files (x86)/cypress/psoc creator/4.4/psoc creator/import/gnu/arm/5.4.1/bin/../lib/gcc/arm-none-eabi/5.4.1/../../../../arm-none-eabi/lib/armv7-m\libg_nano.a(lib_a-sprintf.o)
                0x00001ef4                siprintf
                0x00001ef4                sprintf
 .text          0x00001f3c       0x10 c:/program files (x86)/cypress/psoc creator/4.4/psoc creator/import/gnu/arm/5.4.1/bin/../lib/gcc/arm-none-eabi/5.4.1/../../../../arm-none-eabi/lib/armv7-m\libg_nano.a(lib_a-strlen.o)
                0x00001f3c                strlen
 .text.quorem   0x00001f4c      0x116 c:/program files (x86)/cypress/psoc creator/4.4/psoc creator/import/gnu/arm/5.4.1/bin/../lib/gcc/arm-none-eabi/5.4.1/../../../../arm-none-eabi/lib/armv7-m\libg_nano.a(lib_a-dtoa.o)
 *fill*         0x00002062        0x6 
 .text._dtoa_r  0x00002068      0xb30 c:/program files (x86)/cypress/psoc creator/4.4/psoc creator/import/gnu/arm/5.4.1/bin/../lib/gcc/arm-none-eabi/5.4.1/../../../../arm-none-eabi/lib/armv7-m\libg_nano.a(lib_a-dtoa.o)
                0x00002068                _dtoa_r
 .text._localeconv_r
                0x00002b98        0x8 c:/program files (x86)/cypress/psoc creator/4.4/psoc creator/import/gnu/arm/5.4.1/bin/../lib/gcc/arm-none-eabi/5.4.1/../../../../arm-none-eabi/lib/armv7-m\libg_nano.a(lib_a-locale.o)
                0x00002b98                _localeconv_r
 .text.malloc   0x00002ba0       0x10 c:/program files (x86)/cypress/psoc creator/4.4/psoc creator/import/gnu/arm/5.4.1/bin/../lib/gcc/arm-none-eabi/5.4.1/../../../../arm-none-eabi/lib/armv7-m\libg_nano.a(lib_a-malloc.o)
                0x00002ba0                malloc
 .text.memchr   0x00002bb0       0x1c c:/program files (x86)/cypress/psoc creator/4.4/psoc creator/import/gnu/arm/5.4.1/bin/../lib/gcc/arm-none-eabi/5.4.1/../../../../arm-none-eabi/lib/armv7-m\libg_nano.a(lib_a-memchr-stub.o)
                0x00002bb0                memchr
 .text._Balloc  0x00002bcc       0x6a c:/program files (x86)/cypress/psoc creator/4.4/psoc creator/import/gnu/arm/5.4.1/bin/../lib/gcc/arm-none-eabi/5.4.1/../../../../arm-none-eabi/lib/armv7-m\libg_nano.a(lib_a-mprec.o)
                0x00002bcc                _Balloc
 .text._Bfree   0x00002c36       0x2e c:/program files (x86)/cypress/psoc creator/4.4/psoc creator/import/gnu/arm/5.4.1/bin/../lib/gcc/arm-none-eabi/5.4.1/../../../../arm-none-eabi/lib/armv7-m\libg_nano.a(lib_a-mprec.o)
                0x00002c36                _Bfree
 .text.__multadd
                0x00002c64       0x76 c:/program files (x86)/cypress/psoc creator/4.4/psoc creator/import/gnu/arm/5.4.1/bin/../lib/gcc/arm-none-eabi/5.4.1/../../../../arm-none-eabi/lib/armv7-m\libg_nano.a(lib_a-mprec.o)
                0x00002c64                __multadd
 .text.__hi0bits
                0x00002cda       0x40 c:/program files (x86)/cypress/psoc creator/4.4/psoc creator/import/gnu/arm/5.4.1/bin/../lib/gcc/arm-none-eabi/5.4.1/../../../../arm-none-eabi/lib/armv7-m\libg_nano.a(lib_a-mprec.o)
                0x00002cda                __hi0bits
 .text.__lo0bits
                0x00002d1a       0x5a c:/program files (x86)/cypress/psoc creator/4.4/psoc creator/import/gnu/arm/5.4.1/bin/../lib/gcc/arm-none-eabi/5.4.1/../../../../arm-none-eabi/lib/armv7-m\libg_nano.a(lib_a-mprec.o)
                0x00002d1a                __lo0bits
 .text.__i2b    0x00002d74       0x12 c:/program files (x86)/cypress/psoc creator/4.4/psoc creator/import/gnu/arm/5.4.1/bin/../lib/gcc/arm-none-eabi/5.4.1/../../../../arm-none-eabi/lib/armv7-m\libg_nano.a(lib_a-mprec.o)
                0x00002d74                __i2b
 .text.__multiply
                0x00002d86      0x120 c:/program files (x86)/cypress/psoc creator/4.4/psoc creator/import/gnu/arm/5.4.1/bin/../lib/gcc/arm-none-eabi/5.4.1/../../../../arm-none-eabi/lib/armv7-m\libg_nano.a(lib_a-mprec.o)
                0x00002d86                __multiply
 *fill*         0x00002ea6        0x2 
 .text.__pow5mult
                0x00002ea8       0x9c c:/program files (x86)/cypress/psoc creator/4.4/psoc creator/import/gnu/arm/5.4.1/bin/../lib/gcc/arm-none-eabi/5.4.1/../../../../arm-none-eabi/lib/armv7-m\libg_nano.a(lib_a-mprec.o)
                0x00002ea8                __pow5mult
 .text.__lshift
                0x00002f44       0xa2 c:/program files (x86)/cypress/psoc creator/4.4/psoc creator/import/gnu/arm/5.4.1/bin/../lib/gcc/arm-none-eabi/5.4.1/../../../../arm-none-eabi/lib/armv7-m\libg_nano.a(lib_a-mprec.o)
                0x00002f44                __lshift
 .text.__mcmp   0x00002fe6       0x38 c:/program files (x86)/cypress/psoc creator/4.4/psoc creator/import/gnu/arm/5.4.1/bin/../lib/gcc/arm-none-eabi/5.4.1/../../../../arm-none-eabi/lib/armv7-m\libg_nano.a(lib_a-mprec.o)
                0x00002fe6                __mcmp
 .text.__mdiff  0x0000301e       0xbe c:/program files (x86)/cypress/psoc creator/4.4/psoc creator/import/gnu/arm/5.4.1/bin/../lib/gcc/arm-none-eabi/5.4.1/../../../../arm-none-eabi/lib/armv7-m\libg_nano.a(lib_a-mprec.o)
                0x0000301e                __mdiff
 .text.__d2b    0x000030dc       0x9c c:/program files (x86)/cypress/psoc creator/4.4/psoc creator/import/gnu/arm/5.4.1/bin/../lib/gcc/arm-none-eabi/5.4.1/../../../../arm-none-eabi/lib/armv7-m\libg_nano.a(lib_a-mprec.o)
                0x000030dc                __d2b
 .text._calloc_r
                0x00003178       0x1c c:/program files (x86)/cypress/psoc creator/4.4/psoc creator/import/gnu/arm/5.4.1/bin/../lib/gcc/arm-none-eabi/5.4.1/../../../../arm-none-eabi/lib/armv7-m\libg_nano.a(lib_a-nano-callocr.o)
                0x00003178                _calloc_r
 .text._free_r  0x00003194       0x98 c:/program files (x86)/cypress/psoc creator/4.4/psoc creator/import/gnu/arm/5.4.1/bin/../lib/gcc/arm-none-eabi/5.4.1/../../../../arm-none-eabi/lib/armv7-m\libg_nano.a(lib_a-nano-freer.o)
                0x00003194                _free_r
 .text._malloc_r
                0x0000322c       0xbc c:/program files (x86)/cypress/psoc creator/4.4/psoc creator/import/gnu/arm/5.4.1/bin/../lib/gcc/arm-none-eabi/5.4.1/../../../../arm-none-eabi/lib/armv7-m\libg_nano.a(lib_a-nano-mallocr.o)
                0x0000322c                _malloc_r
 .text.__ssputs_r
                0x000032e8       0xb2 c:/program files (x86)/cypress/psoc creator/4.4/psoc creator/import/gnu/arm/5.4.1/bin/../lib/gcc/arm-none-eabi/5.4.1/../../../../arm-none-eabi/lib/armv7-m\libg_nano.a(lib_a-nano-svfprintf.o)
                0x000032e8                __ssputs_r
 *fill*         0x0000339a        0x2 
 .text._svfprintf_r
                0x0000339c      0x1e8 c:/program files (x86)/cypress/psoc creator/4.4/psoc creator/import/gnu/arm/5.4.1/bin/../lib/gcc/arm-none-eabi/5.4.1/../../../../arm-none-eabi/lib/armv7-m\libg_nano.a(lib_a-nano-svfprintf.o)
                0x0000339c                _svfiprintf_r
                0x0000339c                _svfprintf_r
 .text._sbrk_r  0x00003584       0x20 c:/program files (x86)/cypress/psoc creator/4.4/psoc creator/import/gnu/arm/5.4.1/bin/../lib/gcc/arm-none-eabi/5.4.1/../../../../arm-none-eabi/lib/armv7-m\libg_nano.a(lib_a-sbrkr.o)
                0x00003584                _sbrk_r
 .text.memmove  0x000035a4       0x36 c:/program files (x86)/cypress/psoc creator/4.4/psoc creator/import/gnu/arm/5.4.1/bin/../lib/gcc/arm-none-eabi/5.4.1/../../../../arm-none-eabi/lib/armv7-m\libg_nano.a(lib_a-memmove.o)
                0x000035a4                memmove
 .text.__malloc_lock
                0x000035da        0x2 c:/program files (x86)/cypress/psoc creator/4.4/psoc creator/import/gnu/arm/5.4.1/bin/../lib/gcc/arm-none-eabi/5.4.1/../../../../arm-none-eabi/lib/armv7-m\libg_nano.a(lib_a-mlock.o)
                0x000035da                __malloc_lock
 .text.__malloc_unlock
                0x000035dc        0x2 c:/program files (x86)/cypress/psoc creator/4.4/psoc creator/import/gnu/arm/5.4.1/bin/../lib/gcc/arm-none-eabi/5.4.1/../../../../arm-none-eabi/lib/armv7-m\libg_nano.a(lib_a-mlock.o)
                0x000035dc                __malloc_unlock
 .text._realloc_r
                0x000035de       0x4c c:/program files (x86)/cypress/psoc creator/4.4/psoc creator/import/gnu/arm/5.4.1/bin/../lib/gcc/arm-none-eabi/5.4.1/../../../../arm-none-eabi/lib/armv7-m\libg_nano.a(lib_a-nano-reallocr.o)
                0x000035de                _realloc_r
 .text._malloc_usable_size_r
                0x0000362a       0x14 c:/program files (x86)/cypress/psoc creator/4.4/psoc creator/import/gnu/arm/5.4.1/bin/../lib/gcc/arm-none-eabi/5.4.1/../../../../arm-none-eabi/lib/armv7-m\libg_nano.a(lib_a-nano-msizer.o)
                0x0000362a                _malloc_usable_size_r
 *fill*         0x0000363e        0x2 
 .text          0x00003640      0x110 c:/program files (x86)/cypress/psoc creator/4.4/psoc creator/import/gnu/arm/5.4.1/bin/../lib/gcc/arm-none-eabi/5.4.1/armv7-m\libgcc.a(_arm_cmpdf2.o)
                0x00003640                __gtdf2
                0x00003640                __gedf2
                0x00003648                __ltdf2
                0x00003648                __ledf2
                0x00003650                __nedf2
                0x00003650                __eqdf2
                0x00003650                __cmpdf2
                0x000036cc                __aeabi_cdrcmple
                0x000036dc                __aeabi_cdcmpeq
                0x000036dc                __aeabi_cdcmple
                0x000036ec                __aeabi_dcmpeq
                0x00003700                __aeabi_dcmplt
                0x00003714                __aeabi_dcmple
                0x00003728                __aeabi_dcmpge
                0x0000373c                __aeabi_dcmpgt
 .text          0x00003750       0x2c c:/program files (x86)/cypress/psoc creator/4.4/psoc creator/import/gnu/arm/5.4.1/bin/../lib/gcc/arm-none-eabi/5.4.1/armv7-m\libgcc.a(_arm_unorddf2.o)
                0x00003750                __unorddf2
                0x00003750                __aeabi_dcmpun
 .text          0x0000377c       0x50 c:/program files (x86)/cypress/psoc creator/4.4/psoc creator/import/gnu/arm/5.4.1/bin/../lib/gcc/arm-none-eabi/5.4.1/armv7-m\libgcc.a(_arm_fixdfsi.o)
                0x0000377c                __aeabi_d2iz
                0x0000377c                __fixdfsi
 *(.plt)
 *(.gnu.warning)
 *(.glue_7t)
 .glue_7t       0x000037cc        0x0 linker stubs
 *(.glue_7)
 .glue_7        0x000037cc        0x0 linker stubs
 *(.vfp11_veneer)
 .vfp11_veneer  0x000037cc        0x0 linker stubs
 *(.bootloader)
 *(.ARM.extab* .gnu.linkonce.armextab.*)
 *(.gcc_except_table)

.v4_bx          0x000037cc        0x0
 .v4_bx         0x000037cc        0x0 linker stubs

.iplt           0x000037cc        0x0
 .iplt          0x000037cc        0x0 c:/program files (x86)/cypress/psoc creator/4.4/psoc creator/import/gnu/arm/5.4.1/bin/../lib/gcc/arm-none-eabi/5.4.1/armv7-m/crtbegin.o

.eh_frame_hdr
 *(.eh_frame_hdr)

.eh_frame       0x000037cc        0x4
 *(.eh_frame)
 .eh_frame      0x000037cc        0x0 c:/program files (x86)/cypress/psoc creator/4.4/psoc creator/import/gnu/arm/5.4.1/bin/../lib/gcc/arm-none-eabi/5.4.1/armv7-m/crtbegin.o
 .eh_frame      0x000037cc        0x4 c:/program files (x86)/cypress/psoc creator/4.4/psoc creator/import/gnu/arm/5.4.1/bin/../lib/gcc/arm-none-eabi/5.4.1/armv7-m/crtend.o
                [!provide]                PROVIDE (__exidx_start, .)

.ARM.exidx
 *(.ARM.exidx* .gnu.linkonce.armexidx.*)
                0x000037d0                __exidx_end = .

.rodata         0x000037d0      0x330
 *(.rodata .rodata.* .gnu.linkonce.r.*)
 .rodata.str1.4
                0x000037d0      0x148 .\CortexM3\ARM_GCC_541\Debug\main.o
                                0x146 (size before relaxing)
 .rodata        0x00003918       0x50 .\CortexM3\ARM_GCC_541\Debug\cyfitter_cfg.o
 .rodata.str1.1
                0x00003968        0x2 c:/program files (x86)/cypress/psoc creator/4.4/psoc creator/import/gnu/arm/5.4.1/bin/../lib/gcc/arm-none-eabi/5.4.1/../../../../arm-none-eabi/lib/armv7-m\libg_nano.a(lib_a-impure.o)
 .rodata.str1.1
                0x0000396a       0x12 c:/program files (x86)/cypress/psoc creator/4.4/psoc creator/import/gnu/arm/5.4.1/bin/../lib/gcc/arm-none-eabi/5.4.1/../../../../arm-none-eabi/lib/armv7-m\libg_nano.a(lib_a-nano-vfprintf_float.o)
 .rodata.str1.1
                0x0000397c       0x22 c:/program files (x86)/cypress/psoc creator/4.4/psoc creator/import/gnu/arm/5.4.1/bin/../lib/gcc/arm-none-eabi/5.4.1/../../../../arm-none-eabi/lib/armv7-m\libg_nano.a(lib_a-nano-vfprintf_i.o)
 .rodata.str1.1
                0x0000399e        0xd c:/program files (x86)/cypress/psoc creator/4.4/psoc creator/import/gnu/arm/5.4.1/bin/../lib/gcc/arm-none-eabi/5.4.1/../../../../arm-none-eabi/lib/armv7-m\libg_nano.a(lib_a-dtoa.o)
                                  0xf (size before relaxing)
 .rodata.str1.1
                0x000039ab        0x8 c:/program files (x86)/cypress/psoc creator/4.4/psoc creator/import/gnu/arm/5.4.1/bin/../lib/gcc/arm-none-eabi/5.4.1/../../../../arm-none-eabi/lib/armv7-m\libg_nano.a(lib_a-locale.o)
                                  0xb (size before relaxing)
 *fill*         0x000039b3        0x5 
 .rodata.__mprec_tens
                0x000039b8       0xc8 c:/program files (x86)/cypress/psoc creator/4.4/psoc creator/import/gnu/arm/5.4.1/bin/../lib/gcc/arm-none-eabi/5.4.1/../../../../arm-none-eabi/lib/armv7-m\libg_nano.a(lib_a-mprec.o)
                0x000039b8                __mprec_tens
 .rodata.p05.5408
                0x00003a80        0xc c:/program files (x86)/cypress/psoc creator/4.4/psoc creator/import/gnu/arm/5.4.1/bin/../lib/gcc/arm-none-eabi/5.4.1/../../../../arm-none-eabi/lib/armv7-m\libg_nano.a(lib_a-mprec.o)
 *fill*         0x00003a8c        0x4 
 .rodata.__mprec_bigtens
                0x00003a90       0x28 c:/program files (x86)/cypress/psoc creator/4.4/psoc creator/import/gnu/arm/5.4.1/bin/../lib/gcc/arm-none-eabi/5.4.1/../../../../arm-none-eabi/lib/armv7-m\libg_nano.a(lib_a-mprec.o)
                0x00003a90                __mprec_bigtens
 .rodata.str1.1
                0x00003ab8       0x11 c:/program files (x86)/cypress/psoc creator/4.4/psoc creator/import/gnu/arm/5.4.1/bin/../lib/gcc/arm-none-eabi/5.4.1/../../../../arm-none-eabi/lib/armv7-m\libg_nano.a(lib_a-nano-svfprintf.o)
                0x00003acc                . = ALIGN (0x4)
 *fill*         0x00003ac9        0x3 
 *(.init)
 .init          0x00003acc        0x4 c:/program files (x86)/cypress/psoc creator/4.4/psoc creator/import/gnu/arm/5.4.1/bin/../lib/gcc/arm-none-eabi/5.4.1/armv7-m/crti.o
                0x00003acc                _init
 .init          0x00003ad0        0x8 c:/program files (x86)/cypress/psoc creator/4.4/psoc creator/import/gnu/arm/5.4.1/bin/../lib/gcc/arm-none-eabi/5.4.1/armv7-m/crtn.o
                0x00003ad8                . = ALIGN (0x4)
                0x00003ad8                __preinit_array_start = .
 *(.preinit_array)
                0x00003ad8                __preinit_array_end = .
                0x00003ad8                . = ALIGN (0x4)
                0x00003ad8                __init_array_start = .
 *(SORT(.init_array.*))
 *(.init_array)
 .init_array    0x00003ad8        0x4 c:/program files (x86)/cypress/psoc creator/4.4/psoc creator/import/gnu/arm/5.4.1/bin/../lib/gcc/arm-none-eabi/5.4.1/armv7-m/crtbegin.o
 .init_array    0x00003adc        0x4 .\CortexM3\ARM_GCC_541\Debug\Cm3Start.o
                0x00003ae0                __init_array_end = .
                0x00003ae0                . = ALIGN (0x4)
 *(.fini)
 .fini          0x00003ae0        0x4 c:/program files (x86)/cypress/psoc creator/4.4/psoc creator/import/gnu/arm/5.4.1/bin/../lib/gcc/arm-none-eabi/5.4.1/armv7-m/crti.o
                0x00003ae0                _fini
 .fini          0x00003ae4        0x8 c:/program files (x86)/cypress/psoc creator/4.4/psoc creator/import/gnu/arm/5.4.1/bin/../lib/gcc/arm-none-eabi/5.4.1/armv7-m/crtn.o
                0x00003aec                . = ALIGN (0x4)
                0x00003aec                __fini_array_start = .
 *(.fini_array)
 .fini_array    0x00003aec        0x4 c:/program files (x86)/cypress/psoc creator/4.4/psoc creator/import/gnu/arm/5.4.1/bin/../lib/gcc/arm-none-eabi/5.4.1/armv7-m/crtbegin.o
 *(SORT(.fini_array.*))
                0x00003af0                __fini_array_end = .
                0x00003af0                . = ALIGN (0x4)
 *crtbegin.o(.ctors)
 *(EXCLUDE_FILE(*crtend.o) .ctors)
 *(SORT(.ctors.*))
 *crtend.o(.ctors)
                0x00003af0                . = ALIGN (0x4)
 *crtbegin.o(.dtors)
 *(EXCLUDE_FILE(*crtend.o) .dtors)
 *(SORT(.dtors.*))
 *crtend.o(.dtors)
                0x00003af0                . = ALIGN (0x4)
                0x00003af0                __cy_regions = .
                0x00003af0        0x4 LONG 0x3b00 __cy_region_init_ram
                0x00003af4        0x4 LONG 0x1fff80c8 __cy_region_start_data
                0x00003af8        0x4 LONG 0xb8 __cy_region_init_size_ram
                0x00003afc        0x4 LONG 0x40 __cy_region_zero_size_ram
                0x00003b00                __cy_regions_end = .
                0x00003b00                . = ALIGN (0x8)
                0x00003b00                _etext = .

.cy_checksum_exclude
                0x00003b00        0x0
 *(.cy_checksum_exclude)

.ramvectors     0x1fff8000       0xc0
                0x1fff8000                __cy_region_start_ram = .
 *(.ramvectors)
 .ramvectors    0x1fff8000       0xc0 .\CortexM3\ARM_GCC_541\Debug\Cm3Start.o
                0x1fff8000                CyRamVectors

.noinit         0x1fff80c0        0x1
 *(.noinit)
 .noinit        0x1fff80c0        0x1 .\CortexM3\ARM_GCC_541\Debug\ACC_FIFO_for96.a(CyLib.o)
                0x1fff80c0                CyResetStatus

.data           0x1fff80c8       0xb8 load address 0x00003b00
                0x1fff80c8                __cy_region_start_data = .
 *(.jcr)
 .jcr           0x1fff80c8        0x0 c:/program files (x86)/cypress/psoc creator/4.4/psoc creator/import/gnu/arm/5.4.1/bin/../lib/gcc/arm-none-eabi/5.4.1/armv7-m/crtbegin.o
 .jcr           0x1fff80c8        0x4 c:/program files (x86)/cypress/psoc creator/4.4/psoc creator/import/gnu/arm/5.4.1/bin/../lib/gcc/arm-none-eabi/5.4.1/armv7-m/crtend.o
 *(.got.plt)
 *(.got)
 *(.shdata)
 *(.data .data.* .gnu.linkonce.d.*)
 .data          0x1fff80cc        0x4 .\CortexM3\ARM_GCC_541\Debug\Cm3Start.o
 .data          0x1fff80d0       0x10 .\CortexM3\ARM_GCC_541\Debug\ACC_FIFO_for96.a(CyLib.o)
                0x1fff80d0                cydelay_32k_ms
                0x1fff80d4                cydelay_freq_khz
                0x1fff80d8                cydelay_freq_mhz
                0x1fff80dc                cydelay_freq_hz
 .data.impure_data
                0x1fff80e0       0x60 c:/program files (x86)/cypress/psoc creator/4.4/psoc creator/import/gnu/arm/5.4.1/bin/../lib/gcc/arm-none-eabi/5.4.1/../../../../arm-none-eabi/lib/armv7-m\libg_nano.a(lib_a-impure.o)
 .data._impure_ptr
                0x1fff8140        0x4 c:/program files (x86)/cypress/psoc creator/4.4/psoc creator/import/gnu/arm/5.4.1/bin/../lib/gcc/arm-none-eabi/5.4.1/../../../../arm-none-eabi/lib/armv7-m\libg_nano.a(lib_a-impure.o)
                0x1fff8140                _impure_ptr
 .data.lconv    0x1fff8144       0x38 c:/program files (x86)/cypress/psoc creator/4.4/psoc creator/import/gnu/arm/5.4.1/bin/../lib/gcc/arm-none-eabi/5.4.1/../../../../arm-none-eabi/lib/armv7-m\libg_nano.a(lib_a-locale.o)
                0x1fff8180                . = ALIGN (0x8)
 *fill*         0x1fff817c        0x4 
 *(.ram)
                0x1fff8180                _edata = .

.igot.plt       0x1fff8180        0x0 load address 0x00003bb8
 .igot.plt      0x1fff8180        0x0 c:/program files (x86)/cypress/psoc creator/4.4/psoc creator/import/gnu/arm/5.4.1/bin/../lib/gcc/arm-none-eabi/5.4.1/armv7-m/crtbegin.o

.bss            0x1fff8180       0x40 load address 0x00003bb8
                0x1fff8180                PROVIDE (__bss_start__, .)
 *(.shbss)
 *(.bss .bss.* .gnu.linkonce.b.*)
 .bss           0x1fff8180       0x1c c:/program files (x86)/cypress/psoc creator/4.4/psoc creator/import/gnu/arm/5.4.1/bin/../lib/gcc/arm-none-eabi/5.4.1/armv7-m/crtbegin.o
 .bss           0x1fff819c        0x2 .\CortexM3\ARM_GCC_541\Debug\ACC_FIFO_for96.a(UART_1.o)
                0x1fff819c                UART_1_initVar
 .bss           0x1fff819e        0x1 .\CortexM3\ARM_GCC_541\Debug\ACC_FIFO_for96.a(I2C_Master.o)
                0x1fff819e                I2C_Master_initVar
 *fill*         0x1fff819f        0x1 
 .bss.__malloc_sbrk_start
                0x1fff81a0        0x4 c:/program files (x86)/cypress/psoc creator/4.4/psoc creator/import/gnu/arm/5.4.1/bin/../lib/gcc/arm-none-eabi/5.4.1/../../../../arm-none-eabi/lib/armv7-m\libg_nano.a(lib_a-nano-mallocr.o)
                0x1fff81a0                __malloc_sbrk_start
 .bss.__malloc_free_list
                0x1fff81a4        0x4 c:/program files (x86)/cypress/psoc creator/4.4/psoc creator/import/gnu/arm/5.4.1/bin/../lib/gcc/arm-none-eabi/5.4.1/../../../../arm-none-eabi/lib/armv7-m\libg_nano.a(lib_a-nano-mallocr.o)
                0x1fff81a4                __malloc_free_list
 *(COMMON)
 COMMON         0x1fff81a8        0x1 .\CortexM3\ARM_GCC_541\Debug\ACC_FIFO_for96.a(I2C_Master.o)
                0x1fff81a8                I2C_Master_state
 *fill*         0x1fff81a9        0x3 
 COMMON         0x1fff81ac        0xf .\CortexM3\ARM_GCC_541\Debug\ACC_FIFO_for96.a(I2C_Master_MASTER.o)
                0x1fff81ac                I2C_Master_mstrRdBufIndex
                0x1fff81ad                I2C_Master_mstrWrBufIndex
                0x1fff81ae                I2C_Master_mstrWrBufSize
                0x1fff81b0                I2C_Master_mstrWrBufPtr
                0x1fff81b4                I2C_Master_mstrRdBufPtr
                0x1fff81b8                I2C_Master_mstrControl
                0x1fff81b9                I2C_Master_mstrStatus
                0x1fff81ba                I2C_Master_mstrRdBufSize
 *fill*         0x1fff81bb        0x1 
 COMMON         0x1fff81bc        0x4 c:/program files (x86)/cypress/psoc creator/4.4/psoc creator/import/gnu/arm/5.4.1/bin/../lib/gcc/arm-none-eabi/5.4.1/../../../../arm-none-eabi/lib/armv7-m\libg_nano.a(lib_a-reent.o)
                0x1fff81bc                errno
                0x1fff81c0                . = ALIGN (0x8)
 *(.ram.b)
                0x1fff81c0                _end = .
                0x1fff81c0                __end = .
                0x1fff81c0                PROVIDE (end, .)
                0x1fff81c0                PROVIDE (__bss_end__, .)
                0x00003b00                __cy_region_init_ram = LOADADDR (.data)
                0x000000b8                __cy_region_init_size_ram = (_edata - ADDR (.data))
                0x00000040                __cy_region_zero_size_ram = (_end - _edata)

.heap           0x1fff81c0      0x200 load address 0x00003bb8
                0x1fff81c0                . = _end
                0x1fff83c0                . = (. + 0x200)
 *fill*         0x1fff81c0      0x200 
                0x1fff83c0                __cy_heap_limit = .

.stack          0x20007800      0x800
                0x20007800                __cy_stack_limit = .
                0x20008000                . = (. + 0x800)
 *fill*         0x20007800      0x800 
                0x00000001                ASSERT ((__cy_stack_limit >= __cy_heap_limit), region RAM overflowed with stack)
                0x00000000                cy_checksum_exclude_size = (CY_APPL_LOADABLE == 0x1)?SIZEOF (.cy_checksum_exclude):0x0
                0x00000001                ASSERT ((cy_checksum_exclude_size <= CY_CHECKSUM_EXCLUDE_SIZE), CY_BOOT: Section .cy_checksum_exclude size exceedes specified limit.)

.cyloadermeta
 *(.cyloadermeta)

.cyloadablemeta
 *(.cyloadablemeta)

.cyconfigecc    0x80000000      0x3a0
 *(.cyconfigecc)
 .cyconfigecc   0x80000000      0x3a0 .\CortexM3\ARM_GCC_541\Debug\cymetadata.o
                0x80000000                cy_meta_configecc

.cycustnvl      0x90000000        0x4
 *(.cycustnvl)
 .cycustnvl     0x90000000        0x4 .\CortexM3\ARM_GCC_541\Debug\cymetadata.o
                0x90000000                cy_meta_custnvl

.cywolatch      0x90100000        0x4
 *(.cywolatch)
 .cywolatch     0x90100000        0x4 .\CortexM3\ARM_GCC_541\Debug\cymetadata.o
                0x90100000                cy_meta_wonvl

.cyeeprom       0x90200000        0x0
 *(.cyeeprom)
                0x00000001                ASSERT ((. <= ((0x90200000 + ee_offset) + ee_size)), .cyeeprom data will not fit in EEPROM)

.cyflashprotect
                0x90400000      0x100
 *(.cyflashprotect)
 .cyflashprotect
                0x90400000      0x100 .\CortexM3\ARM_GCC_541\Debug\cymetadata.o
                0x90400000                cy_meta_flashprotect

.cymeta         0x90500000        0xc
 *(.cymeta)
 .cymeta        0x90500000        0xc .\CortexM3\ARM_GCC_541\Debug\cymetadata.o
                0x90500000                cy_metadata

.rel.dyn        0x00003bb8        0x0 load address 0x9050000c
 .rel.iplt      0x00003bb8        0x0 c:/program files (x86)/cypress/psoc creator/4.4/psoc creator/import/gnu/arm/5.4.1/bin/../lib/gcc/arm-none-eabi/5.4.1/armv7-m/crtbegin.o

.stab
 *(.stab)

.stabstr
 *(.stabstr)

.debug
 *(.debug)

.line
 *(.line)

.debug_srcinfo
 *(.debug_srcinfo)

.debug_sfnames
 *(.debug_sfnames)

.debug_aranges  0x00000000      0x7f0
 *(.debug_aranges)
 .debug_aranges
                0x00000000       0x20 .\CortexM3\ARM_GCC_541\Debug\main.o
 .debug_aranges
                0x00000020       0x48 .\CortexM3\ARM_GCC_541\Debug\I2C_Interface.o
 .debug_aranges
                0x00000068       0x58 .\CortexM3\ARM_GCC_541\Debug\cyfitter_cfg.o
 .debug_aranges
                0x000000c0       0x18 .\CortexM3\ARM_GCC_541\Debug\cymetadata.o
 .debug_aranges
                0x000000d8       0x48 .\CortexM3\ARM_GCC_541\Debug\Cm3Start.o
 .debug_aranges
                0x00000120       0xf0 .\CortexM3\ARM_GCC_541\Debug\ACC_FIFO_for96.a(UART_1.o)
 .debug_aranges
                0x00000210       0x38 .\CortexM3\ARM_GCC_541\Debug\ACC_FIFO_for96.a(I2C_Master.o)
 .debug_aranges
                0x00000248       0x20 .\CortexM3\ARM_GCC_541\Debug\ACC_FIFO_for96.a(I2C_Master_INT.o)
 .debug_aranges
                0x00000268       0x38 .\CortexM3\ARM_GCC_541\Debug\ACC_FIFO_for96.a(I2C_Master_PM.o)
 .debug_aranges
                0x000002a0       0x80 .\CortexM3\ARM_GCC_541\Debug\ACC_FIFO_for96.a(I2C_Master_MASTER.o)
 .debug_aranges
                0x00000320       0x70 .\CortexM3\ARM_GCC_541\Debug\ACC_FIFO_for96.a(UART_1_IntClock.o)
 .debug_aranges
                0x00000390      0x2a0 .\CortexM3\ARM_GCC_541\Debug\ACC_FIFO_for96.a(CyLib.o)
 .debug_aranges
                0x00000630       0x98 .\CortexM3\ARM_GCC_541\Debug\ACC_FIFO_for96.a(cyPm.o)
 .debug_aranges
                0x000006c8       0x20 .\CortexM3\ARM_GCC_541\Debug\ACC_FIFO_for96.a(CyBootAsmGnu.o)
 .debug_aranges
                0x000006e8       0x88 .\CortexM3\ARM_GCC_541\Debug\ACC_FIFO_for96.a(CyFlash.o)
 .debug_aranges
                0x00000770       0x80 .\CortexM3\ARM_GCC_541\Debug\ACC_FIFO_for96.a(CySpc.o)

.debug_pubnames
 *(.debug_pubnames)

.debug_info     0x00000000     0x51cb
 *(.debug_info .gnu.linkonce.wi.*)
 .debug_info    0x00000000      0x653 .\CortexM3\ARM_GCC_541\Debug\main.o
 .debug_info    0x00000653      0x3f9 .\CortexM3\ARM_GCC_541\Debug\I2C_Interface.o
 .debug_info    0x00000a4c      0x5a8 .\CortexM3\ARM_GCC_541\Debug\cyfitter_cfg.o
 .debug_info    0x00000ff4      0x135 .\CortexM3\ARM_GCC_541\Debug\cymetadata.o
 .debug_info    0x00001129      0x3bb .\CortexM3\ARM_GCC_541\Debug\Cm3Start.o
 .debug_info    0x000014e4      0x60c .\CortexM3\ARM_GCC_541\Debug\ACC_FIFO_for96.a(UART_1.o)
 .debug_info    0x00001af0      0x2ad .\CortexM3\ARM_GCC_541\Debug\ACC_FIFO_for96.a(I2C_Master.o)
 .debug_info    0x00001d9d      0x184 .\CortexM3\ARM_GCC_541\Debug\ACC_FIFO_for96.a(I2C_Master_INT.o)
 .debug_info    0x00001f21      0x207 .\CortexM3\ARM_GCC_541\Debug\ACC_FIFO_for96.a(I2C_Master_PM.o)
 .debug_info    0x00002128      0x407 .\CortexM3\ARM_GCC_541\Debug\ACC_FIFO_for96.a(I2C_Master_MASTER.o)
 .debug_info    0x0000252f      0x283 .\CortexM3\ARM_GCC_541\Debug\ACC_FIFO_for96.a(UART_1_IntClock.o)
 .debug_info    0x000027b2     0x1374 .\CortexM3\ARM_GCC_541\Debug\ACC_FIFO_for96.a(CyLib.o)
 .debug_info    0x00003b26      0xa2a .\CortexM3\ARM_GCC_541\Debug\ACC_FIFO_for96.a(cyPm.o)
 .debug_info    0x00004550       0xde .\CortexM3\ARM_GCC_541\Debug\ACC_FIFO_for96.a(CyBootAsmGnu.o)
 .debug_info    0x0000462e      0x64d .\CortexM3\ARM_GCC_541\Debug\ACC_FIFO_for96.a(CyFlash.o)
 .debug_info    0x00004c7b      0x550 .\CortexM3\ARM_GCC_541\Debug\ACC_FIFO_for96.a(CySpc.o)

.debug_abbrev   0x00000000     0x1474
 *(.debug_abbrev)
 .debug_abbrev  0x00000000      0x139 .\CortexM3\ARM_GCC_541\Debug\main.o
 .debug_abbrev  0x00000139       0xea .\CortexM3\ARM_GCC_541\Debug\I2C_Interface.o
 .debug_abbrev  0x00000223      0x20d .\CortexM3\ARM_GCC_541\Debug\cyfitter_cfg.o
 .debug_abbrev  0x00000430       0x66 .\CortexM3\ARM_GCC_541\Debug\cymetadata.o
 .debug_abbrev  0x00000496      0x1e8 .\CortexM3\ARM_GCC_541\Debug\Cm3Start.o
 .debug_abbrev  0x0000067e      0x175 .\CortexM3\ARM_GCC_541\Debug\ACC_FIFO_for96.a(UART_1.o)
 .debug_abbrev  0x000007f3      0x10a .\CortexM3\ARM_GCC_541\Debug\ACC_FIFO_for96.a(I2C_Master.o)
 .debug_abbrev  0x000008fd       0xb6 .\CortexM3\ARM_GCC_541\Debug\ACC_FIFO_for96.a(I2C_Master_INT.o)
 .debug_abbrev  0x000009b3       0xfe .\CortexM3\ARM_GCC_541\Debug\ACC_FIFO_for96.a(I2C_Master_PM.o)
 .debug_abbrev  0x00000ab1      0x13c .\CortexM3\ARM_GCC_541\Debug\ACC_FIFO_for96.a(I2C_Master_MASTER.o)
 .debug_abbrev  0x00000bed      0x139 .\CortexM3\ARM_GCC_541\Debug\ACC_FIFO_for96.a(UART_1_IntClock.o)
 .debug_abbrev  0x00000d26      0x254 .\CortexM3\ARM_GCC_541\Debug\ACC_FIFO_for96.a(CyLib.o)
 .debug_abbrev  0x00000f7a      0x1ab .\CortexM3\ARM_GCC_541\Debug\ACC_FIFO_for96.a(cyPm.o)
 .debug_abbrev  0x00001125       0x14 .\CortexM3\ARM_GCC_541\Debug\ACC_FIFO_for96.a(CyBootAsmGnu.o)
 .debug_abbrev  0x00001139      0x1a7 .\CortexM3\ARM_GCC_541\Debug\ACC_FIFO_for96.a(CyFlash.o)
 .debug_abbrev  0x000012e0      0x194 .\CortexM3\ARM_GCC_541\Debug\ACC_FIFO_for96.a(CySpc.o)

.debug_line     0x00000000     0x2370
 *(.debug_line)
 .debug_line    0x00000000      0x293 .\CortexM3\ARM_GCC_541\Debug\main.o
 .debug_line    0x00000293      0x1f6 .\CortexM3\ARM_GCC_541\Debug\I2C_Interface.o
 .debug_line    0x00000489        0x0 .\CortexM3\ARM_GCC_541\Debug\interrupt_Routines.o
 .debug_line    0x00000489      0x1f3 .\CortexM3\ARM_GCC_541\Debug\cyfitter_cfg.o
 .debug_line    0x0000067c      0x141 .\CortexM3\ARM_GCC_541\Debug\cymetadata.o
 .debug_line    0x000007bd      0x234 .\CortexM3\ARM_GCC_541\Debug\Cm3Start.o
 .debug_line    0x000009f1      0x2c0 .\CortexM3\ARM_GCC_541\Debug\ACC_FIFO_for96.a(UART_1.o)
 .debug_line    0x00000cb1       0xee .\CortexM3\ARM_GCC_541\Debug\ACC_FIFO_for96.a(I2C_Master.o)
 .debug_line    0x00000d9f      0x122 .\CortexM3\ARM_GCC_541\Debug\ACC_FIFO_for96.a(I2C_Master_INT.o)
 .debug_line    0x00000ec1       0xc9 .\CortexM3\ARM_GCC_541\Debug\ACC_FIFO_for96.a(I2C_Master_PM.o)
 .debug_line    0x00000f8a      0x20b .\CortexM3\ARM_GCC_541\Debug\ACC_FIFO_for96.a(I2C_Master_MASTER.o)
 .debug_line    0x00001195      0x17e .\CortexM3\ARM_GCC_541\Debug\ACC_FIFO_for96.a(UART_1_IntClock.o)
 .debug_line    0x00001313      0x816 .\CortexM3\ARM_GCC_541\Debug\ACC_FIFO_for96.a(CyLib.o)
 .debug_line    0x00001b29      0x367 .\CortexM3\ARM_GCC_541\Debug\ACC_FIFO_for96.a(cyPm.o)
 .debug_line    0x00001e90       0x66 .\CortexM3\ARM_GCC_541\Debug\ACC_FIFO_for96.a(CyBootAsmGnu.o)
 .debug_line    0x00001ef6      0x21a .\CortexM3\ARM_GCC_541\Debug\ACC_FIFO_for96.a(CyFlash.o)
 .debug_line    0x00002110      0x260 .\CortexM3\ARM_GCC_541\Debug\ACC_FIFO_for96.a(CySpc.o)

.debug_frame    0x00000000     0x1cb4
 *(.debug_frame)
 .debug_frame   0x00000000       0x3c .\CortexM3\ARM_GCC_541\Debug\main.o
 .debug_frame   0x0000003c       0xd4 .\CortexM3\ARM_GCC_541\Debug\I2C_Interface.o
 .debug_frame   0x00000110       0xe4 .\CortexM3\ARM_GCC_541\Debug\cyfitter_cfg.o
 .debug_frame   0x000001f4       0xb8 .\CortexM3\ARM_GCC_541\Debug\Cm3Start.o
 .debug_frame   0x000002ac      0x250 .\CortexM3\ARM_GCC_541\Debug\ACC_FIFO_for96.a(UART_1.o)
 .debug_frame   0x000004fc       0x94 .\CortexM3\ARM_GCC_541\Debug\ACC_FIFO_for96.a(I2C_Master.o)
 .debug_frame   0x00000590       0x30 .\CortexM3\ARM_GCC_541\Debug\ACC_FIFO_for96.a(I2C_Master_INT.o)
 .debug_frame   0x000005c0       0x74 .\CortexM3\ARM_GCC_541\Debug\ACC_FIFO_for96.a(I2C_Master_PM.o)
 .debug_frame   0x00000634      0x138 .\CortexM3\ARM_GCC_541\Debug\ACC_FIFO_for96.a(I2C_Master_MASTER.o)
 .debug_frame   0x0000076c       0xe0 .\CortexM3\ARM_GCC_541\Debug\ACC_FIFO_for96.a(UART_1_IntClock.o)
 .debug_frame   0x0000084c      0x738 .\CortexM3\ARM_GCC_541\Debug\ACC_FIFO_for96.a(CyLib.o)
 .debug_frame   0x00000f84      0x1f8 .\CortexM3\ARM_GCC_541\Debug\ACC_FIFO_for96.a(cyPm.o)
 .debug_frame   0x0000117c      0x194 .\CortexM3\ARM_GCC_541\Debug\ACC_FIFO_for96.a(CyFlash.o)
 .debug_frame   0x00001310      0x180 .\CortexM3\ARM_GCC_541\Debug\ACC_FIFO_for96.a(CySpc.o)
 .debug_frame   0x00001490       0x20 c:/program files (x86)/cypress/psoc creator/4.4/psoc creator/import/gnu/arm/5.4.1/bin/../lib/gcc/arm-none-eabi/5.4.1/../../../../arm-none-eabi/lib/armv7-m\libg_nano.a(lib_a-errno.o)
 .debug_frame   0x000014b0       0x28 c:/program files (x86)/cypress/psoc creator/4.4/psoc creator/import/gnu/arm/5.4.1/bin/../lib/gcc/arm-none-eabi/5.4.1/../../../../arm-none-eabi/lib/armv7-m\libg_nano.a(lib_a-exit.o)
 .debug_frame   0x000014d8       0x2c c:/program files (x86)/cypress/psoc creator/4.4/psoc creator/import/gnu/arm/5.4.1/bin/../lib/gcc/arm-none-eabi/5.4.1/../../../../arm-none-eabi/lib/armv7-m\libg_nano.a(lib_a-init.o)
 .debug_frame   0x00001504       0x28 c:/program files (x86)/cypress/psoc creator/4.4/psoc creator/import/gnu/arm/5.4.1/bin/../lib/gcc/arm-none-eabi/5.4.1/../../../../arm-none-eabi/lib/armv7-m\libg_nano.a(lib_a-memcpy-stub.o)
 .debug_frame   0x0000152c       0x20 c:/program files (x86)/cypress/psoc creator/4.4/psoc creator/import/gnu/arm/5.4.1/bin/../lib/gcc/arm-none-eabi/5.4.1/../../../../arm-none-eabi/lib/armv7-m\libg_nano.a(lib_a-memset.o)
 .debug_frame   0x0000154c       0x8c c:/program files (x86)/cypress/psoc creator/4.4/psoc creator/import/gnu/arm/5.4.1/bin/../lib/gcc/arm-none-eabi/5.4.1/../../../../arm-none-eabi/lib/armv7-m\libg_nano.a(lib_a-nano-vfprintf_float.o)
 .debug_frame   0x000015d8       0x60 c:/program files (x86)/cypress/psoc creator/4.4/psoc creator/import/gnu/arm/5.4.1/bin/../lib/gcc/arm-none-eabi/5.4.1/../../../../arm-none-eabi/lib/armv7-m\libg_nano.a(lib_a-nano-vfprintf_i.o)
 .debug_frame   0x00001638       0x70 c:/program files (x86)/cypress/psoc creator/4.4/psoc creator/import/gnu/arm/5.4.1/bin/../lib/gcc/arm-none-eabi/5.4.1/../../../../arm-none-eabi/lib/armv7-m\libg_nano.a(lib_a-sprintf.o)
 .debug_frame   0x000016a8       0x6c c:/program files (x86)/cypress/psoc creator/4.4/psoc creator/import/gnu/arm/5.4.1/bin/../lib/gcc/arm-none-eabi/5.4.1/../../../../arm-none-eabi/lib/armv7-m\libg_nano.a(lib_a-dtoa.o)
 .debug_frame   0x00001714       0x98 c:/program files (x86)/cypress/psoc creator/4.4/psoc creator/import/gnu/arm/5.4.1/bin/../lib/gcc/arm-none-eabi/5.4.1/../../../../arm-none-eabi/lib/armv7-m\libg_nano.a(lib_a-locale.o)
 .debug_frame   0x000017ac       0x30 c:/program files (x86)/cypress/psoc creator/4.4/psoc creator/import/gnu/arm/5.4.1/bin/../lib/gcc/arm-none-eabi/5.4.1/../../../../arm-none-eabi/lib/armv7-m\libg_nano.a(lib_a-malloc.o)
 .debug_frame   0x000017dc       0x28 c:/program files (x86)/cypress/psoc creator/4.4/psoc creator/import/gnu/arm/5.4.1/bin/../lib/gcc/arm-none-eabi/5.4.1/../../../../arm-none-eabi/lib/armv7-m\libg_nano.a(lib_a-memchr-stub.o)
 .debug_frame   0x00001804      0x234 c:/program files (x86)/cypress/psoc creator/4.4/psoc creator/import/gnu/arm/5.4.1/bin/../lib/gcc/arm-none-eabi/5.4.1/../../../../arm-none-eabi/lib/armv7-m\libg_nano.a(lib_a-mprec.o)
 .debug_frame   0x00001a38       0x2c c:/program files (x86)/cypress/psoc creator/4.4/psoc creator/import/gnu/arm/5.4.1/bin/../lib/gcc/arm-none-eabi/5.4.1/../../../../arm-none-eabi/lib/armv7-m\libg_nano.a(lib_a-nano-callocr.o)
 .debug_frame   0x00001a64       0x38 c:/program files (x86)/cypress/psoc creator/4.4/psoc creator/import/gnu/arm/5.4.1/bin/../lib/gcc/arm-none-eabi/5.4.1/../../../../arm-none-eabi/lib/armv7-m\libg_nano.a(lib_a-nano-freer.o)
 .debug_frame   0x00001a9c       0x2c c:/program files (x86)/cypress/psoc creator/4.4/psoc creator/import/gnu/arm/5.4.1/bin/../lib/gcc/arm-none-eabi/5.4.1/../../../../arm-none-eabi/lib/armv7-m\libg_nano.a(lib_a-nano-mallocr.o)
 .debug_frame   0x00001ac8       0x90 c:/program files (x86)/cypress/psoc creator/4.4/psoc creator/import/gnu/arm/5.4.1/bin/../lib/gcc/arm-none-eabi/5.4.1/../../../../arm-none-eabi/lib/armv7-m\libg_nano.a(lib_a-nano-svfprintf.o)
 .debug_frame   0x00001b58       0x2c c:/program files (x86)/cypress/psoc creator/4.4/psoc creator/import/gnu/arm/5.4.1/bin/../lib/gcc/arm-none-eabi/5.4.1/../../../../arm-none-eabi/lib/armv7-m\libg_nano.a(lib_a-sbrkr.o)
 .debug_frame   0x00001b84       0x20 c:/program files (x86)/cypress/psoc creator/4.4/psoc creator/import/gnu/arm/5.4.1/bin/../lib/gcc/arm-none-eabi/5.4.1/../../../../arm-none-eabi/lib/armv7-m\libg_nano.a(lib_a-strcmp.o)
 .debug_frame   0x00001ba4       0x28 c:/program files (x86)/cypress/psoc creator/4.4/psoc creator/import/gnu/arm/5.4.1/bin/../lib/gcc/arm-none-eabi/5.4.1/../../../../arm-none-eabi/lib/armv7-m\libg_nano.a(lib_a-memmove.o)
 .debug_frame   0x00001bcc       0x30 c:/program files (x86)/cypress/psoc creator/4.4/psoc creator/import/gnu/arm/5.4.1/bin/../lib/gcc/arm-none-eabi/5.4.1/../../../../arm-none-eabi/lib/armv7-m\libg_nano.a(lib_a-mlock.o)
 .debug_frame   0x00001bfc       0x3c c:/program files (x86)/cypress/psoc creator/4.4/psoc creator/import/gnu/arm/5.4.1/bin/../lib/gcc/arm-none-eabi/5.4.1/../../../../arm-none-eabi/lib/armv7-m\libg_nano.a(lib_a-nano-reallocr.o)
 .debug_frame   0x00001c38       0x5c c:/program files (x86)/cypress/psoc creator/4.4/psoc creator/import/gnu/arm/5.4.1/bin/../lib/gcc/arm-none-eabi/5.4.1/../../../../arm-none-eabi/lib/armv7-m\libg_nano.a(lib_a-reent.o)
 .debug_frame   0x00001c94       0x20 c:/program files (x86)/cypress/psoc creator/4.4/psoc creator/import/gnu/arm/5.4.1/bin/../lib/gcc/arm-none-eabi/5.4.1/../../../../arm-none-eabi/lib/armv7-m\libg_nano.a(lib_a-nano-msizer.o)

.debug_str      0x00000000     0x1da9
 *(.debug_str)
 .debug_str     0x00000000      0x2d1 .\CortexM3\ARM_GCC_541\Debug\main.o
                                0x334 (size before relaxing)
 .debug_str     0x000002d1      0x153 .\CortexM3\ARM_GCC_541\Debug\I2C_Interface.o
                                0x3a0 (size before relaxing)
 .debug_str     0x00000424       0x15 .\CortexM3\ARM_GCC_541\Debug\interrupt_Routines.o
                                0x133 (size before relaxing)
 .debug_str     0x00000439      0x1b6 .\CortexM3\ARM_GCC_541\Debug\cyfitter_cfg.o
                                0x392 (size before relaxing)
 .debug_str     0x000005ef       0x75 .\CortexM3\ARM_GCC_541\Debug\cymetadata.o
                                0x232 (size before relaxing)
 .debug_str     0x00000664      0x144 .\CortexM3\ARM_GCC_541\Debug\Cm3Start.o
                                0x358 (size before relaxing)
 .debug_str     0x000007a8      0x2f4 .\CortexM3\ARM_GCC_541\Debug\ACC_FIFO_for96.a(UART_1.o)
                                0x501 (size before relaxing)
 .debug_str     0x00000a9c      0x13f .\CortexM3\ARM_GCC_541\Debug\ACC_FIFO_for96.a(I2C_Master.o)
                                0x383 (size before relaxing)
 .debug_str     0x00000bdb       0xb7 .\CortexM3\ARM_GCC_541\Debug\ACC_FIFO_for96.a(I2C_Master_INT.o)
                                0x2fa (size before relaxing)
 .debug_str     0x00000c92       0x79 .\CortexM3\ARM_GCC_541\Debug\ACC_FIFO_for96.a(I2C_Master_PM.o)
                                0x30a (size before relaxing)
 .debug_str     0x00000d0b      0x150 .\CortexM3\ARM_GCC_541\Debug\ACC_FIFO_for96.a(I2C_Master_MASTER.o)
                                0x493 (size before relaxing)
 .debug_str     0x00000e5b      0x197 .\CortexM3\ARM_GCC_541\Debug\ACC_FIFO_for96.a(UART_1_IntClock.o)
                                0x39c (size before relaxing)
 .debug_str     0x00000ff2      0x7eb .\CortexM3\ARM_GCC_541\Debug\ACC_FIFO_for96.a(CyLib.o)
                                0xa95 (size before relaxing)
 .debug_str     0x000017dd      0x365 .\CortexM3\ARM_GCC_541\Debug\ACC_FIFO_for96.a(cyPm.o)
                                0x781 (size before relaxing)
 .debug_str     0x00001b42      0x1bb .\CortexM3\ARM_GCC_541\Debug\ACC_FIFO_for96.a(CyFlash.o)
                                0x40e (size before relaxing)
 .debug_str     0x00001cfd       0xac .\CortexM3\ARM_GCC_541\Debug\ACC_FIFO_for96.a(CySpc.o)
                                0x386 (size before relaxing)

.debug_loc      0x00000000     0x276a
 *(.debug_loc)
 .debug_loc     0x00000000      0x17f .\CortexM3\ARM_GCC_541\Debug\main.o
 .debug_loc     0x0000017f      0x24a .\CortexM3\ARM_GCC_541\Debug\I2C_Interface.o
 .debug_loc     0x000003c9      0x289 .\CortexM3\ARM_GCC_541\Debug\cyfitter_cfg.o
 .debug_loc     0x00000652      0x144 .\CortexM3\ARM_GCC_541\Debug\Cm3Start.o
 .debug_loc     0x00000796      0x258 .\CortexM3\ARM_GCC_541\Debug\ACC_FIFO_for96.a(UART_1.o)
 .debug_loc     0x000009ee       0x39 .\CortexM3\ARM_GCC_541\Debug\ACC_FIFO_for96.a(I2C_Master.o)
 .debug_loc     0x00000a27       0x29 .\CortexM3\ARM_GCC_541\Debug\ACC_FIFO_for96.a(I2C_Master_INT.o)
 .debug_loc     0x00000a50       0x13 .\CortexM3\ARM_GCC_541\Debug\ACC_FIFO_for96.a(I2C_Master_PM.o)
 .debug_loc     0x00000a63      0x52f .\CortexM3\ARM_GCC_541\Debug\ACC_FIFO_for96.a(I2C_Master_MASTER.o)
 .debug_loc     0x00000f92      0x12c .\CortexM3\ARM_GCC_541\Debug\ACC_FIFO_for96.a(UART_1_IntClock.o)
 .debug_loc     0x000010be      0xa11 .\CortexM3\ARM_GCC_541\Debug\ACC_FIFO_for96.a(CyLib.o)
 .debug_loc     0x00001acf      0x1e4 .\CortexM3\ARM_GCC_541\Debug\ACC_FIFO_for96.a(cyPm.o)
 .debug_loc     0x00001cb3      0x3b2 .\CortexM3\ARM_GCC_541\Debug\ACC_FIFO_for96.a(CyFlash.o)
 .debug_loc     0x00002065      0x705 .\CortexM3\ARM_GCC_541\Debug\ACC_FIFO_for96.a(CySpc.o)

.debug_macinfo
 *(.debug_macinfo)

.debug_ranges   0x00000000      0x6f0
 *(.debug_ranges)
 .debug_ranges  0x00000000       0x10 .\CortexM3\ARM_GCC_541\Debug\main.o
 .debug_ranges  0x00000010       0x50 .\CortexM3\ARM_GCC_541\Debug\I2C_Interface.o
 .debug_ranges  0x00000060       0x48 .\CortexM3\ARM_GCC_541\Debug\cyfitter_cfg.o
 .debug_ranges  0x000000a8       0x38 .\CortexM3\ARM_GCC_541\Debug\Cm3Start.o
 .debug_ranges  0x000000e0       0xe0 .\CortexM3\ARM_GCC_541\Debug\ACC_FIFO_for96.a(UART_1.o)
 .debug_ranges  0x000001c0       0x28 .\CortexM3\ARM_GCC_541\Debug\ACC_FIFO_for96.a(I2C_Master.o)
 .debug_ranges  0x000001e8       0x10 .\CortexM3\ARM_GCC_541\Debug\ACC_FIFO_for96.a(I2C_Master_INT.o)
 .debug_ranges  0x000001f8       0x28 .\CortexM3\ARM_GCC_541\Debug\ACC_FIFO_for96.a(I2C_Master_PM.o)
 .debug_ranges  0x00000220       0x70 .\CortexM3\ARM_GCC_541\Debug\ACC_FIFO_for96.a(I2C_Master_MASTER.o)
 .debug_ranges  0x00000290       0x60 .\CortexM3\ARM_GCC_541\Debug\ACC_FIFO_for96.a(UART_1_IntClock.o)
 .debug_ranges  0x000002f0      0x290 .\CortexM3\ARM_GCC_541\Debug\ACC_FIFO_for96.a(CyLib.o)
 .debug_ranges  0x00000580       0x88 .\CortexM3\ARM_GCC_541\Debug\ACC_FIFO_for96.a(cyPm.o)
 .debug_ranges  0x00000608       0x78 .\CortexM3\ARM_GCC_541\Debug\ACC_FIFO_for96.a(CyFlash.o)
 .debug_ranges  0x00000680       0x70 .\CortexM3\ARM_GCC_541\Debug\ACC_FIFO_for96.a(CySpc.o)

.comment        0x00000000       0x6e
 .comment       0x00000000       0x6e .\CortexM3\ARM_GCC_541\Debug\main.o
                                 0x6f (size before relaxing)
 .comment       0x0000006e       0x6f .\CortexM3\ARM_GCC_541\Debug\I2C_Interface.o
 .comment       0x0000006e       0x6f .\CortexM3\ARM_GCC_541\Debug\interrupt_Routines.o
 .comment       0x0000006e       0x6f .\CortexM3\ARM_GCC_541\Debug\cyfitter_cfg.o
 .comment       0x0000006e       0x6f .\CortexM3\ARM_GCC_541\Debug\cymetadata.o
 .comment       0x0000006e       0x6f .\CortexM3\ARM_GCC_541\Debug\Cm3Start.o
 .comment       0x0000006e       0x6f .\CortexM3\ARM_GCC_541\Debug\ACC_FIFO_for96.a(UART_1.o)
 .comment       0x0000006e       0x6f .\CortexM3\ARM_GCC_541\Debug\ACC_FIFO_for96.a(I2C_Master.o)
 .comment       0x0000006e       0x6f .\CortexM3\ARM_GCC_541\Debug\ACC_FIFO_for96.a(I2C_Master_INT.o)
 .comment       0x0000006e       0x6f .\CortexM3\ARM_GCC_541\Debug\ACC_FIFO_for96.a(I2C_Master_PM.o)
 .comment       0x0000006e       0x6f .\CortexM3\ARM_GCC_541\Debug\ACC_FIFO_for96.a(I2C_Master_MASTER.o)
 .comment       0x0000006e       0x6f .\CortexM3\ARM_GCC_541\Debug\ACC_FIFO_for96.a(UART_1_IntClock.o)
 .comment       0x0000006e       0x6f .\CortexM3\ARM_GCC_541\Debug\ACC_FIFO_for96.a(CyLib.o)
 .comment       0x0000006e       0x6f .\CortexM3\ARM_GCC_541\Debug\ACC_FIFO_for96.a(cyPm.o)
 .comment       0x0000006e       0x6f .\CortexM3\ARM_GCC_541\Debug\ACC_FIFO_for96.a(CyFlash.o)
 .comment       0x0000006e       0x6f .\CortexM3\ARM_GCC_541\Debug\ACC_FIFO_for96.a(CySpc.o)

.debug_weaknames
 *(.debug_weaknames)

.debug_funcnames
 *(.debug_funcnames)

.debug_typenames
 *(.debug_typenames)

.debug_varnames
 *(.debug_varnames)

.note.gnu.arm.ident
 *(.note.gnu.arm.ident)

.ARM.attributes
                0x00000000       0x29
 *(.ARM.attributes)
 .ARM.attributes
                0x00000000       0x1d c:/program files (x86)/cypress/psoc creator/4.4/psoc creator/import/gnu/arm/5.4.1/bin/../lib/gcc/arm-none-eabi/5.4.1/armv7-m/crti.o
 .ARM.attributes
                0x0000001d       0x2d c:/program files (x86)/cypress/psoc creator/4.4/psoc creator/import/gnu/arm/5.4.1/bin/../lib/gcc/arm-none-eabi/5.4.1/armv7-m/crtbegin.o
 .ARM.attributes
                0x0000004a       0x1b c:/program files (x86)/cypress/psoc creator/4.4/psoc creator/import/gnu/arm/5.4.1/bin/../lib/gcc/arm-none-eabi/5.4.1/../../../../arm-none-eabi/lib/armv7-m/crt0.o
 .ARM.attributes
                0x00000065       0x33 .\CortexM3\ARM_GCC_541\Debug\main.o
 .ARM.attributes
                0x00000098       0x33 .\CortexM3\ARM_GCC_541\Debug\I2C_Interface.o
 .ARM.attributes
                0x000000cb       0x33 .\CortexM3\ARM_GCC_541\Debug\interrupt_Routines.o
 .ARM.attributes
                0x000000fe       0x33 .\CortexM3\ARM_GCC_541\Debug\cyfitter_cfg.o
 .ARM.attributes
                0x00000131       0x33 .\CortexM3\ARM_GCC_541\Debug\cymetadata.o
 .ARM.attributes
                0x00000164       0x33 .\CortexM3\ARM_GCC_541\Debug\Cm3Start.o
 .ARM.attributes
                0x00000197       0x33 .\CortexM3\ARM_GCC_541\Debug\ACC_FIFO_for96.a(UART_1.o)
 .ARM.attributes
                0x000001ca       0x33 .\CortexM3\ARM_GCC_541\Debug\ACC_FIFO_for96.a(I2C_Master.o)
 .ARM.attributes
                0x000001fd       0x33 .\CortexM3\ARM_GCC_541\Debug\ACC_FIFO_for96.a(I2C_Master_INT.o)
 .ARM.attributes
                0x00000230       0x33 .\CortexM3\ARM_GCC_541\Debug\ACC_FIFO_for96.a(I2C_Master_PM.o)
 .ARM.attributes
                0x00000263       0x33 .\CortexM3\ARM_GCC_541\Debug\ACC_FIFO_for96.a(I2C_Master_MASTER.o)
 .ARM.attributes
                0x00000296       0x33 .\CortexM3\ARM_GCC_541\Debug\ACC_FIFO_for96.a(UART_1_IntClock.o)
 .ARM.attributes
                0x000002c9       0x33 .\CortexM3\ARM_GCC_541\Debug\ACC_FIFO_for96.a(CyLib.o)
 .ARM.attributes
                0x000002fc       0x33 .\CortexM3\ARM_GCC_541\Debug\ACC_FIFO_for96.a(cyPm.o)
 .ARM.attributes
                0x0000032f       0x21 .\CortexM3\ARM_GCC_541\Debug\ACC_FIFO_for96.a(CyBootAsmGnu.o)
 .ARM.attributes
                0x00000350       0x33 .\CortexM3\ARM_GCC_541\Debug\ACC_FIFO_for96.a(CyFlash.o)
 .ARM.attributes
                0x00000383       0x33 .\CortexM3\ARM_GCC_541\Debug\ACC_FIFO_for96.a(CySpc.o)
 .ARM.attributes
                0x000003b6       0x1d c:/program files (x86)/cypress/psoc creator/4.4/psoc creator/import/gnu/arm/5.4.1/bin/../lib/gcc/arm-none-eabi/5.4.1/armv7-m\libgcc.a(_arm_addsubdf3.o)
 .ARM.attributes
                0x000003d3       0x1d c:/program files (x86)/cypress/psoc creator/4.4/psoc creator/import/gnu/arm/5.4.1/bin/../lib/gcc/arm-none-eabi/5.4.1/armv7-m\libgcc.a(_arm_muldivdf3.o)
 .ARM.attributes
                0x000003f0       0x1d c:/program files (x86)/cypress/psoc creator/4.4/psoc creator/import/gnu/arm/5.4.1/bin/../lib/gcc/arm-none-eabi/5.4.1/armv7-m\libgcc.a(_arm_truncdfsf2.o)
 .ARM.attributes
                0x0000040d       0x2d c:/program files (x86)/cypress/psoc creator/4.4/psoc creator/import/gnu/arm/5.4.1/bin/../lib/gcc/arm-none-eabi/5.4.1/../../../../arm-none-eabi/lib/armv7-m\libg_nano.a(lib_a-errno.o)
 .ARM.attributes
                0x0000043a       0x2d c:/program files (x86)/cypress/psoc creator/4.4/psoc creator/import/gnu/arm/5.4.1/bin/../lib/gcc/arm-none-eabi/5.4.1/../../../../arm-none-eabi/lib/armv7-m\libg_nano.a(lib_a-exit.o)
 .ARM.attributes
                0x00000467       0x2d c:/program files (x86)/cypress/psoc creator/4.4/psoc creator/import/gnu/arm/5.4.1/bin/../lib/gcc/arm-none-eabi/5.4.1/../../../../arm-none-eabi/lib/armv7-m\libg_nano.a(lib_a-impure.o)
 .ARM.attributes
                0x00000494       0x2d c:/program files (x86)/cypress/psoc creator/4.4/psoc creator/import/gnu/arm/5.4.1/bin/../lib/gcc/arm-none-eabi/5.4.1/../../../../arm-none-eabi/lib/armv7-m\libg_nano.a(lib_a-init.o)
 .ARM.attributes
                0x000004c1       0x2d c:/program files (x86)/cypress/psoc creator/4.4/psoc creator/import/gnu/arm/5.4.1/bin/../lib/gcc/arm-none-eabi/5.4.1/../../../../arm-none-eabi/lib/armv7-m\libg_nano.a(lib_a-memcpy-stub.o)
 .ARM.attributes
                0x000004ee       0x2d c:/program files (x86)/cypress/psoc creator/4.4/psoc creator/import/gnu/arm/5.4.1/bin/../lib/gcc/arm-none-eabi/5.4.1/../../../../arm-none-eabi/lib/armv7-m\libg_nano.a(lib_a-memset.o)
 .ARM.attributes
                0x0000051b       0x2d c:/program files (x86)/cypress/psoc creator/4.4/psoc creator/import/gnu/arm/5.4.1/bin/../lib/gcc/arm-none-eabi/5.4.1/../../../../arm-none-eabi/lib/armv7-m\libg_nano.a(lib_a-nano-vfprintf_float.o)
 .ARM.attributes
                0x00000548       0x2d c:/program files (x86)/cypress/psoc creator/4.4/psoc creator/import/gnu/arm/5.4.1/bin/../lib/gcc/arm-none-eabi/5.4.1/../../../../arm-none-eabi/lib/armv7-m\libg_nano.a(lib_a-nano-vfprintf_i.o)
 .ARM.attributes
                0x00000575       0x2d c:/program files (x86)/cypress/psoc creator/4.4/psoc creator/import/gnu/arm/5.4.1/bin/../lib/gcc/arm-none-eabi/5.4.1/../../../../arm-none-eabi/lib/armv7-m\libg_nano.a(lib_a-sprintf.o)
 .ARM.attributes
                0x000005a2       0x17 c:/program files (x86)/cypress/psoc creator/4.4/psoc creator/import/gnu/arm/5.4.1/bin/../lib/gcc/arm-none-eabi/5.4.1/../../../../arm-none-eabi/lib/armv7-m\libg_nano.a(lib_a-strlen.o)
 .ARM.attributes
                0x000005b9       0x2d c:/program files (x86)/cypress/psoc creator/4.4/psoc creator/import/gnu/arm/5.4.1/bin/../lib/gcc/arm-none-eabi/5.4.1/../../../../arm-none-eabi/lib/armv7-m\libg_nano.a(lib_a-dtoa.o)
 .ARM.attributes
                0x000005e6       0x2d c:/program files (x86)/cypress/psoc creator/4.4/psoc creator/import/gnu/arm/5.4.1/bin/../lib/gcc/arm-none-eabi/5.4.1/../../../../arm-none-eabi/lib/armv7-m\libg_nano.a(lib_a-locale.o)
 .ARM.attributes
                0x00000613       0x2d c:/program files (x86)/cypress/psoc creator/4.4/psoc creator/import/gnu/arm/5.4.1/bin/../lib/gcc/arm-none-eabi/5.4.1/../../../../arm-none-eabi/lib/armv7-m\libg_nano.a(lib_a-malloc.o)
 .ARM.attributes
                0x00000640       0x2d c:/program files (x86)/cypress/psoc creator/4.4/psoc creator/import/gnu/arm/5.4.1/bin/../lib/gcc/arm-none-eabi/5.4.1/../../../../arm-none-eabi/lib/armv7-m\libg_nano.a(lib_a-memchr-stub.o)
 .ARM.attributes
                0x0000066d       0x2d c:/program files (x86)/cypress/psoc creator/4.4/psoc creator/import/gnu/arm/5.4.1/bin/../lib/gcc/arm-none-eabi/5.4.1/../../../../arm-none-eabi/lib/armv7-m\libg_nano.a(lib_a-mprec.o)
 .ARM.attributes
                0x0000069a       0x2d c:/program files (x86)/cypress/psoc creator/4.4/psoc creator/import/gnu/arm/5.4.1/bin/../lib/gcc/arm-none-eabi/5.4.1/../../../../arm-none-eabi/lib/armv7-m\libg_nano.a(lib_a-nano-callocr.o)
 .ARM.attributes
                0x000006c7       0x2d c:/program files (x86)/cypress/psoc creator/4.4/psoc creator/import/gnu/arm/5.4.1/bin/../lib/gcc/arm-none-eabi/5.4.1/../../../../arm-none-eabi/lib/armv7-m\libg_nano.a(lib_a-nano-freer.o)
 .ARM.attributes
                0x000006f4       0x2d c:/program files (x86)/cypress/psoc creator/4.4/psoc creator/import/gnu/arm/5.4.1/bin/../lib/gcc/arm-none-eabi/5.4.1/../../../../arm-none-eabi/lib/armv7-m\libg_nano.a(lib_a-nano-mallocr.o)
 .ARM.attributes
                0x00000721       0x2d c:/program files (x86)/cypress/psoc creator/4.4/psoc creator/import/gnu/arm/5.4.1/bin/../lib/gcc/arm-none-eabi/5.4.1/../../../../arm-none-eabi/lib/armv7-m\libg_nano.a(lib_a-nano-svfprintf.o)
 .ARM.attributes
                0x0000074e       0x2d c:/program files (x86)/cypress/psoc creator/4.4/psoc creator/import/gnu/arm/5.4.1/bin/../lib/gcc/arm-none-eabi/5.4.1/../../../../arm-none-eabi/lib/armv7-m\libg_nano.a(lib_a-sbrkr.o)
 .ARM.attributes
                0x0000077b       0x1b c:/program files (x86)/cypress/psoc creator/4.4/psoc creator/import/gnu/arm/5.4.1/bin/../lib/gcc/arm-none-eabi/5.4.1/../../../../arm-none-eabi/lib/armv7-m\libg_nano.a(lib_a-strcmp.o)
 .ARM.attributes
                0x00000796       0x2d c:/program files (x86)/cypress/psoc creator/4.4/psoc creator/import/gnu/arm/5.4.1/bin/../lib/gcc/arm-none-eabi/5.4.1/../../../../arm-none-eabi/lib/armv7-m\libg_nano.a(lib_a-memmove.o)
 .ARM.attributes
                0x000007c3       0x2d c:/program files (x86)/cypress/psoc creator/4.4/psoc creator/import/gnu/arm/5.4.1/bin/../lib/gcc/arm-none-eabi/5.4.1/../../../../arm-none-eabi/lib/armv7-m\libg_nano.a(lib_a-mlock.o)
 .ARM.attributes
                0x000007f0       0x2d c:/program files (x86)/cypress/psoc creator/4.4/psoc creator/import/gnu/arm/5.4.1/bin/../lib/gcc/arm-none-eabi/5.4.1/../../../../arm-none-eabi/lib/armv7-m\libg_nano.a(lib_a-nano-reallocr.o)
 .ARM.attributes
                0x0000081d       0x2d c:/program files (x86)/cypress/psoc creator/4.4/psoc creator/import/gnu/arm/5.4.1/bin/../lib/gcc/arm-none-eabi/5.4.1/../../../../arm-none-eabi/lib/armv7-m\libg_nano.a(lib_a-reent.o)
 .ARM.attributes
                0x0000084a       0x2d c:/program files (x86)/cypress/psoc creator/4.4/psoc creator/import/gnu/arm/5.4.1/bin/../lib/gcc/arm-none-eabi/5.4.1/../../../../arm-none-eabi/lib/armv7-m\libg_nano.a(lib_a-nano-msizer.o)
 .ARM.attributes
                0x00000877       0x1d c:/program files (x86)/cypress/psoc creator/4.4/psoc creator/import/gnu/arm/5.4.1/bin/../lib/gcc/arm-none-eabi/5.4.1/armv7-m\libgcc.a(_arm_cmpdf2.o)
 .ARM.attributes
                0x00000894       0x1d c:/program files (x86)/cypress/psoc creator/4.4/psoc creator/import/gnu/arm/5.4.1/bin/../lib/gcc/arm-none-eabi/5.4.1/armv7-m\libgcc.a(_arm_unorddf2.o)
 .ARM.attributes
                0x000008b1       0x1d c:/program files (x86)/cypress/psoc creator/4.4/psoc creator/import/gnu/arm/5.4.1/bin/../lib/gcc/arm-none-eabi/5.4.1/armv7-m\libgcc.a(_arm_fixdfsi.o)
 .ARM.attributes
                0x000008ce       0x2d c:/program files (x86)/cypress/psoc creator/4.4/psoc creator/import/gnu/arm/5.4.1/bin/../lib/gcc/arm-none-eabi/5.4.1/armv7-m/crtend.o
 .ARM.attributes
                0x000008fb       0x1d c:/program files (x86)/cypress/psoc creator/4.4/psoc creator/import/gnu/arm/5.4.1/bin/../lib/gcc/arm-none-eabi/5.4.1/armv7-m/crtn.o

/DISCARD/
 *(.note.GNU-stack)
OUTPUT(C:\Users\Martina\Documents\Ing.Biomedica Magistrale\2 ANNO\Lab biosensori\PROGETTO\Repository_progetto\LTEBS-PROJECT-RR\RR\ACC_FIFO_for96.cydsn\CortexM3\ARM_GCC_541\Debug\ACC_FIFO_for96.elf elf32-littlearm)
