Archive member included to satisfy reference by file (symbol)

.\CortexM3\ARM_GCC_541\Debug\ACC_FIFO.a(UART_1.o)
                              .\CortexM3\ARM_GCC_541\Debug\main.o (UART_1_Start)
.\CortexM3\ARM_GCC_541\Debug\ACC_FIFO.a(I2C_Master.o)
                              .\CortexM3\ARM_GCC_541\Debug\I2C_Interface.o (I2C_Master_Start)
.\CortexM3\ARM_GCC_541\Debug\ACC_FIFO.a(I2C_Master_INT.o)
                              .\CortexM3\ARM_GCC_541\Debug\ACC_FIFO.a(I2C_Master.o) (I2C_Master_ISR)
.\CortexM3\ARM_GCC_541\Debug\ACC_FIFO.a(I2C_Master_PM.o)
                              .\CortexM3\ARM_GCC_541\Debug\ACC_FIFO.a(I2C_Master.o) (I2C_Master_backup)
.\CortexM3\ARM_GCC_541\Debug\ACC_FIFO.a(I2C_Master_MASTER.o)
                              .\CortexM3\ARM_GCC_541\Debug\ACC_FIFO.a(I2C_Master.o) (I2C_Master_mstrStatus)
.\CortexM3\ARM_GCC_541\Debug\ACC_FIFO.a(UART_1_IntClock.o)
                              .\CortexM3\ARM_GCC_541\Debug\ACC_FIFO.a(UART_1.o) (UART_1_IntClock_Start)
.\CortexM3\ARM_GCC_541\Debug\ACC_FIFO.a(CyLib.o)
                              .\CortexM3\ARM_GCC_541\Debug\Cm3Start.o (CyHalt)
.\CortexM3\ARM_GCC_541\Debug\ACC_FIFO.a(cyPm.o)
                              .\CortexM3\ARM_GCC_541\Debug\ACC_FIFO.a(CyLib.o) (CyPmReadStatus)
.\CortexM3\ARM_GCC_541\Debug\ACC_FIFO.a(CyBootAsmGnu.o)
                              .\CortexM3\ARM_GCC_541\Debug\cyfitter_cfg.o (CyDelayCycles)
.\CortexM3\ARM_GCC_541\Debug\ACC_FIFO.a(CyFlash.o)
                              .\CortexM3\ARM_GCC_541\Debug\ACC_FIFO.a(cyPm.o) (CyFlash_SetWaitCycles)
.\CortexM3\ARM_GCC_541\Debug\ACC_FIFO.a(CySpc.o)
                              .\CortexM3\ARM_GCC_541\Debug\ACC_FIFO.a(CyFlash.o) (CySpcStart)
c:/program files (x86)/cypress/psoc creator/4.4/psoc creator/import/gnu/arm/5.4.1/bin/../lib/gcc/arm-none-eabi/5.4.1/armv7-m\libgcc.a(_arm_addsubdf3.o)
                              .\CortexM3\ARM_GCC_541\Debug\main.o (__aeabi_i2d)
c:/program files (x86)/cypress/psoc creator/4.4/psoc creator/import/gnu/arm/5.4.1/bin/../lib/gcc/arm-none-eabi/5.4.1/armv7-m\libgcc.a(_arm_muldivdf3.o)
                              .\CortexM3\ARM_GCC_541\Debug\main.o (__aeabi_dmul)
c:/program files (x86)/cypress/psoc creator/4.4/psoc creator/import/gnu/arm/5.4.1/bin/../lib/gcc/arm-none-eabi/5.4.1/armv7-m\libgcc.a(_arm_truncdfsf2.o)
                              .\CortexM3\ARM_GCC_541\Debug\main.o (__aeabi_d2f)
c:/program files (x86)/cypress/psoc creator/4.4/psoc creator/import/gnu/arm/5.4.1/bin/../lib/gcc/arm-none-eabi/5.4.1/../../../../arm-none-eabi/lib/armv7-m\libg_nano.a(lib_a-errno.o)
                              .\CortexM3\ARM_GCC_541\Debug\Cm3Start.o (__errno)
c:/program files (x86)/cypress/psoc creator/4.4/psoc creator/import/gnu/arm/5.4.1/bin/../lib/gcc/arm-none-eabi/5.4.1/../../../../arm-none-eabi/lib/armv7-m\libg_nano.a(lib_a-exit.o)
                              c:/program files (x86)/cypress/psoc creator/4.4/psoc creator/import/gnu/arm/5.4.1/bin/../lib/gcc/arm-none-eabi/5.4.1/../../../../arm-none-eabi/lib/armv7-m/crt0.o (exit)
c:/program files (x86)/cypress/psoc creator/4.4/psoc creator/import/gnu/arm/5.4.1/bin/../lib/gcc/arm-none-eabi/5.4.1/../../../../arm-none-eabi/lib/armv7-m\libg_nano.a(lib_a-impure.o)
                              c:/program files (x86)/cypress/psoc creator/4.4/psoc creator/import/gnu/arm/5.4.1/bin/../lib/gcc/arm-none-eabi/5.4.1/../../../../arm-none-eabi/lib/armv7-m\libg_nano.a(lib_a-exit.o) (_global_impure_ptr)
c:/program files (x86)/cypress/psoc creator/4.4/psoc creator/import/gnu/arm/5.4.1/bin/../lib/gcc/arm-none-eabi/5.4.1/../../../../arm-none-eabi/lib/armv7-m\libg_nano.a(lib_a-init.o)
                              c:/program files (x86)/cypress/psoc creator/4.4/psoc creator/import/gnu/arm/5.4.1/bin/../lib/gcc/arm-none-eabi/5.4.1/../../../../arm-none-eabi/lib/armv7-m/crt0.o (__libc_init_array)
c:/program files (x86)/cypress/psoc creator/4.4/psoc creator/import/gnu/arm/5.4.1/bin/../lib/gcc/arm-none-eabi/5.4.1/../../../../arm-none-eabi/lib/armv7-m\libg_nano.a(lib_a-memcpy-stub.o)
                              .\CortexM3\ARM_GCC_541\Debug\cyfitter_cfg.o (memcpy)
c:/program files (x86)/cypress/psoc creator/4.4/psoc creator/import/gnu/arm/5.4.1/bin/../lib/gcc/arm-none-eabi/5.4.1/../../../../arm-none-eabi/lib/armv7-m\libg_nano.a(lib_a-memset.o)
                              c:/program files (x86)/cypress/psoc creator/4.4/psoc creator/import/gnu/arm/5.4.1/bin/../lib/gcc/arm-none-eabi/5.4.1/../../../../arm-none-eabi/lib/armv7-m/crt0.o (memset)
c:/program files (x86)/cypress/psoc creator/4.4/psoc creator/import/gnu/arm/5.4.1/bin/../lib/gcc/arm-none-eabi/5.4.1/../../../../arm-none-eabi/lib/armv7-m\libg_nano.a(lib_a-nano-vfprintf_float.o)
                              (_printf_float)
c:/program files (x86)/cypress/psoc creator/4.4/psoc creator/import/gnu/arm/5.4.1/bin/../lib/gcc/arm-none-eabi/5.4.1/../../../../arm-none-eabi/lib/armv7-m\libg_nano.a(lib_a-nano-vfprintf_i.o)
[...]
Memory Configuration

Name             Origin             Length             Attributes
rom              0x00000000         0x00040000         xr
ram              0x1fff8000         0x00010000         xrw
*default*        0x00000000         0xffffffff

Linker script and memory map

LOAD c:/program files (x86)/cypress/psoc creator/4.4/psoc creator/import/gnu/arm/5.4.1/bin/../lib/gcc/arm-none-eabi/5.4.1/armv7-m/crti.o
LOAD c:/program files (x86)/cypress/psoc creator/4.4/psoc creator/import/gnu/arm/5.4.1/bin/../lib/gcc/arm-none-eabi/5.4.1/armv7-m/crtbegin.o
LOAD c:/program files (x86)/cypress/psoc creator/4.4/psoc creator/import/gnu/arm/5.4.1/bin/../lib/gcc/arm-none-eabi/5.4.1/../../../../arm-none-eabi/lib/armv7-m/crt0.o
START GROUP
LOAD .\CortexM3\ARM_GCC_541\Debug\main.o
LOAD .\CortexM3\ARM_GCC_541\Debug\I2C_Interface.o
LOAD .\CortexM3\ARM_GCC_541\Debug\interrupt_Routines.o
LOAD .\CortexM3\ARM_GCC_541\Debug\cyfitter_cfg.o
LOAD .\CortexM3\ARM_GCC_541\Debug\cymetadata.o
LOAD .\CortexM3\ARM_GCC_541\Debug\Cm3Start.o
LOAD .\CortexM3\ARM_GCC_541\Debug\ACC_FIFO.a
LOAD C:\Program Files (x86)\Cypress\PSoC Creator\4.4\PSoC Creator\psoc\content\cycomponentlibrary\CyComponentLibrary.cylib\CortexM3\ARM_GCC_541\Debug\CyComponentLibrary.a
END GROUP
START GROUP
LOAD c:/program files (x86)/cypress/psoc creator/4.4/psoc creator/import/gnu/arm/5.4.1/bin/../lib/gcc/arm-none-eabi/5.4.1/armv7-m\libgcc.a
LOAD c:/program files (x86)/cypress/psoc creator/4.4/psoc creator/import/gnu/arm/5.4.1/bin/../lib/gcc/arm-none-eabi/5.4.1/../../../../arm-none-eabi/lib/armv7-m\libg_nano.a
LOAD c:/program files (x86)/cypress/psoc creator/4.4/psoc creator/import/gnu/arm/5.4.1/bin/../lib/gcc/arm-none-eabi/5.4.1/../../../../arm-none-eabi/lib/armv7-m\libc_nano.a
END GROUP
START GROUP
LOAD c:/program files (x86)/cypress/psoc creator/4.4/psoc creator/import/gnu/arm/5.4.1/bin/../lib/gcc/arm-none-eabi/5.4.1/armv7-m\libgcc.a
LOAD c:/program files (x86)/cypress/psoc creator/4.4/psoc creator/import/gnu/arm/5.4.1/bin/../lib/gcc/arm-none-eabi/5.4.1/../../../../arm-none-eabi/lib/armv7-m\libc_nano.a
END GROUP
LOAD c:/program files (x86)/cypress/psoc creator/4.4/psoc creator/import/gnu/arm/5.4.1/bin/../lib/gcc/arm-none-eabi/5.4.1/armv7-m/crtend.o
LOAD c:/program files (x86)/cypress/psoc creator/4.4/psoc creator/import/gnu/arm/5.4.1/bin/../lib/gcc/arm-none-eabi/5.4.1/armv7-m/crtn.o
START GROUP
LOAD c:/program files (x86)/cypress/psoc creator/4.4/psoc creator/import/gnu/arm/5.4.1/bin/../lib/gcc/arm-none-eabi/5.4.1/armv7-m\libgcc.a
LOAD c:/program files (x86)/cypress/psoc creator/4.4/psoc creator/import/gnu/arm/5.4.1/bin/../lib/gcc/arm-none-eabi/5.4.1/../../../../arm-none-eabi/lib/armv7-m\libc.a
LOAD c:/program files (x86)/cypress/psoc creator/4.4/psoc creator/import/gnu/arm/5.4.1/bin/../lib/gcc/arm-none-eabi/5.4.1/../../../../arm-none-eabi/lib/armv7-m\libnosys.a
END GROUP
                0x00000000                CY_APPL_ORIGIN = 0x0
                0x00000100                CY_FLASH_ROW_SIZE = 0x100
                0x00000020                CY_ECC_ROW_SIZE = 0x20
                0x00000000                CY_EE_IN_BTLDR = 0x0
                0x00000000                CY_APPL_LOADABLE = 0x0
                0x00000800                CY_EE_SIZE = 0x800
                0x00000001                CY_APPL_NUM = 0x1
                0x00000001                CY_APPL_MAX = 0x1
                0x00000040                CY_METADATA_SIZE = 0x40
                0x00000000                CY_APPL_LOADABLE = 0x0
                0x00000000                CY_CHECKSUM_EXCLUDE_SIZE = ALIGN (0x0, CY_FLASH_ROW_SIZE)
                [!provide]                PROVIDE (__cy_heap_start, _end)
                0x00000001                PROVIDE (__cy_region_num, ((__cy_regions_end - __cy_regions) / 0x10))
                0x20008000                PROVIDE (__cy_stack, (ORIGIN (ram) + LENGTH (ram)))
                [!provide]                PROVIDE (__cy_heap_end, (__cy_stack - 0x800))

.cybootloader   0x00000000        0x0
 *(.cybootloader)
                0x00000000                appl1_start = CY_APPL_ORIGIN?CY_APPL_ORIGIN:ALIGN (CY_FLASH_ROW_SIZE)
                0x0001ff00                appl2_start = (appl1_start + ALIGN ((((LENGTH (rom) - appl1_start) - (0x2 * CY_FLASH_ROW_SIZE)) / 0x2), CY_FLASH_ROW_SIZE))
                0x00000000                appl_start = (CY_APPL_NUM == 0x1)?appl1_start:appl2_start
                0x00000000                ecc_offset = ((appl_start / CY_FLASH_ROW_SIZE) * CY_ECC_ROW_SIZE)
                0x00000000                ee_offset = (CY_APPL_LOADABLE && ! (CY_EE_IN_BTLDR))?((CY_EE_SIZE / CY_APPL_MAX) * (CY_APPL_NUM - 0x1)):0x0
                0x00000800                ee_size = (CY_APPL_LOADABLE && ! (CY_EE_IN_BTLDR))?(CY_EE_SIZE / CY_APPL_MAX):CY_EE_SIZE
                [!provide]                PROVIDE (CY_ECC_OFFSET, ecc_offset)

.text           0x00000000     0x379c
 CREATE_OBJECT_SYMBOLS
                0x00000000                PROVIDE (__cy_interrupt_vector, RomVectors)
 *(.romvectors)
 .romvectors    0x00000000       0x10 .\CortexM3\ARM_GCC_541\Debug\Cm3Start.o
                0x00000000                RomVectors
                0x00000001                ASSERT ((. != __cy_interrupt_vector), No interrupt vector)
                0x00000001                ASSERT (CY_APPL_ORIGIN?(SIZEOF (.cybootloader) <= CY_APPL_ORIGIN):0x1, Wrong image location)
                0x00000010                PROVIDE (__cy_reset, Reset)
 *(.text.Reset)
 .text.Reset    0x00000010       0x18 .\CortexM3\ARM_GCC_541\Debug\Cm3Start.o
                0x00000010                Reset
                0x00000001                ASSERT ((. != __cy_reset), No reset code)
 *(.dma_init)
                0x00000001                ASSERT ((((appl_start + .) <= 0x10000) || 0x1), DMA Init must be within the first 64k of flash)
 *(.text .text.* .gnu.linkonce.t.*)
 .text          0x00000028       0x5c c:/program files (x86)/cypress/psoc creator/4.4/psoc creator/import/gnu/arm/5.4.1/bin/../lib/gcc/arm-none-eabi/5.4.1/armv7-m/crtbegin.o
 .text.main     0x00000084      0x230 .\CortexM3\ARM_GCC_541\Debug\main.o
                0x00000084                main
 .text.I2C_Peripheral_Start
                0x000002b4        0xc .\CortexM3\ARM_GCC_541\Debug\I2C_Interface.o
                0x000002b4                I2C_Peripheral_Start
 .text.I2C_Peripheral_ReadRegister
                0x000002c0       0x3c .\CortexM3\ARM_GCC_541\Debug\I2C_Interface.o
                0x000002c0                I2C_Peripheral_ReadRegister
 .text.I2C_Peripheral_WriteRegister
                0x000002fc       0x30 .\CortexM3\ARM_GCC_541\Debug\I2C_Interface.o
                0x000002fc                I2C_Peripheral_WriteRegister
 .text.CyClockStartupError
                0x0000032c        0x4 .\CortexM3\ARM_GCC_541\Debug\cyfitter_cfg.o
 .text.cfg_write_bytes32
                0x00000330       0x34 .\CortexM3\ARM_GCC_541\Debug\cyfitter_cfg.o
 .text.AnalogSetDefault
                0x00000364       0x28 .\CortexM3\ARM_GCC_541\Debug\cyfitter_cfg.o
 .text.CYMEMZERO
                0x0000038c        0xc .\CortexM3\ARM_GCC_541\Debug\cyfitter_cfg.o
 .text.ClockSetup
                0x00000398       0xb8 .\CortexM3\ARM_GCC_541\Debug\cyfitter_cfg.o
 .text.CYCONFIGCPY
                0x00000450        0x8 .\CortexM3\ARM_GCC_541\Debug\cyfitter_cfg.o
 .text.cyfitter_cfg
                0x00000458      0x110 .\CortexM3\ARM_GCC_541\Debug\cyfitter_cfg.o
                0x00000458                cyfitter_cfg
 .text.IntDefaultHandler
                0x00000568       0x10 .\CortexM3\ARM_GCC_541\Debug\Cm3Start.o
                0x00000568                IntDefaultHandler
 .text._sbrk    0x00000578       0x30 .\CortexM3\ARM_GCC_541\Debug\Cm3Start.o
                0x00000578                _sbrk
 .text.Start_c  0x000005a8       0x4c .\CortexM3\ARM_GCC_541\Debug\Cm3Start.o
                0x000005a8                Start_c
 .text.initialize_psoc
                0x000005f4       0x68 .\CortexM3\ARM_GCC_541\Debug\Cm3Start.o
                0x000005f4                initialize_psoc
 .text.UART_1_Init
                0x0000065c       0x24 .\CortexM3\ARM_GCC_541\Debug\ACC_FIFO.a(UART_1.o)
                0x0000065c                UART_1_Init
 .text.UART_1_Enable
                0x00000680       0x38 .\CortexM3\ARM_GCC_541\Debug\ACC_FIFO.a(UART_1.o)
                0x00000680                UART_1_Enable
 .text.UART_1_Start
                0x000006b8       0x1c .\CortexM3\ARM_GCC_541\Debug\ACC_FIFO.a(UART_1.o)
                0x000006b8                UART_1_Start
 .text.UART_1_PutChar
                0x000006d4       0x18 .\CortexM3\ARM_GCC_541\Debug\ACC_FIFO.a(UART_1.o)
                0x000006d4                UART_1_PutChar
 .text.UART_1_PutString
                0x000006ec       0x24 .\CortexM3\ARM_GCC_541\Debug\ACC_FIFO.a(UART_1.o)
                0x000006ec                UART_1_PutString
 .text.I2C_Master_Init
                0x00000710       0x68 .\CortexM3\ARM_GCC_541\Debug\ACC_FIFO.a(I2C_Master.o)
                0x00000710                I2C_Master_Init
 .text.I2C_Master_Enable
                0x00000778       0x24 .\CortexM3\ARM_GCC_541\Debug\ACC_FIFO.a(I2C_Master.o)
                0x00000778                I2C_Master_Enable
 .text.I2C_Master_Start
                0x0000079c       0x28 .\CortexM3\ARM_GCC_541\Debug\ACC_FIFO.a(I2C_Master.o)
                0x0000079c                I2C_Master_Start
 .text.I2C_Master_ISR
                0x000007c4      0x2d0 .\CortexM3\ARM_GCC_541\Debug\ACC_FIFO.a(I2C_Master_INT.o)
                0x000007c4                I2C_Master_ISR
 .text.I2C_Master_MasterSendStart
                0x00000a94       0x80 .\CortexM3\ARM_GCC_541\Debug\ACC_FIFO.a(I2C_Master_MASTER.o)
                0x00000a94                I2C_Master_MasterSendStart
 .text.I2C_Master_MasterSendRestart
                0x00000b14       0x6c .\CortexM3\ARM_GCC_541\Debug\ACC_FIFO.a(I2C_Master_MASTER.o)
                0x00000b14                I2C_Master_MasterSendRestart
 .text.I2C_Master_MasterSendStop
                0x00000b80       0x38 .\CortexM3\ARM_GCC_541\Debug\ACC_FIFO.a(I2C_Master_MASTER.o)
                0x00000b80                I2C_Master_MasterSendStop
 .text.I2C_Master_MasterWriteByte
                0x00000bb8       0x58 .\CortexM3\ARM_GCC_541\Debug\ACC_FIFO.a(I2C_Master_MASTER.o)
                0x00000bb8                I2C_Master_MasterWriteByte
 .text.I2C_Master_MasterReadByte
                0x00000c10       0x58 .\CortexM3\ARM_GCC_541\Debug\ACC_FIFO.a(I2C_Master_MASTER.o)
                0x00000c10                I2C_Master_MasterReadByte
 .text.UART_1_IntClock_Start
                0x00000c68       0x1c .\CortexM3\ARM_GCC_541\Debug\ACC_FIFO.a(UART_1_IntClock.o)
                0x00000c68                UART_1_IntClock_Start
 .text.CyHalt   0x00000c84        0x4 .\CortexM3\ARM_GCC_541\Debug\ACC_FIFO.a(CyLib.o)
                0x00000c84                CyHalt
 .text.CyDelay  0x00000c88       0x2c .\CortexM3\ARM_GCC_541\Debug\ACC_FIFO.a(CyLib.o)
                0x00000c88                CyDelay
 .text.CyIntSetVector
                0x00000cb4       0x28 .\CortexM3\ARM_GCC_541\Debug\ACC_FIFO.a(CyLib.o)
                0x00000cb4                CyIntSetVector
 .text.CyIntSetPriority
                0x00000cdc       0x30 .\CortexM3\ARM_GCC_541\Debug\ACC_FIFO.a(CyLib.o)
                0x00000cdc                CyIntSetPriority
 *fill*         0x00000d0c        0x4 
 .text          0x00000d10       0x20 .\CortexM3\ARM_GCC_541\Debug\ACC_FIFO.a(CyBootAsmGnu.o)
                0x00000d10                CyDelayCycles
                0x00000d20                CyEnterCriticalSection
                0x00000d28                CyExitCriticalSection
 .text          0x00000d30      0x370 c:/program files (x86)/cypress/psoc creator/4.4/psoc creator/import/gnu/arm/5.4.1/bin/../lib/gcc/arm-none-eabi/5.4.1/armv7-m\libgcc.a(_arm_addsubdf3.o)
                0x00000d30                __aeabi_drsub
                0x00000d38                __aeabi_dsub
                0x00000d38                __subdf3
                0x00000d3c                __aeabi_dadd
                0x00000d3c                __adddf3
                0x00000fb4                __floatunsidf
                0x00000fb4                __aeabi_ui2d
                0x00000fd4                __floatsidf
                0x00000fd4                __aeabi_i2d
                0x00000ff8                __aeabi_f2d
                0x00000ff8                __extendsfdf2
                0x00001034                __floatundidf
                0x00001034                __aeabi_ul2d
                0x00001044                __floatdidf
                0x00001044                __aeabi_l2d
 .text          0x000010a0      0x424 c:/program files (x86)/cypress/psoc creator/4.4/psoc creator/import/gnu/arm/5.4.1/bin/../lib/gcc/arm-none-eabi/5.4.1/armv7-m\libgcc.a(_arm_muldivdf3.o)
                0x000010a0                __aeabi_dmul
                0x000010a0                __muldf3
                0x000012f4                __divdf3
                0x000012f4                __aeabi_ddiv
 .text          0x000014c4       0xa0 c:/program files (x86)/cypress/psoc creator/4.4/psoc creator/import/gnu/arm/5.4.1/bin/../lib/gcc/arm-none-eabi/5.4.1/armv7-m\libgcc.a(_arm_truncdfsf2.o)
                0x000014c4                __truncdfsf2
                0x000014c4                __aeabi_d2f
 .text.__errno  0x00001564        0xc c:/program files (x86)/cypress/psoc creator/4.4/psoc creator/import/gnu/arm/5.4.1/bin/../lib/gcc/arm-none-eabi/5.4.1/../../../../arm-none-eabi/lib/armv7-m\libg_nano.a(lib_a-errno.o)
                0x00001564                __errno
 .text.__libc_init_array
                0x00001570       0x4c c:/program files (x86)/cypress/psoc creator/4.4/psoc creator/import/gnu/arm/5.4.1/bin/../lib/gcc/arm-none-eabi/5.4.1/../../../../arm-none-eabi/lib/armv7-m\libg_nano.a(lib_a-init.o)
                0x00001570                __libc_init_array
 .text.memcpy   0x000015bc       0x16 c:/program files (x86)/cypress/psoc creator/4.4/psoc creator/import/gnu/arm/5.4.1/bin/../lib/gcc/arm-none-eabi/5.4.1/../../../../arm-none-eabi/lib/armv7-m\libg_nano.a(lib_a-memcpy-stub.o)
                0x000015bc                memcpy
 .text.memset   0x000015d2       0x10 c:/program files (x86)/cypress/psoc creator/4.4/psoc creator/import/gnu/arm/5.4.1/bin/../lib/gcc/arm-none-eabi/5.4.1/../../../../arm-none-eabi/lib/armv7-m\libg_nano.a(lib_a-memset.o)
                0x000015d2                memset
 .text.__cvt    0x000015e2       0xc0 c:/program files (x86)/cypress/psoc creator/4.4/psoc creator/import/gnu/arm/5.4.1/bin/../lib/gcc/arm-none-eabi/5.4.1/../../../../arm-none-eabi/lib/armv7-m\libg_nano.a(lib_a-nano-vfprintf_float.o)
                0x000015e2                __cvt
 .text.__exponent
                0x000016a2       0x62 c:/program files (x86)/cypress/psoc creator/4.4/psoc creator/import/gnu/arm/5.4.1/bin/../lib/gcc/arm-none-eabi/5.4.1/../../../../arm-none-eabi/lib/armv7-m\libg_nano.a(lib_a-nano-vfprintf_float.o)
                0x000016a2                __exponent
 .text._printf_float
                0x00001704      0x488 c:/program files (x86)/cypress/psoc creator/4.4/psoc creator/import/gnu/arm/5.4.1/bin/../lib/gcc/arm-none-eabi/5.4.1/../../../../arm-none-eabi/lib/armv7-m\libg_nano.a(lib_a-nano-vfprintf_float.o)
                0x00001704                _printf_float
 .text._printf_common
                0x00001b8c       0xec c:/program files (x86)/cypress/psoc creator/4.4/psoc creator/import/gnu/arm/5.4.1/bin/../lib/gcc/arm-none-eabi/5.4.1/../../../../arm-none-eabi/lib/armv7-m\libg_nano.a(lib_a-nano-vfprintf_i.o)
                0x00001b8c                _printf_common
 .text._printf_i
                0x00001c78      0x24c c:/program files (x86)/cypress/psoc creator/4.4/psoc creator/import/gnu/arm/5.4.1/bin/../lib/gcc/arm-none-eabi/5.4.1/../../../../arm-none-eabi/lib/armv7-m\libg_nano.a(lib_a-nano-vfprintf_i.o)
                0x00001c78                _printf_i
 .text.sprintf  0x00001ec4       0x48 c:/program files (x86)/cypress/psoc creator/4.4/psoc creator/import/gnu/arm/5.4.1/bin/../lib/gcc/arm-none-eabi/5.4.1/../../../../arm-none-eabi/lib/armv7-m\libg_nano.a(lib_a-sprintf.o)
                0x00001ec4                siprintf
                0x00001ec4                sprintf
 .text          0x00001f0c       0x10 c:/program files (x86)/cypress/psoc creator/4.4/psoc creator/import/gnu/arm/5.4.1/bin/../lib/gcc/arm-none-eabi/5.4.1/../../../../arm-none-eabi/lib/armv7-m\libg_nano.a(lib_a-strlen.o)
                0x00001f0c                strlen
 .text.quorem   0x00001f1c      0x116 c:/program files (x86)/cypress/psoc creator/4.4/psoc creator/import/gnu/arm/5.4.1/bin/../lib/gcc/arm-none-eabi/5.4.1/../../../../arm-none-eabi/lib/armv7-m\libg_nano.a(lib_a-dtoa.o)
 *fill*         0x00002032        0x6 
 .text._dtoa_r  0x00002038      0xb30 c:/program files (x86)/cypress/psoc creator/4.4/psoc creator/import/gnu/arm/5.4.1/bin/../lib/gcc/arm-none-eabi/5.4.1/../../../../arm-none-eabi/lib/armv7-m\libg_nano.a(lib_a-dtoa.o)
                0x00002038                _dtoa_r
 .text._localeconv_r
                0x00002b68        0x8 c:/program files (x86)/cypress/psoc creator/4.4/psoc creator/import/gnu/arm/5.4.1/bin/../lib/gcc/arm-none-eabi/5.4.1/../../../../arm-none-eabi/lib/armv7-m\libg_nano.a(lib_a-locale.o)
                0x00002b68                _localeconv_r
 .text.malloc   0x00002b70       0x10 c:/program files (x86)/cypress/psoc creator/4.4/psoc creator/import/gnu/arm/5.4.1/bin/../lib/gcc/arm-none-eabi/5.4.1/../../../../arm-none-eabi/lib/armv7-m\libg_nano.a(lib_a-malloc.o)
                0x00002b70                malloc
 .text.memchr   0x00002b80       0x1c c:/program files (x86)/cypress/psoc creator/4.4/psoc creator/import/gnu/arm/5.4.1/bin/../lib/gcc/arm-none-eabi/5.4.1/../../../../arm-none-eabi/lib/armv7-m\libg_nano.a(lib_a-memchr-stub.o)
                0x00002b80                memchr
 .text._Balloc  0x00002b9c       0x6a c:/program files (x86)/cypress/psoc creator/4.4/psoc creator/import/gnu/arm/5.4.1/bin/../lib/gcc/arm-none-eabi/5.4.1/../../../../arm-none-eabi/lib/armv7-m\libg_nano.a(lib_a-mprec.o)
                0x00002b9c                _Balloc
 .text._Bfree   0x00002c06       0x2e c:/program files (x86)/cypress/psoc creator/4.4/psoc creator/import/gnu/arm/5.4.1/bin/../lib/gcc/arm-none-eabi/5.4.1/../../../../arm-none-eabi/lib/armv7-m\libg_nano.a(lib_a-mprec.o)
                0x00002c06                _Bfree
 .text.__multadd
                0x00002c34       0x76 c:/program files (x86)/cypress/psoc creator/4.4/psoc creator/import/gnu/arm/5.4.1/bin/../lib/gcc/arm-none-eabi/5.4.1/../../../../arm-none-eabi/lib/armv7-m\libg_nano.a(lib_a-mprec.o)
                0x00002c34                __multadd
 .text.__hi0bits
                0x00002caa       0x40 c:/program files (x86)/cypress/psoc creator/4.4/psoc creator/import/gnu/arm/5.4.1/bin/../lib/gcc/arm-none-eabi/5.4.1/../../../../arm-none-eabi/lib/armv7-m\libg_nano.a(lib_a-mprec.o)
                0x00002caa                __hi0bits
 .text.__lo0bits
                0x00002cea       0x5a c:/program files (x86)/cypress/psoc creator/4.4/psoc creator/import/gnu/arm/5.4.1/bin/../lib/gcc/arm-none-eabi/5.4.1/../../../../arm-none-eabi/lib/armv7-m\libg_nano.a(lib_a-mprec.o)
                0x00002cea                __lo0bits
 .text.__i2b    0x00002d44       0x12 c:/program files (x86)/cypress/psoc creator/4.4/psoc creator/import/gnu/arm/5.4.1/bin/../lib/gcc/arm-none-eabi/5.4.1/../../../../arm-none-eabi/lib/armv7-m\libg_nano.a(lib_a-mprec.o)
                0x00002d44                __i2b
 .text.__multiply
                0x00002d56      0x120 c:/program files (x86)/cypress/psoc creator/4.4/psoc creator/import/gnu/arm/5.4.1/bin/../lib/gcc/arm-none-eabi/5.4.1/../../../../arm-none-eabi/lib/armv7-m\libg_nano.a(lib_a-mprec.o)
                0x00002d56                __multiply
 *fill*         0x00002e76        0x2 
 .text.__pow5mult
                0x00002e78       0x9c c:/program files (x86)/cypress/psoc creator/4.4/psoc creator/import/gnu/arm/5.4.1/bin/../lib/gcc/arm-none-eabi/5.4.1/../../../../arm-none-eabi/lib/armv7-m\libg_nano.a(lib_a-mprec.o)
                0x00002e78                __pow5mult
 .text.__lshift
                0x00002f14       0xa2 c:/program files (x86)/cypress/psoc creator/4.4/psoc creator/import/gnu/arm/5.4.1/bin/../lib/gcc/arm-none-eabi/5.4.1/../../../../arm-none-eabi/lib/armv7-m\libg_nano.a(lib_a-mprec.o)
                0x00002f14                __lshift
 .text.__mcmp   0x00002fb6       0x38 c:/program files (x86)/cypress/psoc creator/4.4/psoc creator/import/gnu/arm/5.4.1/bin/../lib/gcc/arm-none-eabi/5.4.1/../../../../arm-none-eabi/lib/armv7-m\libg_nano.a(lib_a-mprec.o)
                0x00002fb6                __mcmp
 .text.__mdiff  0x00002fee       0xbe c:/program files (x86)/cypress/psoc creator/4.4/psoc creator/import/gnu/arm/5.4.1/bin/../lib/gcc/arm-none-eabi/5.4.1/../../../../arm-none-eabi/lib/armv7-m\libg_nano.a(lib_a-mprec.o)
                0x00002fee                __mdiff
 .text.__d2b    0x000030ac       0x9c c:/program files (x86)/cypress/psoc creator/4.4/psoc creator/import/gnu/arm/5.4.1/bin/../lib/gcc/arm-none-eabi/5.4.1/../../../../arm-none-eabi/lib/armv7-m\libg_nano.a(lib_a-mprec.o)
                0x000030ac                __d2b
 .text._calloc_r
                0x00003148       0x1c c:/program files (x86)/cypress/psoc creator/4.4/psoc creator/import/gnu/arm/5.4.1/bin/../lib/gcc/arm-none-eabi/5.4.1/../../../../arm-none-eabi/lib/armv7-m\libg_nano.a(lib_a-nano-callocr.o)
                0x00003148                _calloc_r
 .text._free_r  0x00003164       0x98 c:/program files (x86)/cypress/psoc creator/4.4/psoc creator/import/gnu/arm/5.4.1/bin/../lib/gcc/arm-none-eabi/5.4.1/../../../../arm-none-eabi/lib/armv7-m\libg_nano.a(lib_a-nano-freer.o)
                0x00003164                _free_r
 .text._malloc_r
                0x000031fc       0xbc c:/program files (x86)/cypress/psoc creator/4.4/psoc creator/import/gnu/arm/5.4.1/bin/../lib/gcc/arm-none-eabi/5.4.1/../../../../arm-none-eabi/lib/armv7-m\libg_nano.a(lib_a-nano-mallocr.o)
                0x000031fc                _malloc_r
 .text.__ssputs_r
                0x000032b8       0xb2 c:/program files (x86)/cypress/psoc creator/4.4/psoc creator/import/gnu/arm/5.4.1/bin/../lib/gcc/arm-none-eabi/5.4.1/../../../../arm-none-eabi/lib/armv7-m\libg_nano.a(lib_a-nano-svfprintf.o)
                0x000032b8                __ssputs_r
 *fill*         0x0000336a        0x2 
 .text._svfprintf_r
                0x0000336c      0x1e8 c:/program files (x86)/cypress/psoc creator/4.4/psoc creator/import/gnu/arm/5.4.1/bin/../lib/gcc/arm-none-eabi/5.4.1/../../../../arm-none-eabi/lib/armv7-m\libg_nano.a(lib_a-nano-svfprintf.o)
                0x0000336c                _svfiprintf_r
                0x0000336c                _svfprintf_r
 .text._sbrk_r  0x00003554       0x20 c:/program files (x86)/cypress/psoc creator/4.4/psoc creator/import/gnu/arm/5.4.1/bin/../lib/gcc/arm-none-eabi/5.4.1/../../../../arm-none-eabi/lib/armv7-m\libg_nano.a(lib_a-sbrkr.o)
                0x00003554                _sbrk_r
 .text.memmove  0x00003574       0x36 c:/program files (x86)/cypress/psoc creator/4.4/psoc creator/import/gnu/arm/5.4.1/bin/../lib/gcc/arm-none-eabi/5.4.1/../../../../arm-none-eabi/lib/armv7-m\libg_nano.a(lib_a-memmove.o)
                0x00003574                memmove
 .text.__malloc_lock
                0x000035aa        0x2 c:/program files (x86)/cypress/psoc creator/4.4/psoc creator/import/gnu/arm/5.4.1/bin/../lib/gcc/arm-none-eabi/5.4.1/../../../../arm-none-eabi/lib/armv7-m\libg_nano.a(lib_a-mlock.o)
                0x000035aa                __malloc_lock
 .text.__malloc_unlock
                0x000035ac        0x2 c:/program files (x86)/cypress/psoc creator/4.4/psoc creator/import/gnu/arm/5.4.1/bin/../lib/gcc/arm-none-eabi/5.4.1/../../../../arm-none-eabi/lib/armv7-m\libg_nano.a(lib_a-mlock.o)
                0x000035ac                __malloc_unlock
 .text._realloc_r
                0x000035ae       0x4c c:/program files (x86)/cypress/psoc creator/4.4/psoc creator/import/gnu/arm/5.4.1/bin/../lib/gcc/arm-none-eabi/5.4.1/../../../../arm-none-eabi/lib/armv7-m\libg_nano.a(lib_a-nano-reallocr.o)
                0x000035ae                _realloc_r
 .text._malloc_usable_size_r
                0x000035fa       0x14 c:/program files (x86)/cypress/psoc creator/4.4/psoc creator/import/gnu/arm/5.4.1/bin/../lib/gcc/arm-none-eabi/5.4.1/../../../../arm-none-eabi/lib/armv7-m\libg_nano.a(lib_a-nano-msizer.o)
                0x000035fa                _malloc_usable_size_r
 *fill*         0x0000360e        0x2 
 .text          0x00003610      0x110 c:/program files (x86)/cypress/psoc creator/4.4/psoc creator/import/gnu/arm/5.4.1/bin/../lib/gcc/arm-none-eabi/5.4.1/armv7-m\libgcc.a(_arm_cmpdf2.o)
                0x00003610                __gtdf2
                0x00003610                __gedf2
                0x00003618                __ltdf2
                0x00003618                __ledf2
                0x00003620                __nedf2
                0x00003620                __eqdf2
                0x00003620                __cmpdf2
                0x0000369c                __aeabi_cdrcmple
                0x000036ac                __aeabi_cdcmpeq
                0x000036ac                __aeabi_cdcmple
                0x000036bc                __aeabi_dcmpeq
                0x000036d0                __aeabi_dcmplt
                0x000036e4                __aeabi_dcmple
                0x000036f8                __aeabi_dcmpge
                0x0000370c                __aeabi_dcmpgt
 .text          0x00003720       0x2c c:/program files (x86)/cypress/psoc creator/4.4/psoc creator/import/gnu/arm/5.4.1/bin/../lib/gcc/arm-none-eabi/5.4.1/armv7-m\libgcc.a(_arm_unorddf2.o)
                0x00003720                __unorddf2
                0x00003720                __aeabi_dcmpun
 .text          0x0000374c       0x50 c:/program files (x86)/cypress/psoc creator/4.4/psoc creator/import/gnu/arm/5.4.1/bin/../lib/gcc/arm-none-eabi/5.4.1/armv7-m\libgcc.a(_arm_fixdfsi.o)
                0x0000374c                __aeabi_d2iz
                0x0000374c                __fixdfsi
 *(.plt)
 *(.gnu.warning)
 *(.glue_7t)
 .glue_7t       0x0000379c        0x0 linker stubs
 *(.glue_7)
 .glue_7        0x0000379c        0x0 linker stubs
 *(.vfp11_veneer)
 .vfp11_veneer  0x0000379c        0x0 linker stubs
 *(.bootloader)
 *(.ARM.extab* .gnu.linkonce.armextab.*)
 *(.gcc_except_table)

.v4_bx          0x0000379c        0x0
 .v4_bx         0x0000379c        0x0 linker stubs

.iplt           0x0000379c        0x0
 .iplt          0x0000379c        0x0 c:/program files (x86)/cypress/psoc creator/4.4/psoc creator/import/gnu/arm/5.4.1/bin/../lib/gcc/arm-none-eabi/5.4.1/armv7-m/crtbegin.o

.eh_frame_hdr
 *(.eh_frame_hdr)

.eh_frame       0x0000379c        0x4
 *(.eh_frame)
 .eh_frame      0x0000379c        0x0 c:/program files (x86)/cypress/psoc creator/4.4/psoc creator/import/gnu/arm/5.4.1/bin/../lib/gcc/arm-none-eabi/5.4.1/armv7-m/crtbegin.o
 .eh_frame      0x0000379c        0x4 c:/program files (x86)/cypress/psoc creator/4.4/psoc creator/import/gnu/arm/5.4.1/bin/../lib/gcc/arm-none-eabi/5.4.1/armv7-m/crtend.o
                [!provide]                PROVIDE (__exidx_start, .)

.ARM.exidx
 *(.ARM.exidx* .gnu.linkonce.armexidx.*)
                0x000037a0                __exidx_end = .

.rodata         0x000037a0      0x310
 *(.rodata .rodata.* .gnu.linkonce.r.*)
 .rodata.str1.4
                0x000037a0      0x128 .\CortexM3\ARM_GCC_541\Debug\main.o
                                0x126 (size before relaxing)
 .rodata        0x000038c8       0x50 .\CortexM3\ARM_GCC_541\Debug\cyfitter_cfg.o
 .rodata.str1.1
                0x00003918        0x2 c:/program files (x86)/cypress/psoc creator/4.4/psoc creator/import/gnu/arm/5.4.1/bin/../lib/gcc/arm-none-eabi/5.4.1/../../../../arm-none-eabi/lib/armv7-m\libg_nano.a(lib_a-impure.o)
 .rodata.str1.1
                0x0000391a       0x12 c:/program files (x86)/cypress/psoc creator/4.4/psoc creator/import/gnu/arm/5.4.1/bin/../lib/gcc/arm-none-eabi/5.4.1/../../../../arm-none-eabi/lib/armv7-m\libg_nano.a(lib_a-nano-vfprintf_float.o)
 .rodata.str1.1
                0x0000392c       0x22 c:/program files (x86)/cypress/psoc creator/4.4/psoc creator/import/gnu/arm/5.4.1/bin/../lib/gcc/arm-none-eabi/5.4.1/../../../../arm-none-eabi/lib/armv7-m\libg_nano.a(lib_a-nano-vfprintf_i.o)
 .rodata.str1.1
                0x0000394e        0xd c:/program files (x86)/cypress/psoc creator/4.4/psoc creator/import/gnu/arm/5.4.1/bin/../lib/gcc/arm-none-eabi/5.4.1/../../../../arm-none-eabi/lib/armv7-m\libg_nano.a(lib_a-dtoa.o)
                                  0xf (size before relaxing)
 .rodata.str1.1
                0x0000395b        0x8 c:/program files (x86)/cypress/psoc creator/4.4/psoc creator/import/gnu/arm/5.4.1/bin/../lib/gcc/arm-none-eabi/5.4.1/../../../../arm-none-eabi/lib/armv7-m\libg_nano.a(lib_a-locale.o)
                                  0xb (size before relaxing)
 *fill*         0x00003963        0x5 
 .rodata.__mprec_tens
                0x00003968       0xc8 c:/program files (x86)/cypress/psoc creator/4.4/psoc creator/import/gnu/arm/5.4.1/bin/../lib/gcc/arm-none-eabi/5.4.1/../../../../arm-none-eabi/lib/armv7-m\libg_nano.a(lib_a-mprec.o)
                0x00003968                __mprec_tens
 .rodata.p05.5408
                0x00003a30        0xc c:/program files (x86)/cypress/psoc creator/4.4/psoc creator/import/gnu/arm/5.4.1/bin/../lib/gcc/arm-none-eabi/5.4.1/../../../../arm-none-eabi/lib/armv7-m\libg_nano.a(lib_a-mprec.o)
 *fill*         0x00003a3c        0x4 
 .rodata.__mprec_bigtens
                0x00003a40       0x28 c:/program files (x86)/cypress/psoc creator/4.4/psoc creator/import/gnu/arm/5.4.1/bin/../lib/gcc/arm-none-eabi/5.4.1/../../../../arm-none-eabi/lib/armv7-m\libg_nano.a(lib_a-mprec.o)
                0x00003a40                __mprec_bigtens
 .rodata.str1.1
                0x00003a68       0x11 c:/program files (x86)/cypress/psoc creator/4.4/psoc creator/import/gnu/arm/5.4.1/bin/../lib/gcc/arm-none-eabi/5.4.1/../../../../arm-none-eabi/lib/armv7-m\libg_nano.a(lib_a-nano-svfprintf.o)
                0x00003a7c                . = ALIGN (0x4)
 *fill*         0x00003a79        0x3 
 *(.init)
 .init          0x00003a7c        0x4 c:/program files (x86)/cypress/psoc creator/4.4/psoc creator/import/gnu/arm/5.4.1/bin/../lib/gcc/arm-none-eabi/5.4.1/armv7-m/crti.o
                0x00003a7c                _init
 .init          0x00003a80        0x8 c:/program files (x86)/cypress/psoc creator/4.4/psoc creator/import/gnu/arm/5.4.1/bin/../lib/gcc/arm-none-eabi/5.4.1/armv7-m/crtn.o
                0x00003a88                . = ALIGN (0x4)
                0x00003a88                __preinit_array_start = .
 *(.preinit_array)
                0x00003a88                __preinit_array_end = .
                0x00003a88                . = ALIGN (0x4)
                0x00003a88                __init_array_start = .
 *(SORT(.init_array.*))
 *(.init_array)
 .init_array    0x00003a88        0x4 c:/program files (x86)/cypress/psoc creator/4.4/psoc creator/import/gnu/arm/5.4.1/bin/../lib/gcc/arm-none-eabi/5.4.1/armv7-m/crtbegin.o
 .init_array    0x00003a8c        0x4 .\CortexM3\ARM_GCC_541\Debug\Cm3Start.o
                0x00003a90                __init_array_end = .
                0x00003a90                . = ALIGN (0x4)
 *(.fini)
 .fini          0x00003a90        0x4 c:/program files (x86)/cypress/psoc creator/4.4/psoc creator/import/gnu/arm/5.4.1/bin/../lib/gcc/arm-none-eabi/5.4.1/armv7-m/crti.o
                0x00003a90                _fini
 .fini          0x00003a94        0x8 c:/program files (x86)/cypress/psoc creator/4.4/psoc creator/import/gnu/arm/5.4.1/bin/../lib/gcc/arm-none-eabi/5.4.1/armv7-m/crtn.o
                0x00003a9c                . = ALIGN (0x4)
                0x00003a9c                __fini_array_start = .
 *(.fini_array)
 .fini_array    0x00003a9c        0x4 c:/program files (x86)/cypress/psoc creator/4.4/psoc creator/import/gnu/arm/5.4.1/bin/../lib/gcc/arm-none-eabi/5.4.1/armv7-m/crtbegin.o
 *(SORT(.fini_array.*))
                0x00003aa0                __fini_array_end = .
                0x00003aa0                . = ALIGN (0x4)
 *crtbegin.o(.ctors)
 *(EXCLUDE_FILE(*crtend.o) .ctors)
 *(SORT(.ctors.*))
 *crtend.o(.ctors)
                0x00003aa0                . = ALIGN (0x4)
 *crtbegin.o(.dtors)
 *(EXCLUDE_FILE(*crtend.o) .dtors)
 *(SORT(.dtors.*))
 *crtend.o(.dtors)
                0x00003aa0                . = ALIGN (0x4)
                0x00003aa0                __cy_regions = .
                0x00003aa0        0x4 LONG 0x3ab0 __cy_region_init_ram
                0x00003aa4        0x4 LONG 0x1fff80c8 __cy_region_start_data
                0x00003aa8        0x4 LONG 0xb8 __cy_region_init_size_ram
                0x00003aac        0x4 LONG 0x40 __cy_region_zero_size_ram
                0x00003ab0                __cy_regions_end = .
                0x00003ab0                . = ALIGN (0x8)
                0x00003ab0                _etext = .

.cy_checksum_exclude
                0x00003ab0        0x0
 *(.cy_checksum_exclude)

.ramvectors     0x1fff8000       0xc0
                0x1fff8000                __cy_region_start_ram = .
 *(.ramvectors)
 .ramvectors    0x1fff8000       0xc0 .\CortexM3\ARM_GCC_541\Debug\Cm3Start.o
                0x1fff8000                CyRamVectors

.noinit         0x1fff80c0        0x1
 *(.noinit)
 .noinit        0x1fff80c0        0x1 .\CortexM3\ARM_GCC_541\Debug\ACC_FIFO.a(CyLib.o)
                0x1fff80c0                CyResetStatus

.data           0x1fff80c8       0xb8 load address 0x00003ab0
                0x1fff80c8                __cy_region_start_data = .
 *(.jcr)
 .jcr           0x1fff80c8        0x0 c:/program files (x86)/cypress/psoc creator/4.4/psoc creator/import/gnu/arm/5.4.1/bin/../lib/gcc/arm-none-eabi/5.4.1/armv7-m/crtbegin.o
 .jcr           0x1fff80c8        0x4 c:/program files (x86)/cypress/psoc creator/4.4/psoc creator/import/gnu/arm/5.4.1/bin/../lib/gcc/arm-none-eabi/5.4.1/armv7-m/crtend.o
 *(.got.plt)
 *(.got)
 *(.shdata)
 *(.data .data.* .gnu.linkonce.d.*)
 .data          0x1fff80cc        0x4 .\CortexM3\ARM_GCC_541\Debug\Cm3Start.o
 .data          0x1fff80d0       0x10 .\CortexM3\ARM_GCC_541\Debug\ACC_FIFO.a(CyLib.o)
                0x1fff80d0                cydelay_32k_ms
                0x1fff80d4                cydelay_freq_khz
                0x1fff80d8                cydelay_freq_mhz
                0x1fff80dc                cydelay_freq_hz
 .data.impure_data
                0x1fff80e0       0x60 c:/program files (x86)/cypress/psoc creator/4.4/psoc creator/import/gnu/arm/5.4.1/bin/../lib/gcc/arm-none-eabi/5.4.1/../../../../arm-none-eabi/lib/armv7-m\libg_nano.a(lib_a-impure.o)
 .data._impure_ptr
                0x1fff8140        0x4 c:/program files (x86)/cypress/psoc creator/4.4/psoc creator/import/gnu/arm/5.4.1/bin/../lib/gcc/arm-none-eabi/5.4.1/../../../../arm-none-eabi/lib/armv7-m\libg_nano.a(lib_a-impure.o)
                0x1fff8140                _impure_ptr
 .data.lconv    0x1fff8144       0x38 c:/program files (x86)/cypress/psoc creator/4.4/psoc creator/import/gnu/arm/5.4.1/bin/../lib/gcc/arm-none-eabi/5.4.1/../../../../arm-none-eabi/lib/armv7-m\libg_nano.a(lib_a-locale.o)
                0x1fff8180                . = ALIGN (0x8)
 *fill*         0x1fff817c        0x4 
 *(.ram)
                0x1fff8180                _edata = .

.igot.plt       0x1fff8180        0x0 load address 0x00003b68
 .igot.plt      0x1fff8180        0x0 c:/program files (x86)/cypress/psoc creator/4.4/psoc creator/import/gnu/arm/5.4.1/bin/../lib/gcc/arm-none-eabi/5.4.1/armv7-m/crtbegin.o

.bss            0x1fff8180       0x40 load address 0x00003b68
                0x1fff8180                PROVIDE (__bss_start__, .)
 *(.shbss)
 *(.bss .bss.* .gnu.linkonce.b.*)
 .bss           0x1fff8180       0x1c c:/program files (x86)/cypress/psoc creator/4.4/psoc creator/import/gnu/arm/5.4.1/bin/../lib/gcc/arm-none-eabi/5.4.1/armv7-m/crtbegin.o
 .bss           0x1fff819c        0x2 .\CortexM3\ARM_GCC_541\Debug\ACC_FIFO.a(UART_1.o)
                0x1fff819c                UART_1_initVar
 .bss           0x1fff819e        0x1 .\CortexM3\ARM_GCC_541\Debug\ACC_FIFO.a(I2C_Master.o)
                0x1fff819e                I2C_Master_initVar
 *fill*         0x1fff819f        0x1 
 .bss.__malloc_sbrk_start
                0x1fff81a0        0x4 c:/program files (x86)/cypress/psoc creator/4.4/psoc creator/import/gnu/arm/5.4.1/bin/../lib/gcc/arm-none-eabi/5.4.1/../../../../arm-none-eabi/lib/armv7-m\libg_nano.a(lib_a-nano-mallocr.o)
                0x1fff81a0                __malloc_sbrk_start
 .bss.__malloc_free_list
                0x1fff81a4        0x4 c:/program files (x86)/cypress/psoc creator/4.4/psoc creator/import/gnu/arm/5.4.1/bin/../lib/gcc/arm-none-eabi/5.4.1/../../../../arm-none-eabi/lib/armv7-m\libg_nano.a(lib_a-nano-mallocr.o)
                0x1fff81a4                __malloc_free_list
 *(COMMON)
 COMMON         0x1fff81a8        0x1 .\CortexM3\ARM_GCC_541\Debug\ACC_FIFO.a(I2C_Master.o)
                0x1fff81a8                I2C_Master_state
 *fill*         0x1fff81a9        0x3 
 COMMON         0x1fff81ac        0xf .\CortexM3\ARM_GCC_541\Debug\ACC_FIFO.a(I2C_Master_MASTER.o)
                0x1fff81ac                I2C_Master_mstrRdBufIndex
                0x1fff81ad                I2C_Master_mstrWrBufIndex
                0x1fff81ae                I2C_Master_mstrWrBufSize
                0x1fff81b0                I2C_Master_mstrWrBufPtr
                0x1fff81b4                I2C_Master_mstrRdBufPtr
                0x1fff81b8                I2C_Master_mstrControl
                0x1fff81b9                I2C_Master_mstrStatus
                0x1fff81ba                I2C_Master_mstrRdBufSize
 *fill*         0x1fff81bb        0x1 
 COMMON         0x1fff81bc        0x4 c:/program files (x86)/cypress/psoc creator/4.4/psoc creator/import/gnu/arm/5.4.1/bin/../lib/gcc/arm-none-eabi/5.4.1/../../../../arm-none-eabi/lib/armv7-m\libg_nano.a(lib_a-reent.o)
                0x1fff81bc                errno
                0x1fff81c0                . = ALIGN (0x8)
 *(.ram.b)
                0x1fff81c0                _end = .
                0x1fff81c0                __end = .
                0x1fff81c0                PROVIDE (end, .)
                0x1fff81c0                PROVIDE (__bss_end__, .)
                0x00003ab0                __cy_region_init_ram = LOADADDR (.data)
                0x000000b8                __cy_region_init_size_ram = (_edata - ADDR (.data))
                0x00000040                __cy_region_zero_size_ram = (_end - _edata)

.heap           0x1fff81c0      0x200 load address 0x00003b68
                0x1fff81c0                . = _end
                0x1fff83c0                . = (. + 0x200)
 *fill*         0x1fff81c0      0x200 
                0x1fff83c0                __cy_heap_limit = .

.stack          0x20007800      0x800
                0x20007800                __cy_stack_limit = .
                0x20008000                . = (. + 0x800)
 *fill*         0x20007800      0x800 
                0x00000001                ASSERT ((__cy_stack_limit >= __cy_heap_limit), region RAM overflowed with stack)
                0x00000000                cy_checksum_exclude_size = (CY_APPL_LOADABLE == 0x1)?SIZEOF (.cy_checksum_exclude):0x0
                0x00000001                ASSERT ((cy_checksum_exclude_size <= CY_CHECKSUM_EXCLUDE_SIZE), CY_BOOT: Section .cy_checksum_exclude size exceedes specified limit.)

.cyloadermeta
 *(.cyloadermeta)

.cyloadablemeta
 *(.cyloadablemeta)

.cyconfigecc    0x80000000      0x3a0
 *(.cyconfigecc)
 .cyconfigecc   0x80000000      0x3a0 .\CortexM3\ARM_GCC_541\Debug\cymetadata.o
                0x80000000                cy_meta_configecc

.cycustnvl      0x90000000        0x4
 *(.cycustnvl)
 .cycustnvl     0x90000000        0x4 .\CortexM3\ARM_GCC_541\Debug\cymetadata.o
                0x90000000                cy_meta_custnvl

.cywolatch      0x90100000        0x4
 *(.cywolatch)
 .cywolatch     0x90100000        0x4 .\CortexM3\ARM_GCC_541\Debug\cymetadata.o
                0x90100000                cy_meta_wonvl

.cyeeprom       0x90200000        0x0
 *(.cyeeprom)
                0x00000001                ASSERT ((. <= ((0x90200000 + ee_offset) + ee_size)), .cyeeprom data will not fit in EEPROM)

.cyflashprotect
                0x90400000      0x100
 *(.cyflashprotect)
 .cyflashprotect
                0x90400000      0x100 .\CortexM3\ARM_GCC_541\Debug\cymetadata.o
                0x90400000                cy_meta_flashprotect

.cymeta         0x90500000        0xc
 *(.cymeta)
 .cymeta        0x90500000        0xc .\CortexM3\ARM_GCC_541\Debug\cymetadata.o
                0x90500000                cy_metadata

.rel.dyn        0x00003b68        0x0 load address 0x9050000c
 .rel.iplt      0x00003b68        0x0 c:/program files (x86)/cypress/psoc creator/4.4/psoc creator/import/gnu/arm/5.4.1/bin/../lib/gcc/arm-none-eabi/5.4.1/armv7-m/crtbegin.o

.stab
 *(.stab)

.stabstr
 *(.stabstr)

.debug
 *(.debug)

.line
 *(.line)

.debug_srcinfo
 *(.debug_srcinfo)

.debug_sfnames
 *(.debug_sfnames)

.debug_aranges  0x00000000      0x7f0
 *(.debug_aranges)
 .debug_aranges
                0x00000000       0x20 .\CortexM3\ARM_GCC_541\Debug\main.o
 .debug_aranges
                0x00000020       0x48 .\CortexM3\ARM_GCC_541\Debug\I2C_Interface.o
 .debug_aranges
                0x00000068       0x58 .\CortexM3\ARM_GCC_541\Debug\cyfitter_cfg.o
 .debug_aranges
                0x000000c0       0x18 .\CortexM3\ARM_GCC_541\Debug\cymetadata.o
 .debug_aranges
                0x000000d8       0x48 .\CortexM3\ARM_GCC_541\Debug\Cm3Start.o
 .debug_aranges
                0x00000120       0xf0 .\CortexM3\ARM_GCC_541\Debug\ACC_FIFO.a(UART_1.o)
 .debug_aranges
                0x00000210       0x38 .\CortexM3\ARM_GCC_541\Debug\ACC_FIFO.a(I2C_Master.o)
 .debug_aranges
                0x00000248       0x20 .\CortexM3\ARM_GCC_541\Debug\ACC_FIFO.a(I2C_Master_INT.o)
 .debug_aranges
                0x00000268       0x38 .\CortexM3\ARM_GCC_541\Debug\ACC_FIFO.a(I2C_Master_PM.o)
 .debug_aranges
                0x000002a0       0x80 .\CortexM3\ARM_GCC_541\Debug\ACC_FIFO.a(I2C_Master_MASTER.o)
 .debug_aranges
                0x00000320       0x70 .\CortexM3\ARM_GCC_541\Debug\ACC_FIFO.a(UART_1_IntClock.o)
 .debug_aranges
                0x00000390      0x2a0 .\CortexM3\ARM_GCC_541\Debug\ACC_FIFO.a(CyLib.o)
 .debug_aranges
                0x00000630       0x98 .\CortexM3\ARM_GCC_541\Debug\ACC_FIFO.a(cyPm.o)
 .debug_aranges
                0x000006c8       0x20 .\CortexM3\ARM_GCC_541\Debug\ACC_FIFO.a(CyBootAsmGnu.o)
 .debug_aranges
                0x000006e8       0x88 .\CortexM3\ARM_GCC_541\Debug\ACC_FIFO.a(CyFlash.o)
 .debug_aranges
                0x00000770       0x80 .\CortexM3\ARM_GCC_541\Debug\ACC_FIFO.a(CySpc.o)

.debug_pubnames
 *(.debug_pubnames)

.debug_info     0x00000000     0x5165
 *(.debug_info .gnu.linkonce.wi.*)
 .debug_info    0x00000000      0x5f3 .\CortexM3\ARM_GCC_541\Debug\main.o
 .debug_info    0x000005f3      0x3f9 .\CortexM3\ARM_GCC_541\Debug\I2C_Interface.o
 .debug_info    0x000009ec      0x5a8 .\CortexM3\ARM_GCC_541\Debug\cyfitter_cfg.o
 .debug_info    0x00000f94      0x135 .\CortexM3\ARM_GCC_541\Debug\cymetadata.o
 .debug_info    0x000010c9      0x3bb .\CortexM3\ARM_GCC_541\Debug\Cm3Start.o
 .debug_info    0x00001484      0x60c .\CortexM3\ARM_GCC_541\Debug\ACC_FIFO.a(UART_1.o)
 .debug_info    0x00001a90      0x2ad .\CortexM3\ARM_GCC_541\Debug\ACC_FIFO.a(I2C_Master.o)
 .debug_info    0x00001d3d      0x184 .\CortexM3\ARM_GCC_541\Debug\ACC_FIFO.a(I2C_Master_INT.o)
 .debug_info    0x00001ec1      0x207 .\CortexM3\ARM_GCC_541\Debug\ACC_FIFO.a(I2C_Master_PM.o)
 .debug_info    0x000020c8      0x407 .\CortexM3\ARM_GCC_541\Debug\ACC_FIFO.a(I2C_Master_MASTER.o)
 .debug_info    0x000024cf      0x283 .\CortexM3\ARM_GCC_541\Debug\ACC_FIFO.a(UART_1_IntClock.o)
 .debug_info    0x00002752     0x1374 .\CortexM3\ARM_GCC_541\Debug\ACC_FIFO.a(CyLib.o)
 .debug_info    0x00003ac6      0xa2a .\CortexM3\ARM_GCC_541\Debug\ACC_FIFO.a(cyPm.o)
 .debug_info    0x000044f0       0xd8 .\CortexM3\ARM_GCC_541\Debug\ACC_FIFO.a(CyBootAsmGnu.o)
 .debug_info    0x000045c8      0x64d .\CortexM3\ARM_GCC_541\Debug\ACC_FIFO.a(CyFlash.o)
 .debug_info    0x00004c15      0x550 .\CortexM3\ARM_GCC_541\Debug\ACC_FIFO.a(CySpc.o)

.debug_abbrev   0x00000000     0x1474
 *(.debug_abbrev)
 .debug_abbrev  0x00000000      0x139 .\CortexM3\ARM_GCC_541\Debug\main.o
 .debug_abbrev  0x00000139       0xea .\CortexM3\ARM_GCC_541\Debug\I2C_Interface.o
 .debug_abbrev  0x00000223      0x20d .\CortexM3\ARM_GCC_541\Debug\cyfitter_cfg.o
 .debug_abbrev  0x00000430       0x66 .\CortexM3\ARM_GCC_541\Debug\cymetadata.o
 .debug_abbrev  0x00000496      0x1e8 .\CortexM3\ARM_GCC_541\Debug\Cm3Start.o
 .debug_abbrev  0x0000067e      0x175 .\CortexM3\ARM_GCC_541\Debug\ACC_FIFO.a(UART_1.o)
 .debug_abbrev  0x000007f3      0x10a .\CortexM3\ARM_GCC_541\Debug\ACC_FIFO.a(I2C_Master.o)
 .debug_abbrev  0x000008fd       0xb6 .\CortexM3\ARM_GCC_541\Debug\ACC_FIFO.a(I2C_Master_INT.o)
 .debug_abbrev  0x000009b3       0xfe .\CortexM3\ARM_GCC_541\Debug\ACC_FIFO.a(I2C_Master_PM.o)
 .debug_abbrev  0x00000ab1      0x13c .\CortexM3\ARM_GCC_541\Debug\ACC_FIFO.a(I2C_Master_MASTER.o)
 .debug_abbrev  0x00000bed      0x139 .\CortexM3\ARM_GCC_541\Debug\ACC_FIFO.a(UART_1_IntClock.o)
 .debug_abbrev  0x00000d26      0x254 .\CortexM3\ARM_GCC_541\Debug\ACC_FIFO.a(CyLib.o)
 .debug_abbrev  0x00000f7a      0x1ab .\CortexM3\ARM_GCC_541\Debug\ACC_FIFO.a(cyPm.o)
 .debug_abbrev  0x00001125       0x14 .\CortexM3\ARM_GCC_541\Debug\ACC_FIFO.a(CyBootAsmGnu.o)
 .debug_abbrev  0x00001139      0x1a7 .\CortexM3\ARM_GCC_541\Debug\ACC_FIFO.a(CyFlash.o)
 .debug_abbrev  0x000012e0      0x194 .\CortexM3\ARM_GCC_541\Debug\ACC_FIFO.a(CySpc.o)

.debug_line     0x00000000     0x2398
 *(.debug_line)
 .debug_line    0x00000000      0x2bb .\CortexM3\ARM_GCC_541\Debug\main.o
 .debug_line    0x000002bb      0x1f6 .\CortexM3\ARM_GCC_541\Debug\I2C_Interface.o
 .debug_line    0x000004b1        0x0 .\CortexM3\ARM_GCC_541\Debug\interrupt_Routines.o
 .debug_line    0x000004b1      0x1f3 .\CortexM3\ARM_GCC_541\Debug\cyfitter_cfg.o
 .debug_line    0x000006a4      0x141 .\CortexM3\ARM_GCC_541\Debug\cymetadata.o
 .debug_line    0x000007e5      0x234 .\CortexM3\ARM_GCC_541\Debug\Cm3Start.o
 .debug_line    0x00000a19      0x2c0 .\CortexM3\ARM_GCC_541\Debug\ACC_FIFO.a(UART_1.o)
 .debug_line    0x00000cd9       0xee .\CortexM3\ARM_GCC_541\Debug\ACC_FIFO.a(I2C_Master.o)
 .debug_line    0x00000dc7      0x122 .\CortexM3\ARM_GCC_541\Debug\ACC_FIFO.a(I2C_Master_INT.o)
 .debug_line    0x00000ee9       0xc9 .\CortexM3\ARM_GCC_541\Debug\ACC_FIFO.a(I2C_Master_PM.o)
 .debug_line    0x00000fb2      0x20b .\CortexM3\ARM_GCC_541\Debug\ACC_FIFO.a(I2C_Master_MASTER.o)
 .debug_line    0x000011bd      0x17e .\CortexM3\ARM_GCC_541\Debug\ACC_FIFO.a(UART_1_IntClock.o)
 .debug_line    0x0000133b      0x816 .\CortexM3\ARM_GCC_541\Debug\ACC_FIFO.a(CyLib.o)
 .debug_line    0x00001b51      0x367 .\CortexM3\ARM_GCC_541\Debug\ACC_FIFO.a(cyPm.o)
 .debug_line    0x00001eb8       0x66 .\CortexM3\ARM_GCC_541\Debug\ACC_FIFO.a(CyBootAsmGnu.o)
 .debug_line    0x00001f1e      0x21a .\CortexM3\ARM_GCC_541\Debug\ACC_FIFO.a(CyFlash.o)
 .debug_line    0x00002138      0x260 .\CortexM3\ARM_GCC_541\Debug\ACC_FIFO.a(CySpc.o)

.debug_frame    0x00000000     0x1cb4
 *(.debug_frame)
 .debug_frame   0x00000000       0x3c .\CortexM3\ARM_GCC_541\Debug\main.o
 .debug_frame   0x0000003c       0xd4 .\CortexM3\ARM_GCC_541\Debug\I2C_Interface.o
 .debug_frame   0x00000110       0xe4 .\CortexM3\ARM_GCC_541\Debug\cyfitter_cfg.o
 .debug_frame   0x000001f4       0xb8 .\CortexM3\ARM_GCC_541\Debug\Cm3Start.o
 .debug_frame   0x000002ac      0x250 .\CortexM3\ARM_GCC_541\Debug\ACC_FIFO.a(UART_1.o)
 .debug_frame   0x000004fc       0x94 .\CortexM3\ARM_GCC_541\Debug\ACC_FIFO.a(I2C_Master.o)
 .debug_frame   0x00000590       0x30 .\CortexM3\ARM_GCC_541\Debug\ACC_FIFO.a(I2C_Master_INT.o)
 .debug_frame   0x000005c0       0x74 .\CortexM3\ARM_GCC_541\Debug\ACC_FIFO.a(I2C_Master_PM.o)
 .debug_frame   0x00000634      0x138 .\CortexM3\ARM_GCC_541\Debug\ACC_FIFO.a(I2C_Master_MASTER.o)
 .debug_frame   0x0000076c       0xe0 .\CortexM3\ARM_GCC_541\Debug\ACC_FIFO.a(UART_1_IntClock.o)
 .debug_frame   0x0000084c      0x738 .\CortexM3\ARM_GCC_541\Debug\ACC_FIFO.a(CyLib.o)
 .debug_frame   0x00000f84      0x1f8 .\CortexM3\ARM_GCC_541\Debug\ACC_FIFO.a(cyPm.o)
 .debug_frame   0x0000117c      0x194 .\CortexM3\ARM_GCC_541\Debug\ACC_FIFO.a(CyFlash.o)
 .debug_frame   0x00001310      0x180 .\CortexM3\ARM_GCC_541\Debug\ACC_FIFO.a(CySpc.o)
 .debug_frame   0x00001490       0x20 c:/program files (x86)/cypress/psoc creator/4.4/psoc creator/import/gnu/arm/5.4.1/bin/../lib/gcc/arm-none-eabi/5.4.1/../../../../arm-none-eabi/lib/armv7-m\libg_nano.a(lib_a-errno.o)
 .debug_frame   0x000014b0       0x28 c:/program files (x86)/cypress/psoc creator/4.4/psoc creator/import/gnu/arm/5.4.1/bin/../lib/gcc/arm-none-eabi/5.4.1/../../../../arm-none-eabi/lib/armv7-m\libg_nano.a(lib_a-exit.o)
 .debug_frame   0x000014d8       0x2c c:/program files (x86)/cypress/psoc creator/4.4/psoc creator/import/gnu/arm/5.4.1/bin/../lib/gcc/arm-none-eabi/5.4.1/../../../../arm-none-eabi/lib/armv7-m\libg_nano.a(lib_a-init.o)
 .debug_frame   0x00001504       0x28 c:/program files (x86)/cypress/psoc creator/4.4/psoc creator/import/gnu/arm/5.4.1/bin/../lib/gcc/arm-none-eabi/5.4.1/../../../../arm-none-eabi/lib/armv7-m\libg_nano.a(lib_a-memcpy-stub.o)
 .debug_frame   0x0000152c       0x20 c:/program files (x86)/cypress/psoc creator/4.4/psoc creator/import/gnu/arm/5.4.1/bin/../lib/gcc/arm-none-eabi/5.4.1/../../../../arm-none-eabi/lib/armv7-m\libg_nano.a(lib_a-memset.o)
 .debug_frame   0x0000154c       0x8c c:/program files (x86)/cypress/psoc creator/4.4/psoc creator/import/gnu/arm/5.4.1/bin/../lib/gcc/arm-none-eabi/5.4.1/../../../../arm-none-eabi/lib/armv7-m\libg_nano.a(lib_a-nano-vfprintf_float.o)
 .debug_frame   0x000015d8       0x60 c:/program files (x86)/cypress/psoc creator/4.4/psoc creator/import/gnu/arm/5.4.1/bin/../lib/gcc/arm-none-eabi/5.4.1/../../../../arm-none-eabi/lib/armv7-m\libg_nano.a(lib_a-nano-vfprintf_i.o)
 .debug_frame   0x00001638       0x70 c:/program files (x86)/cypress/psoc creator/4.4/psoc creator/import/gnu/arm/5.4.1/bin/../lib/gcc/arm-none-eabi/5.4.1/../../../../arm-none-eabi/lib/armv7-m\libg_nano.a(lib_a-sprintf.o)
 .debug_frame   0x000016a8       0x6c c:/program files (x86)/cypress/psoc creator/4.4/psoc creator/import/gnu/arm/5.4.1/bin/../lib/gcc/arm-none-eabi/5.4.1/../../../../arm-none-eabi/lib/armv7-m\libg_nano.a(lib_a-dtoa.o)
 .debug_frame   0x00001714       0x98 c:/program files (x86)/cypress/psoc creator/4.4/psoc creator/import/gnu/arm/5.4.1/bin/../lib/gcc/arm-none-eabi/5.4.1/../../../../arm-none-eabi/lib/armv7-m\libg_nano.a(lib_a-locale.o)
 .debug_frame   0x000017ac       0x30 c:/program files (x86)/cypress/psoc creator/4.4/psoc creator/import/gnu/arm/5.4.1/bin/../lib/gcc/arm-none-eabi/5.4.1/../../../../arm-none-eabi/lib/armv7-m\libg_nano.a(lib_a-malloc.o)
 .debug_frame   0x000017dc       0x28 c:/program files (x86)/cypress/psoc creator/4.4/psoc creator/import/gnu/arm/5.4.1/bin/../lib/gcc/arm-none-eabi/5.4.1/../../../../arm-none-eabi/lib/armv7-m\libg_nano.a(lib_a-memchr-stub.o)
 .debug_frame   0x00001804      0x234 c:/program files (x86)/cypress/psoc creator/4.4/psoc creator/import/gnu/arm/5.4.1/bin/../lib/gcc/arm-none-eabi/5.4.1/../../../../arm-none-eabi/lib/armv7-m\libg_nano.a(lib_a-mprec.o)
 .debug_frame   0x00001a38       0x2c c:/program files (x86)/cypress/psoc creator/4.4/psoc creator/import/gnu/arm/5.4.1/bin/../lib/gcc/arm-none-eabi/5.4.1/../../../../arm-none-eabi/lib/armv7-m\libg_nano.a(lib_a-nano-callocr.o)
 .debug_frame   0x00001a64       0x38 c:/program files (x86)/cypress/psoc creator/4.4/psoc creator/import/gnu/arm/5.4.1/bin/../lib/gcc/arm-none-eabi/5.4.1/../../../../arm-none-eabi/lib/armv7-m\libg_nano.a(lib_a-nano-freer.o)
 .debug_frame   0x00001a9c       0x2c c:/program files (x86)/cypress/psoc creator/4.4/psoc creator/import/gnu/arm/5.4.1/bin/../lib/gcc/arm-none-eabi/5.4.1/../../../../arm-none-eabi/lib/armv7-m\libg_nano.a(lib_a-nano-mallocr.o)
 .debug_frame   0x00001ac8       0x90 c:/program files (x86)/cypress/psoc creator/4.4/psoc creator/import/gnu/arm/5.4.1/bin/../lib/gcc/arm-none-eabi/5.4.1/../../../../arm-none-eabi/lib/armv7-m\libg_nano.a(lib_a-nano-svfprintf.o)
 .debug_frame   0x00001b58       0x2c c:/program files (x86)/cypress/psoc creator/4.4/psoc creator/import/gnu/arm/5.4.1/bin/../lib/gcc/arm-none-eabi/5.4.1/../../../../arm-none-eabi/lib/armv7-m\libg_nano.a(lib_a-sbrkr.o)
 .debug_frame   0x00001b84       0x20 c:/program files (x86)/cypress/psoc creator/4.4/psoc creator/import/gnu/arm/5.4.1/bin/../lib/gcc/arm-none-eabi/5.4.1/../../../../arm-none-eabi/lib/armv7-m\libg_nano.a(lib_a-strcmp.o)
 .debug_frame   0x00001ba4       0x28 c:/program files (x86)/cypress/psoc creator/4.4/psoc creator/import/gnu/arm/5.4.1/bin/../lib/gcc/arm-none-eabi/5.4.1/../../../../arm-none-eabi/lib/armv7-m\libg_nano.a(lib_a-memmove.o)
 .debug_frame   0x00001bcc       0x30 c:/program files (x86)/cypress/psoc creator/4.4/psoc creator/import/gnu/arm/5.4.1/bin/../lib/gcc/arm-none-eabi/5.4.1/../../../../arm-none-eabi/lib/armv7-m\libg_nano.a(lib_a-mlock.o)
 .debug_frame   0x00001bfc       0x3c c:/program files (x86)/cypress/psoc creator/4.4/psoc creator/import/gnu/arm/5.4.1/bin/../lib/gcc/arm-none-eabi/5.4.1/../../../../arm-none-eabi/lib/armv7-m\libg_nano.a(lib_a-nano-reallocr.o)
 .debug_frame   0x00001c38       0x5c c:/program files (x86)/cypress/psoc creator/4.4/psoc creator/import/gnu/arm/5.4.1/bin/../lib/gcc/arm-none-eabi/5.4.1/../../../../arm-none-eabi/lib/armv7-m\libg_nano.a(lib_a-reent.o)
 .debug_frame   0x00001c94       0x20 c:/program files (x86)/cypress/psoc creator/4.4/psoc creator/import/gnu/arm/5.4.1/bin/../lib/gcc/arm-none-eabi/5.4.1/../../../../arm-none-eabi/lib/armv7-m\libg_nano.a(lib_a-nano-msizer.o)

.debug_str      0x00000000     0x1da1
 *(.debug_str)
 .debug_str     0x00000000      0x2c9 .\CortexM3\ARM_GCC_541\Debug\main.o
                                0x327 (size before relaxing)
 .debug_str     0x000002c9      0x153 .\CortexM3\ARM_GCC_541\Debug\I2C_Interface.o
                                0x39a (size before relaxing)
 .debug_str     0x0000041c       0x15 .\CortexM3\ARM_GCC_541\Debug\interrupt_Routines.o
                                0x12d (size before relaxing)
 .debug_str     0x00000431      0x1b6 .\CortexM3\ARM_GCC_541\Debug\cyfitter_cfg.o
                                0x38c (size before relaxing)
 .debug_str     0x000005e7       0x75 .\CortexM3\ARM_GCC_541\Debug\cymetadata.o
                                0x22c (size before relaxing)
 .debug_str     0x0000065c      0x144 .\CortexM3\ARM_GCC_541\Debug\Cm3Start.o
                                0x352 (size before relaxing)
 .debug_str     0x000007a0      0x2f4 .\CortexM3\ARM_GCC_541\Debug\ACC_FIFO.a(UART_1.o)
                                0x4fb (size before relaxing)
 .debug_str     0x00000a94      0x13f .\CortexM3\ARM_GCC_541\Debug\ACC_FIFO.a(I2C_Master.o)
                                0x37d (size before relaxing)
 .debug_str     0x00000bd3       0xb7 .\CortexM3\ARM_GCC_541\Debug\ACC_FIFO.a(I2C_Master_INT.o)
                                0x2f4 (size before relaxing)
 .debug_str     0x00000c8a       0x79 .\CortexM3\ARM_GCC_541\Debug\ACC_FIFO.a(I2C_Master_PM.o)
                                0x304 (size before relaxing)
 .debug_str     0x00000d03      0x150 .\CortexM3\ARM_GCC_541\Debug\ACC_FIFO.a(I2C_Master_MASTER.o)
                                0x48d (size before relaxing)
 .debug_str     0x00000e53      0x197 .\CortexM3\ARM_GCC_541\Debug\ACC_FIFO.a(UART_1_IntClock.o)
                                0x396 (size before relaxing)
 .debug_str     0x00000fea      0x7eb .\CortexM3\ARM_GCC_541\Debug\ACC_FIFO.a(CyLib.o)
                                0xa8f (size before relaxing)
 .debug_str     0x000017d5      0x365 .\CortexM3\ARM_GCC_541\Debug\ACC_FIFO.a(cyPm.o)
                                0x77b (size before relaxing)
 .debug_str     0x00001b3a      0x1bb .\CortexM3\ARM_GCC_541\Debug\ACC_FIFO.a(CyFlash.o)
                                0x408 (size before relaxing)
 .debug_str     0x00001cf5       0xac .\CortexM3\ARM_GCC_541\Debug\ACC_FIFO.a(CySpc.o)
                                0x380 (size before relaxing)

.debug_loc      0x00000000     0x2760
 *(.debug_loc)
 .debug_loc     0x00000000      0x175 .\CortexM3\ARM_GCC_541\Debug\main.o
 .debug_loc     0x00000175      0x24a .\CortexM3\ARM_GCC_541\Debug\I2C_Interface.o
 .debug_loc     0x000003bf      0x289 .\CortexM3\ARM_GCC_541\Debug\cyfitter_cfg.o
 .debug_loc     0x00000648      0x144 .\CortexM3\ARM_GCC_541\Debug\Cm3Start.o
 .debug_loc     0x0000078c      0x258 .\CortexM3\ARM_GCC_541\Debug\ACC_FIFO.a(UART_1.o)
 .debug_loc     0x000009e4       0x39 .\CortexM3\ARM_GCC_541\Debug\ACC_FIFO.a(I2C_Master.o)
 .debug_loc     0x00000a1d       0x29 .\CortexM3\ARM_GCC_541\Debug\ACC_FIFO.a(I2C_Master_INT.o)
 .debug_loc     0x00000a46       0x13 .\CortexM3\ARM_GCC_541\Debug\ACC_FIFO.a(I2C_Master_PM.o)
 .debug_loc     0x00000a59      0x52f .\CortexM3\ARM_GCC_541\Debug\ACC_FIFO.a(I2C_Master_MASTER.o)
 .debug_loc     0x00000f88      0x12c .\CortexM3\ARM_GCC_541\Debug\ACC_FIFO.a(UART_1_IntClock.o)
 .debug_loc     0x000010b4      0xa11 .\CortexM3\ARM_GCC_541\Debug\ACC_FIFO.a(CyLib.o)
 .debug_loc     0x00001ac5      0x1e4 .\CortexM3\ARM_GCC_541\Debug\ACC_FIFO.a(cyPm.o)
 .debug_loc     0x00001ca9      0x3b2 .\CortexM3\ARM_GCC_541\Debug\ACC_FIFO.a(CyFlash.o)
 .debug_loc     0x0000205b      0x705 .\CortexM3\ARM_GCC_541\Debug\ACC_FIFO.a(CySpc.o)

.debug_macinfo
 *(.debug_macinfo)

.debug_ranges   0x00000000      0x6f0
 *(.debug_ranges)
 .debug_ranges  0x00000000       0x10 .\CortexM3\ARM_GCC_541\Debug\main.o
 .debug_ranges  0x00000010       0x50 .\CortexM3\ARM_GCC_541\Debug\I2C_Interface.o
 .debug_ranges  0x00000060       0x48 .\CortexM3\ARM_GCC_541\Debug\cyfitter_cfg.o
 .debug_ranges  0x000000a8       0x38 .\CortexM3\ARM_GCC_541\Debug\Cm3Start.o
 .debug_ranges  0x000000e0       0xe0 .\CortexM3\ARM_GCC_541\Debug\ACC_FIFO.a(UART_1.o)
 .debug_ranges  0x000001c0       0x28 .\CortexM3\ARM_GCC_541\Debug\ACC_FIFO.a(I2C_Master.o)
 .debug_ranges  0x000001e8       0x10 .\CortexM3\ARM_GCC_541\Debug\ACC_FIFO.a(I2C_Master_INT.o)
 .debug_ranges  0x000001f8       0x28 .\CortexM3\ARM_GCC_541\Debug\ACC_FIFO.a(I2C_Master_PM.o)
 .debug_ranges  0x00000220       0x70 .\CortexM3\ARM_GCC_541\Debug\ACC_FIFO.a(I2C_Master_MASTER.o)
 .debug_ranges  0x00000290       0x60 .\CortexM3\ARM_GCC_541\Debug\ACC_FIFO.a(UART_1_IntClock.o)
 .debug_ranges  0x000002f0      0x290 .\CortexM3\ARM_GCC_541\Debug\ACC_FIFO.a(CyLib.o)
 .debug_ranges  0x00000580       0x88 .\CortexM3\ARM_GCC_541\Debug\ACC_FIFO.a(cyPm.o)
 .debug_ranges  0x00000608       0x78 .\CortexM3\ARM_GCC_541\Debug\ACC_FIFO.a(CyFlash.o)
 .debug_ranges  0x00000680       0x70 .\CortexM3\ARM_GCC_541\Debug\ACC_FIFO.a(CySpc.o)

.comment        0x00000000       0x6e
 .comment       0x00000000       0x6e .\CortexM3\ARM_GCC_541\Debug\main.o
                                 0x6f (size before relaxing)
 .comment       0x0000006e       0x6f .\CortexM3\ARM_GCC_541\Debug\I2C_Interface.o
 .comment       0x0000006e       0x6f .\CortexM3\ARM_GCC_541\Debug\interrupt_Routines.o
 .comment       0x0000006e       0x6f .\CortexM3\ARM_GCC_541\Debug\cyfitter_cfg.o
 .comment       0x0000006e       0x6f .\CortexM3\ARM_GCC_541\Debug\cymetadata.o
 .comment       0x0000006e       0x6f .\CortexM3\ARM_GCC_541\Debug\Cm3Start.o
 .comment       0x0000006e       0x6f .\CortexM3\ARM_GCC_541\Debug\ACC_FIFO.a(UART_1.o)
 .comment       0x0000006e       0x6f .\CortexM3\ARM_GCC_541\Debug\ACC_FIFO.a(I2C_Master.o)
 .comment       0x0000006e       0x6f .\CortexM3\ARM_GCC_541\Debug\ACC_FIFO.a(I2C_Master_INT.o)
 .comment       0x0000006e       0x6f .\CortexM3\ARM_GCC_541\Debug\ACC_FIFO.a(I2C_Master_PM.o)
 .comment       0x0000006e       0x6f .\CortexM3\ARM_GCC_541\Debug\ACC_FIFO.a(I2C_Master_MASTER.o)
 .comment       0x0000006e       0x6f .\CortexM3\ARM_GCC_541\Debug\ACC_FIFO.a(UART_1_IntClock.o)
 .comment       0x0000006e       0x6f .\CortexM3\ARM_GCC_541\Debug\ACC_FIFO.a(CyLib.o)
 .comment       0x0000006e       0x6f .\CortexM3\ARM_GCC_541\Debug\ACC_FIFO.a(cyPm.o)
 .comment       0x0000006e       0x6f .\CortexM3\ARM_GCC_541\Debug\ACC_FIFO.a(CyFlash.o)
 .comment       0x0000006e       0x6f .\CortexM3\ARM_GCC_541\Debug\ACC_FIFO.a(CySpc.o)

.debug_weaknames
 *(.debug_weaknames)

.debug_funcnames
 *(.debug_funcnames)

.debug_typenames
 *(.debug_typenames)

.debug_varnames
 *(.debug_varnames)

.note.gnu.arm.ident
 *(.note.gnu.arm.ident)

.ARM.attributes
                0x00000000       0x29
 *(.ARM.attributes)
 .ARM.attributes
                0x00000000       0x1d c:/program files (x86)/cypress/psoc creator/4.4/psoc creator/import/gnu/arm/5.4.1/bin/../lib/gcc/arm-none-eabi/5.4.1/armv7-m/crti.o
 .ARM.attributes
                0x0000001d       0x2d c:/program files (x86)/cypress/psoc creator/4.4/psoc creator/import/gnu/arm/5.4.1/bin/../lib/gcc/arm-none-eabi/5.4.1/armv7-m/crtbegin.o
 .ARM.attributes
                0x0000004a       0x1b c:/program files (x86)/cypress/psoc creator/4.4/psoc creator/import/gnu/arm/5.4.1/bin/../lib/gcc/arm-none-eabi/5.4.1/../../../../arm-none-eabi/lib/armv7-m/crt0.o
 .ARM.attributes
                0x00000065       0x33 .\CortexM3\ARM_GCC_541\Debug\main.o
 .ARM.attributes
                0x00000098       0x33 .\CortexM3\ARM_GCC_541\Debug\I2C_Interface.o
 .ARM.attributes
                0x000000cb       0x33 .\CortexM3\ARM_GCC_541\Debug\interrupt_Routines.o
 .ARM.attributes
                0x000000fe       0x33 .\CortexM3\ARM_GCC_541\Debug\cyfitter_cfg.o
 .ARM.attributes
                0x00000131       0x33 .\CortexM3\ARM_GCC_541\Debug\cymetadata.o
 .ARM.attributes
                0x00000164       0x33 .\CortexM3\ARM_GCC_541\Debug\Cm3Start.o
 .ARM.attributes
                0x00000197       0x33 .\CortexM3\ARM_GCC_541\Debug\ACC_FIFO.a(UART_1.o)
 .ARM.attributes
                0x000001ca       0x33 .\CortexM3\ARM_GCC_541\Debug\ACC_FIFO.a(I2C_Master.o)
 .ARM.attributes
                0x000001fd       0x33 .\CortexM3\ARM_GCC_541\Debug\ACC_FIFO.a(I2C_Master_INT.o)
 .ARM.attributes
                0x00000230       0x33 .\CortexM3\ARM_GCC_541\Debug\ACC_FIFO.a(I2C_Master_PM.o)
 .ARM.attributes
                0x00000263       0x33 .\CortexM3\ARM_GCC_541\Debug\ACC_FIFO.a(I2C_Master_MASTER.o)
 .ARM.attributes
                0x00000296       0x33 .\CortexM3\ARM_GCC_541\Debug\ACC_FIFO.a(UART_1_IntClock.o)
 .ARM.attributes
                0x000002c9       0x33 .\CortexM3\ARM_GCC_541\Debug\ACC_FIFO.a(CyLib.o)
 .ARM.attributes
                0x000002fc       0x33 .\CortexM3\ARM_GCC_541\Debug\ACC_FIFO.a(cyPm.o)
 .ARM.attributes
                0x0000032f       0x21 .\CortexM3\ARM_GCC_541\Debug\ACC_FIFO.a(CyBootAsmGnu.o)
 .ARM.attributes
                0x00000350       0x33 .\CortexM3\ARM_GCC_541\Debug\ACC_FIFO.a(CyFlash.o)
 .ARM.attributes
                0x00000383       0x33 .\CortexM3\ARM_GCC_541\Debug\ACC_FIFO.a(CySpc.o)
 .ARM.attributes
                0x000003b6       0x1d c:/program files (x86)/cypress/psoc creator/4.4/psoc creator/import/gnu/arm/5.4.1/bin/../lib/gcc/arm-none-eabi/5.4.1/armv7-m\libgcc.a(_arm_addsubdf3.o)
 .ARM.attributes
                0x000003d3       0x1d c:/program files (x86)/cypress/psoc creator/4.4/psoc creator/import/gnu/arm/5.4.1/bin/../lib/gcc/arm-none-eabi/5.4.1/armv7-m\libgcc.a(_arm_muldivdf3.o)
 .ARM.attributes
                0x000003f0       0x1d c:/program files (x86)/cypress/psoc creator/4.4/psoc creator/import/gnu/arm/5.4.1/bin/../lib/gcc/arm-none-eabi/5.4.1/armv7-m\libgcc.a(_arm_truncdfsf2.o)
 .ARM.attributes
                0x0000040d       0x2d c:/program files (x86)/cypress/psoc creator/4.4/psoc creator/import/gnu/arm/5.4.1/bin/../lib/gcc/arm-none-eabi/5.4.1/../../../../arm-none-eabi/lib/armv7-m\libg_nano.a(lib_a-errno.o)
 .ARM.attributes
                0x0000043a       0x2d c:/program files (x86)/cypress/psoc creator/4.4/psoc creator/import/gnu/arm/5.4.1/bin/../lib/gcc/arm-none-eabi/5.4.1/../../../../arm-none-eabi/lib/armv7-m\libg_nano.a(lib_a-exit.o)
 .ARM.attributes
                0x00000467       0x2d c:/program files (x86)/cypress/psoc creator/4.4/psoc creator/import/gnu/arm/5.4.1/bin/../lib/gcc/arm-none-eabi/5.4.1/../../../../arm-none-eabi/lib/armv7-m\libg_nano.a(lib_a-impure.o)
 .ARM.attributes
                0x00000494       0x2d c:/program files (x86)/cypress/psoc creator/4.4/psoc creator/import/gnu/arm/5.4.1/bin/../lib/gcc/arm-none-eabi/5.4.1/../../../../arm-none-eabi/lib/armv7-m\libg_nano.a(lib_a-init.o)
 .ARM.attributes
                0x000004c1       0x2d c:/program files (x86)/cypress/psoc creator/4.4/psoc creator/import/gnu/arm/5.4.1/bin/../lib/gcc/arm-none-eabi/5.4.1/../../../../arm-none-eabi/lib/armv7-m\libg_nano.a(lib_a-memcpy-stub.o)
 .ARM.attributes
                0x000004ee       0x2d c:/program files (x86)/cypress/psoc creator/4.4/psoc creator/import/gnu/arm/5.4.1/bin/../lib/gcc/arm-none-eabi/5.4.1/../../../../arm-none-eabi/lib/armv7-m\libg_nano.a(lib_a-memset.o)
 .ARM.attributes
                0x0000051b       0x2d c:/program files (x86)/cypress/psoc creator/4.4/psoc creator/import/gnu/arm/5.4.1/bin/../lib/gcc/arm-none-eabi/5.4.1/../../../../arm-none-eabi/lib/armv7-m\libg_nano.a(lib_a-nano-vfprintf_float.o)
 .ARM.attributes
                0x00000548       0x2d c:/program files (x86)/cypress/psoc creator/4.4/psoc creator/import/gnu/arm/5.4.1/bin/../lib/gcc/arm-none-eabi/5.4.1/../../../../arm-none-eabi/lib/armv7-m\libg_nano.a(lib_a-nano-vfprintf_i.o)
 .ARM.attributes
                0x00000575       0x2d c:/program files (x86)/cypress/psoc creator/4.4/psoc creator/import/gnu/arm/5.4.1/bin/../lib/gcc/arm-none-eabi/5.4.1/../../../../arm-none-eabi/lib/armv7-m\libg_nano.a(lib_a-sprintf.o)
 .ARM.attributes
                0x000005a2       0x17 c:/program files (x86)/cypress/psoc creator/4.4/psoc creator/import/gnu/arm/5.4.1/bin/../lib/gcc/arm-none-eabi/5.4.1/../../../../arm-none-eabi/lib/armv7-m\libg_nano.a(lib_a-strlen.o)
 .ARM.attributes
                0x000005b9       0x2d c:/program files (x86)/cypress/psoc creator/4.4/psoc creator/import/gnu/arm/5.4.1/bin/../lib/gcc/arm-none-eabi/5.4.1/../../../../arm-none-eabi/lib/armv7-m\libg_nano.a(lib_a-dtoa.o)
 .ARM.attributes
                0x000005e6       0x2d c:/program files (x86)/cypress/psoc creator/4.4/psoc creator/import/gnu/arm/5.4.1/bin/../lib/gcc/arm-none-eabi/5.4.1/../../../../arm-none-eabi/lib/armv7-m\libg_nano.a(lib_a-locale.o)
 .ARM.attributes
                0x00000613       0x2d c:/program files (x86)/cypress/psoc creator/4.4/psoc creator/import/gnu/arm/5.4.1/bin/../lib/gcc/arm-none-eabi/5.4.1/../../../../arm-none-eabi/lib/armv7-m\libg_nano.a(lib_a-malloc.o)
 .ARM.attributes
                0x00000640       0x2d c:/program files (x86)/cypress/psoc creator/4.4/psoc creator/import/gnu/arm/5.4.1/bin/../lib/gcc/arm-none-eabi/5.4.1/../../../../arm-none-eabi/lib/armv7-m\libg_nano.a(lib_a-memchr-stub.o)
 .ARM.attributes
                0x0000066d       0x2d c:/program files (x86)/cypress/psoc creator/4.4/psoc creator/import/gnu/arm/5.4.1/bin/../lib/gcc/arm-none-eabi/5.4.1/../../../../arm-none-eabi/lib/armv7-m\libg_nano.a(lib_a-mprec.o)
 .ARM.attributes
                0x0000069a       0x2d c:/program files (x86)/cypress/psoc creator/4.4/psoc creator/import/gnu/arm/5.4.1/bin/../lib/gcc/arm-none-eabi/5.4.1/../../../../arm-none-eabi/lib/armv7-m\libg_nano.a(lib_a-nano-callocr.o)
 .ARM.attributes
                0x000006c7       0x2d c:/program files (x86)/cypress/psoc creator/4.4/psoc creator/import/gnu/arm/5.4.1/bin/../lib/gcc/arm-none-eabi/5.4.1/../../../../arm-none-eabi/lib/armv7-m\libg_nano.a(lib_a-nano-freer.o)
 .ARM.attributes
                0x000006f4       0x2d c:/program files (x86)/cypress/psoc creator/4.4/psoc creator/import/gnu/arm/5.4.1/bin/../lib/gcc/arm-none-eabi/5.4.1/../../../../arm-none-eabi/lib/armv7-m\libg_nano.a(lib_a-nano-mallocr.o)
 .ARM.attributes
                0x00000721       0x2d c:/program files (x86)/cypress/psoc creator/4.4/psoc creator/import/gnu/arm/5.4.1/bin/../lib/gcc/arm-none-eabi/5.4.1/../../../../arm-none-eabi/lib/armv7-m\libg_nano.a(lib_a-nano-svfprintf.o)
 .ARM.attributes
                0x0000074e       0x2d c:/program files (x86)/cypress/psoc creator/4.4/psoc creator/import/gnu/arm/5.4.1/bin/../lib/gcc/arm-none-eabi/5.4.1/../../../../arm-none-eabi/lib/armv7-m\libg_nano.a(lib_a-sbrkr.o)
 .ARM.attributes
                0x0000077b       0x1b c:/program files (x86)/cypress/psoc creator/4.4/psoc creator/import/gnu/arm/5.4.1/bin/../lib/gcc/arm-none-eabi/5.4.1/../../../../arm-none-eabi/lib/armv7-m\libg_nano.a(lib_a-strcmp.o)
 .ARM.attributes
                0x00000796       0x2d c:/program files (x86)/cypress/psoc creator/4.4/psoc creator/import/gnu/arm/5.4.1/bin/../lib/gcc/arm-none-eabi/5.4.1/../../../../arm-none-eabi/lib/armv7-m\libg_nano.a(lib_a-memmove.o)
 .ARM.attributes
                0x000007c3       0x2d c:/program files (x86)/cypress/psoc creator/4.4/psoc creator/import/gnu/arm/5.4.1/bin/../lib/gcc/arm-none-eabi/5.4.1/../../../../arm-none-eabi/lib/armv7-m\libg_nano.a(lib_a-mlock.o)
 .ARM.attributes
                0x000007f0       0x2d c:/program files (x86)/cypress/psoc creator/4.4/psoc creator/import/gnu/arm/5.4.1/bin/../lib/gcc/arm-none-eabi/5.4.1/../../../../arm-none-eabi/lib/armv7-m\libg_nano.a(lib_a-nano-reallocr.o)
 .ARM.attributes
                0x0000081d       0x2d c:/program files (x86)/cypress/psoc creator/4.4/psoc creator/import/gnu/arm/5.4.1/bin/../lib/gcc/arm-none-eabi/5.4.1/../../../../arm-none-eabi/lib/armv7-m\libg_nano.a(lib_a-reent.o)
 .ARM.attributes
                0x0000084a       0x2d c:/program files (x86)/cypress/psoc creator/4.4/psoc creator/import/gnu/arm/5.4.1/bin/../lib/gcc/arm-none-eabi/5.4.1/../../../../arm-none-eabi/lib/armv7-m\libg_nano.a(lib_a-nano-msizer.o)
 .ARM.attributes
                0x00000877       0x1d c:/program files (x86)/cypress/psoc creator/4.4/psoc creator/import/gnu/arm/5.4.1/bin/../lib/gcc/arm-none-eabi/5.4.1/armv7-m\libgcc.a(_arm_cmpdf2.o)
 .ARM.attributes
                0x00000894       0x1d c:/program files (x86)/cypress/psoc creator/4.4/psoc creator/import/gnu/arm/5.4.1/bin/../lib/gcc/arm-none-eabi/5.4.1/armv7-m\libgcc.a(_arm_unorddf2.o)
 .ARM.attributes
                0x000008b1       0x1d c:/program files (x86)/cypress/psoc creator/4.4/psoc creator/import/gnu/arm/5.4.1/bin/../lib/gcc/arm-none-eabi/5.4.1/armv7-m\libgcc.a(_arm_fixdfsi.o)
 .ARM.attributes
                0x000008ce       0x2d c:/program files (x86)/cypress/psoc creator/4.4/psoc creator/import/gnu/arm/5.4.1/bin/../lib/gcc/arm-none-eabi/5.4.1/armv7-m/crtend.o
 .ARM.attributes
                0x000008fb       0x1d c:/program files (x86)/cypress/psoc creator/4.4/psoc creator/import/gnu/arm/5.4.1/bin/../lib/gcc/arm-none-eabi/5.4.1/armv7-m/crtn.o

/DISCARD/
 *(.note.GNU-stack)
OUTPUT(C:\Users\Martina\Documents\Ing.Biomedica Magistrale\2 ANNO\Lab biosensori\PROGETTO\Repository_progetto\LTEBS-PROJECT-RR\RR\ACC_FIFO.cydsn\CortexM3\ARM_GCC_541\Debug\ACC_FIFO.elf elf32-littlearm)
