ARM GAS  C:\Users\Gaia Di Federico\AppData\Local\Temp\ccNr9l84.s 			page 1


   1              		.syntax unified
   2              		.cpu cortex-m3
   3              		.fpu softvfp
   4              		.eabi_attribute 20, 1
   5              		.eabi_attribute 21, 1
   6              		.eabi_attribute 23, 3
   7              		.eabi_attribute 24, 1
   8              		.eabi_attribute 25, 1
   9              		.eabi_attribute 26, 1
  10              		.eabi_attribute 30, 1
  11              		.eabi_attribute 34, 1
  12              		.eabi_attribute 18, 4
  13              		.thumb
  14              		.syntax unified
  15              		.file	"interrupt_Routines.c"
  16              		.text
  17              	.Ltext0:
  18              		.cfi_sections	.debug_frame
  19              	.Letext0:
  20              		.section	.debug_line,"",%progbits
  21              	.Ldebug_line0:
  22              		.section	.debug_str,"MS",%progbits,1
  23              	.LASF0:
  24 0000 433A5C55 		.ascii	"C:\\Users\\Gaia Di Federico\\Documents\\LM II Anno\\"
  24      73657273 
  24      5C476169 
  24      61204469 
  24      20466564 
  25 002f 4C61626F 		.ascii	"Laboratorio tecnologie elettroniche\\LTEBS-PROJECT-"
  25      7261746F 
  25      72696F20 
  25      7465636E 
  25      6F6C6F67 
  26 0061 52525C52 		.ascii	"RR\\RR\\ACC_FIFO.cydsn\000"
  26      525C4143 
  26      435F4649 
  26      464F2E63 
  26      7964736E 
  27              	.LASF1:
  28 0076 474E5520 		.ascii	"GNU C11 5.4.1 20160609 (release) [ARM/embedded-5-br"
  28      43313120 
  28      352E342E 
  28      31203230 
  28      31363036 
  29 00a9 616E6368 		.ascii	"anch revision 237715] -mcpu=cortex-m3 -mthumb -g -O"
  29      20726576 
  29      6973696F 
  29      6E203233 
  29      37373135 
  30 00dc 67202D66 		.ascii	"g -ffunction-sections -ffat-lto-objects\000"
  30      66756E63 
  30      74696F6E 
  30      2D736563 
  30      74696F6E 
  31              	.LASF2:
  32 0104 696E7465 		.ascii	"interrupt_Routines.c\000"
  32      72727570 
ARM GAS  C:\Users\Gaia Di Federico\AppData\Local\Temp\ccNr9l84.s 			page 2


  32      745F526F 
  32      7574696E 
  32      65732E63 
  33              		.ident	"GCC: (GNU Tools for ARM Embedded Processors) 5.4.1 20160609 (release) [ARM/embedded-5-bran
